
=== n=8 (L=6, epochs=120, seeds=2, lr=0.10) 4 방법 ===
  n=8 uniform         best=0.3822 mean=0.4925 spread=0.2205 (199s)
  n=8 near_identity   best=0.0220 mean=0.3286 spread=0.6131 (196s)
  n=8 identity_block  best=0.0055 mean=0.2634 spread=0.5159 (229s)
  n=8 layerwise       best=0.4232 mean=0.4241 spread=0.0018 (106s)
  [grad] uniform Var=1.341e-03 | identity-block Var=3.428e-03 (2.6x)

[저장] results2/strong_bp_mitigation/strong_bp_smoke.json
/home/elicer/IOTJ/qcbm/tools/exp_strong_bp_mitigation.py:261: UserWarning: Glyph 48372 (\N{HANGUL SYLLABLE BO}) missing from font(s) DejaVu Sans.
  plt.tight_layout()
/home/elicer/IOTJ/qcbm/tools/exp_strong_bp_mitigation.py:261: UserWarning: Glyph 51316 (\N{HANGUL SYLLABLE JON}) missing from font(s) DejaVu Sans.
  plt.tight_layout()
/home/elicer/IOTJ/qcbm/tools/exp_strong_bp_mitigation.py:261: UserWarning: Glyph 50756 (\N{HANGUL SYLLABLE WAN}) missing from font(s) DejaVu Sans.
  plt.tight_layout()
/home/elicer/IOTJ/qcbm/tools/exp_strong_bp_mitigation.py:261: UserWarning: Glyph 54868 (\N{HANGUL SYLLABLE HWA}) missing from font(s) DejaVu Sans.
  plt.tight_layout()
/home/elicer/IOTJ/qcbm/tools/exp_strong_bp_mitigation.py:262: UserWarning: Glyph 48372 (\N{HANGUL SYLLABLE BO}) missing from font(s) DejaVu Sans.
  plt.savefig(os.path.join(OUTDIR, "strong_bp%s.png" % ("" if tag == "run" else "_" + tag)), dpi=120); plt.close()
/home/elicer/IOTJ/qcbm/tools/exp_strong_bp_mitigation.py:262: UserWarning: Glyph 51316 (\N{HANGUL SYLLABLE JON}) missing from font(s) DejaVu Sans.
  plt.savefig(os.path.join(OUTDIR, "strong_bp%s.png" % ("" if tag == "run" else "_" + tag)), dpi=120); plt.close()
/home/elicer/IOTJ/qcbm/tools/exp_strong_bp_mitigation.py:262: UserWarning: Glyph 50756 (\N{HANGUL SYLLABLE WAN}) missing from font(s) DejaVu Sans.
  plt.savefig(os.path.join(OUTDIR, "strong_bp%s.png" % ("" if tag == "run" else "_" + tag)), dpi=120); plt.close()
/home/elicer/IOTJ/qcbm/tools/exp_strong_bp_mitigation.py:262: UserWarning: Glyph 54868 (\N{HANGUL SYLLABLE HWA}) missing from font(s) DejaVu Sans.
  plt.savefig(os.path.join(OUTDIR, "strong_bp%s.png" % ("" if tag == "run" else "_" + tag)), dpi=120); plt.close()
[저장] strong_bp png
