
===== SWEEP  N=inf  (seeds=5) =====
  λ=0.000 CF=0.000(이론0.000) | KLq=-0.0000 KLc*=0.0000(H2) | gap=+0.0000 (σ0.0000)
  λ=0.100 CF=0.000(이론0.000) | KLq=0.0000 KLc*=0.0025(H2) | gap=+0.0025 (σ0.0000)
  λ=0.200 CF=0.000(이론0.000) | KLq=0.0000 KLc*=0.0101(H2) | gap=+0.0101 (σ0.0000)
  λ=0.300 CF=0.000(이론0.000) | KLq=-0.0000 KLc*=0.0229(H2) | gap=+0.0229 (σ0.0000)
  λ=0.400 CF=0.000(이론0.000) | KLq=0.0000 KLc*=0.0411(H2) | gap=+0.0411 (σ0.0000)
  λ=0.450 CF=0.000(이론0.000) | KLq=0.0000 KLc*=0.0525(H2) | gap=+0.0525 (σ0.0000)
  λ=0.475 CF=0.000(이론0.000) | KLq=0.0000 KLc*=0.0587(H2) | gap=+0.0587 (σ0.0000)
  λ=0.500 CF=0.000(이론0.000) | KLq=0.0000 KLc*=0.0654(H2) | gap=+0.0654 (σ0.0000)
  λ=0.525 CF=0.050(이론0.050) | KLq=0.0000 KLc*=0.0725(H2) | gap=+0.0725 (σ0.0000)
  λ=0.550 CF=0.100(이론0.100) | KLq=0.0000 KLc*=0.0800(H2) | gap=+0.0800 (σ0.0000)
  λ=0.575 CF=0.150(이론0.150) | KLq=0.0000 KLc*=0.0879(H2) | gap=+0.0879 (σ0.0000)
  λ=0.600 CF=0.200(이론0.200) | KLq=0.0000 KLc*=0.0964(H2) | gap=+0.0964 (σ0.0000)
  λ=0.700 CF=0.400(이론0.400) | KLq=0.0000 KLc*=0.1352(H2) | gap=+0.1352 (σ0.0000)
  λ=0.800 CF=0.600(이론0.600) | KLq=0.0095 KLc*=0.1840(H2) | gap=+0.1745 (σ0.0000)
  λ=0.900 CF=0.800(이론0.800) | KLq=0.0480 KLc*=0.2473(H2) | gap=+0.1993 (σ0.0000)
  λ=1.000 CF=1.000(이론1.000) | KLq=0.1583 KLc*=0.3466(H2) | gap=+0.1882 (σ0.0000)

===== SWEEP  N=5000  (seeds=5) =====
  λ=0.000 CF=0.000(이론0.000) | KLq=0.0006 KLc*=0.0006(H2) | gap=-0.0000 (σ0.0001)
  λ=0.100 CF=0.000(이론0.000) | KLq=0.0007 KLc*=0.0030(H2) | gap=+0.0023 (σ0.0003)
  λ=0.200 CF=0.000(이론0.000) | KLq=0.0008 KLc*=0.0106(H2) | gap=+0.0098 (σ0.0002)
  λ=0.300 CF=0.000(이론0.000) | KLq=0.0007 KLc*=0.0233(H2) | gap=+0.0226 (σ0.0002)
  λ=0.400 CF=0.000(이론0.000) | KLq=0.0008 KLc*=0.0419(H2) | gap=+0.0411 (σ0.0002)
  λ=0.450 CF=0.000(이론0.000) | KLq=0.0004 KLc*=0.0528(H2) | gap=+0.0524 (σ0.0002)
  λ=0.475 CF=0.000(이론0.000) | KLq=0.0009 KLc*=0.0594(H2) | gap=+0.0585 (σ0.0002)
  λ=0.500 CF=0.000(이론0.000) | KLq=0.0008 KLc*=0.0662(H2) | gap=+0.0653 (σ0.0002)
  λ=0.525 CF=0.050(이론0.050) | KLq=0.0010 KLc*=0.0732(H2) | gap=+0.0722 (σ0.0004)
  λ=0.550 CF=0.100(이론0.100) | KLq=0.0004 KLc*=0.0804(H2) | gap=+0.0800 (σ0.0003)
  λ=0.575 CF=0.150(이론0.150) | KLq=0.0009 KLc*=0.0886(H2) | gap=+0.0877 (σ0.0002)
  λ=0.600 CF=0.200(이론0.200) | KLq=0.0010 KLc*=0.0972(H2) | gap=+0.0962 (σ0.0003)
  λ=0.700 CF=0.400(이론0.400) | KLq=0.0007 KLc*=0.1359(H2) | gap=+0.1352 (σ0.0003)
  λ=0.800 CF=0.600(이론0.600) | KLq=0.0098 KLc*=0.1846(H2) | gap=+0.1748 (σ0.0001)
  λ=0.900 CF=0.800(이론0.800) | KLq=0.0484 KLc*=0.2481(H2) | gap=+0.1997 (σ0.0003)
  λ=1.000 CF=1.000(이론1.000) | KLq=0.1586 KLc*=0.3468(H2) | gap=+0.1882 (σ0.0000)

===== P4 인과대조 (e_SC=완전상관 CF=0 상자) =====
  λ=0.000 CF=0.000 | gap=-0.0000
  λ=0.200 CF=0.000 | gap=-0.0003
  λ=0.400 CF=0.000 | gap=-0.0000
  λ=0.500 CF=0.000 | gap=-0.0001
  λ=0.600 CF=0.000 | gap=-0.0001
  λ=0.800 CF=0.000 | gap=-0.0001
  λ=1.000 CF=0.000 | gap=-0.0000

[저장] results2/gap_cf/gap_cf.json (CF self-check maxdiff=0.0000)
[저장] results2/gap_cf/gap_cf.png
