[disjoint] 예산 P=54 | QCBM-MMD/KL params=54 | NMF rank=3 | MLP hidden=7 | n=6 N=80000 epochs=250 restarts=3
[07:04:49]   [synth seed  0] ep    0/250  MMD^2=3.04610e-01  |grad|=6.078e-02  (0.2s)
[07:05:28]   [synth seed  0] ep  249/250  MMD^2=1.35363e-02  |grad|=4.525e-05  (39.2s)
[07:05:28]   [synth seed  0] 완료 MMD^2=1.3536e-02 TV=0.2358 |grad|_fin=4.525e-05 (39.2s)
[07:05:29]   [synth seed  1] ep    0/250  MMD^2=3.16780e-01  |grad|=7.177e-02  (0.1s)
[07:06:07]   [synth seed  1] ep  249/250  MMD^2=1.45358e-02  |grad|=2.785e-07  (38.6s)
[07:06:07]   [synth seed  1] 완료 MMD^2=1.4536e-02 TV=0.2264 |grad|_fin=2.785e-07 (38.6s)
[07:06:07]   [synth seed  2] ep    0/250  MMD^2=2.97225e-01  |grad|=6.256e-02  (0.1s)
[07:06:47]   [synth seed  2] ep  249/250  MMD^2=1.41741e-02  |grad|=7.704e-05  (40.0s)
[07:06:47]   [synth seed  2] 완료 MMD^2=1.4174e-02 TV=0.2268 |grad|_fin=7.704e-05 (40.0s)
t=0.00 share=0.000 rank99=2 | KL  QCBM-MMD=0.5213 QCBM-KL=0.1967 NMF=0.0051 MLP=0.0009 marg=2.4152 (234s)
[07:08:43]   [synth seed  0] ep    0/250  MMD^2=2.37296e-01  |grad|=5.124e-02  (0.2s)
[07:09:22]   [synth seed  0] ep  249/250  MMD^2=1.29406e-02  |grad|=1.514e-07  (39.1s)
[07:09:22]   [synth seed  0] 완료 MMD^2=1.2941e-02 TV=0.2466 |grad|_fin=1.514e-07 (39.1s)
[07:09:23]   [synth seed  1] ep    0/250  MMD^2=2.43742e-01  |grad|=5.957e-02  (0.1s)
[07:10:02]   [synth seed  1] ep  249/250  MMD^2=1.29548e-02  |grad|=5.582e-07  (39.1s)
[07:10:02]   [synth seed  1] 완료 MMD^2=1.2955e-02 TV=0.2463 |grad|_fin=5.582e-07 (39.1s)
[07:10:02]   [synth seed  2] ep    0/250  MMD^2=2.31813e-01  |grad|=5.285e-02  (0.1s)
[07:10:40]   [synth seed  2] ep  249/250  MMD^2=1.27537e-02  |grad|=5.626e-07  (38.5s)
[07:10:40]   [synth seed  2] 완료 MMD^2=1.2754e-02 TV=0.2476 |grad|_fin=5.626e-07 (38.5s)
t=0.20 share=0.001 rank99=2 | KL  QCBM-MMD=1.0496 QCBM-KL=0.1557 NMF=0.0229 MLP=0.0019 marg=2.5996 (234s)
[07:12:37]   [synth seed  0] ep    0/250  MMD^2=1.12816e-01  |grad|=3.824e-02  (0.1s)
[07:13:15]   [synth seed  0] ep  249/250  MMD^2=4.74348e-03  |grad|=4.909e-05  (38.2s)
[07:13:15]   [synth seed  0] 완료 MMD^2=4.7435e-03 TV=0.2085 |grad|_fin=4.909e-05 (38.2s)
[07:13:15]   [synth seed  1] ep    0/250  MMD^2=1.16551e-01  |grad|=4.205e-02  (0.1s)
[07:13:54]   [synth seed  1] ep  249/250  MMD^2=4.38991e-03  |grad|=6.152e-05  (38.4s)
[07:13:54]   [synth seed  1] 완료 MMD^2=4.3899e-03 TV=0.1949 |grad|_fin=6.152e-05 (38.4s)
[07:13:54]   [synth seed  2] ep    0/250  MMD^2=1.15268e-01  |grad|=3.627e-02  (0.1s)
[07:14:32]   [synth seed  2] ep  249/250  MMD^2=4.67693e-03  |grad|=1.486e-04  (38.7s)
[07:14:32]   [synth seed  2] 완료 MMD^2=4.6769e-03 TV=0.2048 |grad|_fin=1.486e-04 (38.7s)
t=0.40 share=0.034 rank99=2 | KL  QCBM-MMD=0.2784 QCBM-KL=0.2577 NMF=0.0090 MLP=0.0048 marg=2.2099 (234s)
[07:16:31]   [synth seed  0] ep    0/250  MMD^2=8.40358e-02  |grad|=4.016e-02  (0.2s)
[07:17:11]   [synth seed  0] ep  249/250  MMD^2=4.21043e-03  |grad|=5.922e-05  (40.4s)
[07:17:11]   [synth seed  0] 완료 MMD^2=4.2104e-03 TV=0.2455 |grad|_fin=5.922e-05 (40.4s)
[07:17:12]   [synth seed  1] ep    0/250  MMD^2=9.09419e-02  |grad|=3.567e-02  (0.1s)
[07:17:51]   [synth seed  1] ep  249/250  MMD^2=4.63276e-03  |grad|=1.032e-04  (39.3s)
[07:17:51]   [synth seed  1] 완료 MMD^2=4.6328e-03 TV=0.2462 |grad|_fin=1.032e-04 (39.3s)
[07:17:51]   [synth seed  2] ep    0/250  MMD^2=9.37735e-02  |grad|=4.141e-02  (0.1s)
[07:18:30]   [synth seed  2] ep  249/250  MMD^2=5.97683e-03  |grad|=5.185e-05  (39.8s)
[07:18:30]   [synth seed  2] 완료 MMD^2=5.9768e-03 TV=0.2914 |grad|_fin=5.185e-05 (39.8s)
t=0.60 share=0.341 rank99=2 | KL  QCBM-MMD=0.3286 QCBM-KL=0.1880 NMF=0.0098 MLP=0.0068 marg=1.5940 (236s)
[07:20:27]   [synth seed  0] ep    0/250  MMD^2=3.94658e-02  |grad|=2.660e-02  (0.1s)
[07:21:06]   [synth seed  0] ep  249/250  MMD^2=8.42690e-04  |grad|=1.561e-05  (38.9s)
[07:21:06]   [synth seed  0] 완료 MMD^2=8.4269e-04 TV=0.1486 |grad|_fin=1.561e-05 (38.9s)
[07:21:06]   [synth seed  1] ep    0/250  MMD^2=4.64684e-02  |grad|=3.047e-02  (0.1s)
[07:21:45]   [synth seed  1] ep  249/250  MMD^2=1.15442e-03  |grad|=8.916e-05  (38.6s)
[07:21:45]   [synth seed  1] 완료 MMD^2=1.1544e-03 TV=0.1521 |grad|_fin=8.916e-05 (38.6s)
[07:21:45]   [synth seed  2] ep    0/250  MMD^2=4.80382e-02  |grad|=3.092e-02  (0.1s)
[07:22:23]   [synth seed  2] ep  249/250  MMD^2=9.46615e-04  |grad|=4.358e-05  (38.3s)
[07:22:23]   [synth seed  2] 완료 MMD^2=9.4662e-04 TV=0.1449 |grad|_fin=4.358e-05 (38.4s)
t=0.80 share=0.790 rank99=3 | KL  QCBM-MMD=0.1502 QCBM-KL=0.0550 NMF=0.0027 MLP=0.0020 marg=1.4650 (231s)
[07:24:19]   [synth seed  0] ep    0/250  MMD^2=1.74997e-02  |grad|=1.451e-02  (0.2s)
[07:24:57]   [synth seed  0] ep  249/250  MMD^2=8.03836e-07  |grad|=8.120e-07  (38.5s)
[07:24:57]   [synth seed  0] 완료 MMD^2=8.0384e-07 TV=0.0040 |grad|_fin=8.120e-07 (38.5s)
[07:24:57]   [synth seed  1] ep    0/250  MMD^2=2.03347e-02  |grad|=2.327e-02  (0.1s)
[07:25:35]   [synth seed  1] ep  249/250  MMD^2=1.69649e-06  |grad|=1.430e-06  (38.3s)
[07:25:35]   [synth seed  1] 완료 MMD^2=1.6965e-06 TV=0.0044 |grad|_fin=1.430e-06 (38.3s)
[07:25:35]   [synth seed  2] ep    0/250  MMD^2=2.43415e-02  |grad|=2.032e-02  (0.1s)
[07:26:14]   [synth seed  2] ep  249/250  MMD^2=2.28833e-06  |grad|=1.528e-06  (38.8s)
[07:26:14]   [synth seed  2] 완료 MMD^2=2.2883e-06 TV=0.0053 |grad|_fin=1.528e-06 (38.8s)
t=1.00 share=1.000 rank99=1 | KL  QCBM-MMD=0.0044 QCBM-KL=0.0003 NMF=0.0002 MLP=0.0006 marg=1.3518 (233s)
[저장] results2/synth_highorder_kl/klmmd_main_disjoint.json
self-check: QCBM-MMD KL(저차)=0.521 QCBM-KL KL(저차)=0.197 | KL≤MMD 전구간=True | KL이 NMF넘는구간=False MLP넘는구간=True
[저장] results2/synth_highorder_kl/klmmd_main_disjoint.png
[random] 예산 P=54 | QCBM-MMD/KL params=54 | NMF rank=3 | MLP hidden=7 | n=6 N=80000 epochs=250 restarts=3
[07:28:14]   [synth seed  0] ep    0/250  MMD^2=3.04610e-01  |grad|=6.078e-02  (0.1s)
[07:28:52]   [synth seed  0] ep  249/250  MMD^2=1.35363e-02  |grad|=4.525e-05  (39.0s)
[07:28:52]   [synth seed  0] 완료 MMD^2=1.3536e-02 TV=0.2358 |grad|_fin=4.525e-05 (39.0s)
[07:28:53]   [synth seed  1] ep    0/250  MMD^2=3.16780e-01  |grad|=7.177e-02  (0.1s)
[07:29:32]   [synth seed  1] ep  249/250  MMD^2=1.45358e-02  |grad|=2.785e-07  (39.4s)
[07:29:32]   [synth seed  1] 완료 MMD^2=1.4536e-02 TV=0.2264 |grad|_fin=2.785e-07 (39.4s)
[07:29:32]   [synth seed  2] ep    0/250  MMD^2=2.97225e-01  |grad|=6.256e-02  (0.1s)
[07:30:10]   [synth seed  2] ep  249/250  MMD^2=1.41741e-02  |grad|=7.704e-05  (38.6s)
[07:30:10]   [synth seed  2] 완료 MMD^2=1.4174e-02 TV=0.2268 |grad|_fin=7.704e-05 (38.6s)
t=0.00 share=0.000 rank99=2 | KL  QCBM-MMD=0.5213 QCBM-KL=0.1967 NMF=0.0051 MLP=0.0009 marg=2.4152 (233s)
[07:32:07]   [synth seed  0] ep    0/250  MMD^2=3.21654e-01  |grad|=6.299e-02  (0.2s)
[07:32:45]   [synth seed  0] ep  249/250  MMD^2=3.84272e-03  |grad|=8.227e-05  (38.8s)
[07:32:45]   [synth seed  0] 완료 MMD^2=3.8427e-03 TV=0.1507 |grad|_fin=8.227e-05 (38.8s)
[07:32:45]   [synth seed  1] ep    0/250  MMD^2=2.64839e-01  |grad|=1.043e-01  (0.1s)
[07:33:23]   [synth seed  1] ep  249/250  MMD^2=3.78694e-03  |grad|=2.516e-05  (38.1s)
[07:33:23]   [synth seed  1] 완료 MMD^2=3.7869e-03 TV=0.1504 |grad|_fin=2.516e-05 (38.1s)
[07:33:23]   [synth seed  2] ep    0/250  MMD^2=3.23166e-01  |grad|=9.508e-02  (0.1s)
[07:34:01]   [synth seed  2] ep  249/250  MMD^2=3.80819e-03  |grad|=8.507e-05  (37.9s)
[07:34:01]   [synth seed  2] 완료 MMD^2=3.8082e-03 TV=0.1503 |grad|_fin=8.507e-05 (37.9s)
t=0.20 share=0.017 rank99=2 | KL  QCBM-MMD=1.3086 QCBM-KL=0.2522 NMF=0.5755 MLP=0.0020 marg=0.9100 (229s)
[07:35:55]   [synth seed  0] ep    0/250  MMD^2=1.83498e-01  |grad|=4.488e-02  (0.1s)
[07:36:33]   [synth seed  0] ep  249/250  MMD^2=6.14721e-03  |grad|=1.312e-04  (38.0s)
[07:36:33]   [synth seed  0] 완료 MMD^2=6.1472e-03 TV=0.2050 |grad|_fin=1.312e-04 (38.0s)
[07:36:33]   [synth seed  1] ep    0/250  MMD^2=1.88432e-01  |grad|=4.381e-02  (0.1s)
[07:37:11]   [synth seed  1] ep  249/250  MMD^2=5.98877e-03  |grad|=2.278e-05  (37.6s)
[07:37:11]   [synth seed  1] 완료 MMD^2=5.9888e-03 TV=0.1895 |grad|_fin=2.278e-05 (37.6s)
[07:37:11]   [synth seed  2] ep    0/250  MMD^2=2.04659e-01  |grad|=8.182e-02  (0.1s)
[07:37:48]   [synth seed  2] ep  249/250  MMD^2=6.06722e-03  |grad|=4.916e-05  (37.2s)
[07:37:48]   [synth seed  2] 완료 MMD^2=6.0672e-03 TV=0.1877 |grad|_fin=4.916e-05 (37.2s)
t=0.40 share=0.240 rank99=3 | KL  QCBM-MMD=0.8306 QCBM-KL=0.2152 NMF=1.2412 MLP=0.0016 marg=1.2499 (225s)
[07:39:40]   [synth seed  0] ep    0/250  MMD^2=1.35393e-01  |grad|=4.963e-02  (0.2s)
[07:40:17]   [synth seed  0] ep  249/250  MMD^2=6.93052e-03  |grad|=1.947e-04  (37.7s)
[07:40:17]   [synth seed  0] 완료 MMD^2=6.9305e-03 TV=0.2117 |grad|_fin=1.947e-04 (37.7s)
[07:40:18]   [synth seed  1] ep    0/250  MMD^2=1.64441e-01  |grad|=5.890e-02  (0.1s)
[07:40:55]   [synth seed  1] ep  249/250  MMD^2=7.10504e-03  |grad|=7.846e-05  (37.6s)
[07:40:55]   [synth seed  1] 완료 MMD^2=7.1050e-03 TV=0.2163 |grad|_fin=7.846e-05 (37.6s)
[07:40:55]   [synth seed  2] ep    0/250  MMD^2=1.54721e-01  |grad|=5.493e-02  (0.1s)
[07:41:32]   [synth seed  2] ep  249/250  MMD^2=7.28613e-03  |grad|=1.427e-04  (37.5s)
[07:41:32]   [synth seed  2] 완료 MMD^2=7.2861e-03 TV=0.1993 |grad|_fin=1.427e-04 (37.5s)
t=0.60 share=0.178 rank99=4 | KL  QCBM-MMD=0.7448 QCBM-KL=0.3635 NMF=2.8571 MLP=0.0027 marg=1.9904 (229s)
[07:43:29]   [synth seed  0] ep    0/250  MMD^2=3.95389e-01  |grad|=8.732e-02  (0.2s)
[07:44:09]   [synth seed  0] ep  249/250  MMD^2=4.67467e-04  |grad|=1.671e-05  (40.2s)
[07:44:09]   [synth seed  0] 완료 MMD^2=4.6747e-04 TV=0.0600 |grad|_fin=1.671e-05 (40.2s)
[07:44:09]   [synth seed  1] ep    0/250  MMD^2=4.22397e-01  |grad|=6.617e-02  (0.1s)
[07:44:48]   [synth seed  1] ep  249/250  MMD^2=4.78593e-04  |grad|=3.105e-05  (39.8s)
[07:44:48]   [synth seed  1] 완료 MMD^2=4.7859e-04 TV=0.0597 |grad|_fin=3.105e-05 (39.8s)
[07:44:49]   [synth seed  2] ep    0/250  MMD^2=4.01440e-01  |grad|=8.729e-02  (0.2s)
[07:45:28]   [synth seed  2] ep  249/250  MMD^2=4.68160e-04  |grad|=3.834e-05  (39.5s)
[07:45:28]   [synth seed  2] 완료 MMD^2=4.6816e-04 TV=0.0599 |grad|_fin=3.834e-05 (39.5s)
t=0.80 share=0.025 rank99=1 | KL  QCBM-MMD=0.3279 QCBM-KL=0.2058 NMF=0.9385 MLP=0.0010 marg=1.0131 (235s)
[07:47:24]   [synth seed  0] ep    0/250  MMD^2=5.06708e-01  |grad|=9.765e-02  (0.2s)
[07:48:02]   [synth seed  0] ep  249/250  MMD^2=7.66091e-06  |grad|=1.530e-05  (38.4s)
[07:48:02]   [synth seed  0] 완료 MMD^2=7.6609e-06 TV=0.0077 |grad|_fin=1.530e-05 (38.4s)
[07:48:02]   [synth seed  1] ep    0/250  MMD^2=5.33847e-01  |grad|=7.201e-02  (0.1s)
[07:48:41]   [synth seed  1] ep  249/250  MMD^2=7.57208e-06  |grad|=1.452e-05  (38.5s)
[07:48:41]   [synth seed  1] 완료 MMD^2=7.5721e-06 TV=0.0075 |grad|_fin=1.452e-05 (38.5s)
[07:48:41]   [synth seed  2] ep    0/250  MMD^2=5.11366e-01  |grad|=9.930e-02  (0.1s)
[07:49:19]   [synth seed  2] ep  249/250  MMD^2=8.24573e-06  |grad|=1.795e-05  (38.3s)
[07:49:19]   [synth seed  2] 완료 MMD^2=8.2457e-06 TV=0.0077 |grad|_fin=1.795e-05 (38.3s)
t=1.00 share=0.003 rank99=1 | KL  QCBM-MMD=0.0685 QCBM-KL=0.0428 NMF=0.2031 MLP=0.0005 marg=0.1536 (230s)
[저장] results2/synth_highorder_kl/klmmd_main_random.json
self-check: QCBM-MMD KL(저차)=0.521 QCBM-KL KL(저차)=0.197 | KL≤MMD 전구간=True | KL이 NMF넘는구간=True MLP넘는구간=False
[저장] results2/synth_highorder_kl/klmmd_main_random.png
