[08:22:37] ======================================================================
[08:22:37] 이상탐지 재평가: 얕은(L=3) vs 제대로학습(L=6) 8큐비트 QCBM
[08:22:37] ======================================================================
[08:22:37] CSV 로드: ['Protocol', 'SYN Flag Cnt', 'PSH Flag Cnt', 'Pkt Len Mean', 'Label']
[08:22:38] Benign=238037  Infilteration(공격)=93063
[08:22:38] Benign train=166625 / test=71412, attack(Infilteration)=93063
[08:22:38] 8q 이산화: 256상태 중 50개 점유 | benign_test=71412, attack=93063 샘플
[08:22:38] ######################################################################
[08:22:38] ########## 8큐비트  L=3  학습 (16재시작 병렬) ##########
[08:22:38] ----------------------------------------------------------------------
[08:22:38] [8q] 학습 시작: 8큐비트, 256상태, params=72, 재시작=16 (16코어 병렬)
[08:22:39]   [8q seed  3] ep    0/300  MMD^2=8.20815e-02  |grad|=3.192e-02  (0.4s)[08:22:39]   [8q seed  6] ep    0/300  MMD^2=9.26000e-02  |grad|=2.992e-02  (0.4s)

[08:22:39]   [8q seed 10] ep    0/300  MMD^2=8.14334e-02  |grad|=2.438e-02  (0.7s)
[08:22:39]   [8q seed  1] ep    0/300  MMD^2=8.67674e-02  |grad|=2.200e-02  (0.7s)[08:22:39]   [8q seed  0] ep    0/300  MMD^2=8.30593e-02  |grad|=2.184e-02  (0.7s)

[08:22:39]   [8q seed  2] ep    0/300  MMD^2=9.10475e-02  |grad|=2.686e-02  (0.7s)
[08:22:39]   [8q seed  7] ep    0/300  MMD^2=8.43054e-02  |grad|=1.755e-02  (0.7s)
[08:22:39]   [8q seed  5] ep    0/300  MMD^2=9.19526e-02  |grad|=2.180e-02  (0.7s)
[08:22:39]   [8q seed  9] ep    0/300  MMD^2=1.04664e-01  |grad|=4.728e-02  (0.7s)
[08:22:39]   [8q seed 14] ep    0/300  MMD^2=8.52830e-02  |grad|=2.083e-02  (0.7s)
[08:22:39]   [8q seed  8] ep    0/300  MMD^2=9.22664e-02  |grad|=3.778e-02  (0.7s)
[08:22:39]   [8q seed  4] ep    0/300  MMD^2=9.32658e-02  |grad|=2.835e-02  (0.7s)
[08:22:39]   [8q seed 13] ep    0/300  MMD^2=9.03090e-02  |grad|=2.504e-02  (0.7s)[08:22:39]   [8q seed 15] ep    0/300  MMD^2=8.84084e-02  |grad|=1.684e-02  (0.7s)

[08:22:39]   [8q seed 11] ep    0/300  MMD^2=9.25658e-02  |grad|=1.384e-02  (0.7s)
[08:22:39]   [8q seed 12] ep    0/300  MMD^2=9.06705e-02  |grad|=1.903e-02  (0.7s)
[08:23:00]   [8q seed  8] ep   50/300  MMD^2=2.00964e-02  |grad|=3.059e-03  (21.8s)
[08:23:02]   [8q seed  6] ep   50/300  MMD^2=2.84541e-02  |grad|=5.445e-03  (23.5s)
[08:23:02]   [8q seed  3] ep   50/300  MMD^2=2.82502e-02  |grad|=2.348e-03  (23.6s)
[08:23:02]   [8q seed 10] ep   50/300  MMD^2=2.27017e-02  |grad|=4.496e-03  (23.9s)
[08:23:02]   [8q seed 14] ep   50/300  MMD^2=2.69286e-02  |grad|=1.711e-03  (23.9s)
[08:23:02]   [8q seed  4] ep   50/300  MMD^2=3.28792e-02  |grad|=1.891e-03  (24.0s)
[08:23:02]   [8q seed  7] ep   50/300  MMD^2=2.21290e-02  |grad|=3.457e-03  (24.1s)
[08:23:02]   [8q seed  1] ep   50/300  MMD^2=1.76199e-02  |grad|=2.969e-03  (24.2s)
[08:23:02]   [8q seed  5] ep   50/300  MMD^2=2.64760e-02  |grad|=2.720e-03  (24.2s)
[08:23:02]   [8q seed  9] ep   50/300  MMD^2=2.06711e-02  |grad|=4.075e-03  (24.2s)
[08:23:02]   [8q seed 11] ep   50/300  MMD^2=2.16045e-02  |grad|=7.445e-03  (24.2s)
[08:23:03]   [8q seed 12] ep   50/300  MMD^2=1.79060e-02  |grad|=3.373e-03  (24.7s)
[08:23:03]   [8q seed  0] ep   50/300  MMD^2=2.43056e-02  |grad|=2.595e-03  (25.0s)
[08:23:03]   [8q seed 15] ep   50/300  MMD^2=1.98899e-02  |grad|=3.168e-03  (25.0s)
[08:23:03]   [8q seed  2] ep   50/300  MMD^2=1.94118e-02  |grad|=3.226e-03  (25.2s)
[08:23:04]   [8q seed 13] ep   50/300  MMD^2=1.78576e-02  |grad|=3.568e-03  (25.8s)
[08:23:23]   [8q seed 14] ep  100/300  MMD^2=2.37824e-02  |grad|=1.368e-03  (44.3s)
[08:23:23]   [8q seed  8] ep  100/300  MMD^2=1.74066e-02  |grad|=1.584e-03  (44.6s)
[08:23:25]   [8q seed  6] ep  100/300  MMD^2=1.39523e-02  |grad|=1.245e-03  (46.6s)
[08:23:25]   [8q seed  3] ep  100/300  MMD^2=2.76785e-02  |grad|=5.006e-04  (46.7s)
[08:23:25]   [8q seed 10] ep  100/300  MMD^2=1.49956e-02  |grad|=2.188e-03  (46.8s)
[08:23:25]   [8q seed  4] ep  100/300  MMD^2=3.09744e-02  |grad|=1.418e-03  (47.0s)
[08:23:25]   [8q seed  7] ep  100/300  MMD^2=1.69380e-02  |grad|=1.561e-03  (47.2s)
[08:23:26]   [8q seed  5] ep  100/300  MMD^2=2.56293e-02  |grad|=2.683e-04  (47.4s)
[08:23:26]   [8q seed  9] ep  100/300  MMD^2=1.71329e-02  |grad|=7.666e-04  (47.4s)
[08:23:26]   [8q seed  1] ep  100/300  MMD^2=1.60583e-02  |grad|=3.817e-04  (47.5s)
[08:23:26]   [8q seed 11] ep  100/300  MMD^2=1.42097e-02  |grad|=1.757e-03  (47.5s)
[08:23:26]   [8q seed 12] ep  100/300  MMD^2=1.10670e-02  |grad|=1.269e-03  (47.8s)
[08:23:26]   [8q seed 15] ep  100/300  MMD^2=1.88035e-02  |grad|=3.408e-04  (48.1s)
[08:23:28]   [8q seed  0] ep  100/300  MMD^2=2.19426e-02  |grad|=1.380e-03  (49.5s)
[08:23:28]   [8q seed  2] ep  100/300  MMD^2=1.68890e-02  |grad|=5.141e-04  (50.0s)
[08:23:28]   [8q seed 13] ep  100/300  MMD^2=1.66860e-02  |grad|=3.651e-04  (50.2s)
[08:23:42]   [8q seed 14] ep  150/300  MMD^2=2.05780e-02  |grad|=2.553e-03  (63.7s)
[08:23:46]   [8q seed  8] ep  150/300  MMD^2=1.64230e-02  |grad|=2.594e-04  (67.6s)
[08:23:48]   [8q seed  6] ep  150/300  MMD^2=1.19549e-02  |grad|=4.213e-04  (69.5s)
[08:23:48]   [8q seed 10] ep  150/300  MMD^2=1.36044e-02  |grad|=3.883e-04  (69.7s)
[08:23:48]   [8q seed  3] ep  150/300  MMD^2=2.70551e-02  |grad|=1.108e-04  (69.7s)
[08:23:48]   [8q seed  4] ep  150/300  MMD^2=2.06889e-02  |grad|=3.190e-03  (69.8s)
[08:23:48]   [8q seed  7] ep  150/300  MMD^2=1.60614e-02  |grad|=2.251e-04  (70.1s)
[08:23:49]   [8q seed  5] ep  150/300  MMD^2=2.55661e-02  |grad|=1.290e-04  (70.4s)
[08:23:49]   [8q seed  9] ep  150/300  MMD^2=1.70195e-02  |grad|=1.275e-04  (70.4s)
[08:23:49]   [8q seed  1] ep  150/300  MMD^2=1.42485e-02  |grad|=5.224e-04  (70.6s)
[08:23:49]   [8q seed 11] ep  150/300  MMD^2=1.32677e-02  |grad|=3.713e-04  (70.6s)
[08:23:49]   [8q seed 12] ep  150/300  MMD^2=1.09511e-02  |grad|=8.798e-05  (70.7s)
[08:23:49]   [8q seed 15] ep  150/300  MMD^2=1.80986e-02  |grad|=4.349e-04  (70.9s)
[08:23:53]   [8q seed  0] ep  150/300  MMD^2=1.94888e-02  |grad|=7.397e-04  (74.8s)
[08:23:53]   [8q seed 13] ep  150/300  MMD^2=1.66233e-02  |grad|=8.575e-05  (74.9s)
[08:23:53]   [8q seed  2] ep  150/300  MMD^2=1.67772e-02  |grad|=6.321e-05  (74.9s)
[08:24:02]   [8q seed 14] ep  200/300  MMD^2=1.90220e-02  |grad|=3.805e-04  (84.2s)
[08:24:09]   [8q seed  8] ep  200/300  MMD^2=1.62500e-02  |grad|=1.676e-04  (90.5s)
[08:24:11]   [8q seed  6] ep  200/300  MMD^2=1.18789e-02  |grad|=9.763e-05  (92.5s)
[08:24:11]   [8q seed 10] ep  200/300  MMD^2=1.35103e-02  |grad|=7.945e-05  (92.7s)
[08:24:11]   [8q seed  3] ep  200/300  MMD^2=2.70199e-02  |grad|=4.080e-05  (92.7s)
[08:24:11]   [8q seed  4] ep  200/300  MMD^2=1.41312e-02  |grad|=1.779e-03  (92.7s)
[08:24:11]   [8q seed  7] ep  200/300  MMD^2=1.59023e-02  |grad|=1.956e-04  (93.0s)
[08:24:12]   [8q seed  5] ep  200/300  MMD^2=2.55197e-02  |grad|=5.233e-05  (93.3s)
[08:24:12]   [8q seed  9] ep  200/300  MMD^2=1.68414e-02  |grad|=4.154e-04  (93.3s)
[08:24:12]   [8q seed  1] ep  200/300  MMD^2=1.40612e-02  |grad|=1.155e-04  (93.6s)
[08:24:12]   [8q seed 11] ep  200/300  MMD^2=1.30907e-02  |grad|=9.576e-05  (93.6s)
[08:24:12]   [8q seed 12] ep  200/300  MMD^2=1.09466e-02  |grad|=1.932e-05  (93.7s)
[08:24:12]   [8q seed 15] ep  200/300  MMD^2=1.78711e-02  |grad|=1.051e-04  (93.9s)
[08:24:17]   [8q seed 13] ep  200/300  MMD^2=1.65807e-02  |grad|=6.055e-05  (99.0s)
[08:24:17]   [8q seed  0] ep  200/300  MMD^2=1.46054e-02  |grad|=1.058e-03  (99.1s)
[08:24:18]   [8q seed  2] ep  200/300  MMD^2=1.67584e-02  |grad|=4.601e-05  (99.3s)
[08:24:23]   [8q seed 14] ep  250/300  MMD^2=1.89173e-02  |grad|=2.198e-04  (105.1s)
[08:24:32]   [8q seed  8] ep  250/300  MMD^2=1.57050e-02  |grad|=1.685e-04  (113.5s)
[08:24:34]   [8q seed  6] ep  250/300  MMD^2=1.17534e-02  |grad|=2.445e-04  (115.4s)
[08:24:34]   [8q seed  3] ep  250/300  MMD^2=2.70084e-02  |grad|=2.340e-05  (115.8s)
[08:24:34]   [8q seed 10] ep  250/300  MMD^2=1.34908e-02  |grad|=3.002e-05  (115.8s)
[08:24:34]   [8q seed  4] ep  250/300  MMD^2=1.38006e-02  |grad|=2.043e-04  (115.8s)
[08:24:34]   [8q seed  7] ep  250/300  MMD^2=1.58290e-02  |grad|=6.345e-05  (116.0s)
[08:24:35]   [8q seed  5] ep  250/300  MMD^2=2.54960e-02  |grad|=9.093e-05  (116.3s)
[08:24:35]   [8q seed  9] ep  250/300  MMD^2=1.51651e-02  |grad|=4.975e-04  (116.4s)
[08:24:35]   [8q seed  1] ep  250/300  MMD^2=1.40212e-02  |grad|=3.762e-05  (116.7s)
[08:24:35]   [8q seed 11] ep  250/300  MMD^2=1.30484e-02  |grad|=5.509e-05  (116.7s)
[08:24:35]   [8q seed 15] ep  250/300  MMD^2=1.78332e-02  |grad|=4.028e-05  (116.9s)
[08:24:37]   [8q seed 12] ep  250/300  MMD^2=1.09442e-02  |grad|=1.596e-05  (118.6s)
[08:24:40]   [8q seed 13] ep  250/300  MMD^2=1.65510e-02  |grad|=5.473e-05  (122.2s)
[08:24:42]   [8q seed  2] ep  250/300  MMD^2=1.61419e-02  |grad|=6.571e-04  (124.1s)
[08:24:43]   [8q seed  0] ep  250/300  MMD^2=1.43058e-02  |grad|=1.020e-04  (124.3s)
[08:24:43]   [8q seed 14] ep  299/300  MMD^2=1.80120e-02  |grad|=2.469e-04  (124.9s)
[08:24:43]   [8q seed 14] 완료 MMD^2=1.8012e-02 TV=0.5628 |grad|_fin=2.469e-04 (124.9s)
[08:24:51]   [8q seed  7] ep  299/300  MMD^2=1.57837e-02  |grad|=3.859e-05  (132.6s)
[08:24:51]   [8q seed  7] 완료 MMD^2=1.5784e-02 TV=0.5605 |grad|_fin=3.859e-05 (132.7s)
[08:24:54]   [8q seed  8] ep  299/300  MMD^2=1.56069e-02  |grad|=3.297e-05  (136.3s)
[08:24:55]   [8q seed  8] 완료 MMD^2=1.5607e-02 TV=0.5070 |grad|_fin=3.297e-05 (136.3s)
[08:24:55]   [8q seed  9] ep  299/300  MMD^2=1.43083e-02  |grad|=1.399e-03  (136.5s)
[08:24:55]   [8q seed  9] 완료 MMD^2=1.4308e-02 TV=0.5382 |grad|_fin=1.399e-03 (136.5s)
[08:24:55]   [8q seed 11] ep  299/300  MMD^2=1.30167e-02  |grad|=5.095e-05  (136.7s)
[08:24:55]   [8q seed 11] 완료 MMD^2=1.3017e-02 TV=0.4748 |grad|_fin=5.095e-05 (136.7s)
[08:24:56]   [8q seed 10] ep  299/300  MMD^2=1.34861e-02  |grad|=1.847e-05  (137.7s)
[08:24:56]   [8q seed 10] 완료 MMD^2=1.3486e-02 TV=0.5515 |grad|_fin=1.847e-05 (137.7s)
[08:24:56]   [8q seed  4] ep  299/300  MMD^2=1.37742e-02  |grad|=1.604e-05  (137.7s)
[08:24:56]   [8q seed  4] 완료 MMD^2=1.3774e-02 TV=0.5101 |grad|_fin=1.604e-05 (137.7s)
[08:24:56]   [8q seed  1] ep  299/300  MMD^2=1.40149e-02  |grad|=1.643e-05  (137.9s)
[08:24:56]   [8q seed  1] 완료 MMD^2=1.4015e-02 TV=0.5499 |grad|_fin=1.643e-05 (137.9s)
[08:24:56]   [8q seed  6] ep  299/300  MMD^2=1.15535e-02  |grad|=7.514e-05  (138.1s)
[08:24:56]   [8q seed  6] 완료 MMD^2=1.1554e-02 TV=0.5446 |grad|_fin=7.514e-05 (138.1s)
[08:24:56]   [8q seed  5] ep  299/300  MMD^2=2.50817e-02  |grad|=2.803e-04  (138.1s)
[08:24:56]   [8q seed  5] 완료 MMD^2=2.5082e-02 TV=0.7073 |grad|_fin=2.803e-04 (138.1s)
[08:24:56]   [8q seed  3] ep  299/300  MMD^2=2.70028e-02  |grad|=2.148e-05  (138.2s)
[08:24:56]   [8q seed  3] 완료 MMD^2=2.7003e-02 TV=0.7324 |grad|_fin=2.148e-05 (138.2s)
[08:24:57]   [8q seed 12] ep  299/300  MMD^2=1.09419e-02  |grad|=1.571e-05  (139.0s)
[08:24:57]   [8q seed 12] 완료 MMD^2=1.0942e-02 TV=0.4981 |grad|_fin=1.571e-05 (139.0s)
[08:24:57]   [8q seed 15] ep  299/300  MMD^2=1.78195e-02  |grad|=3.410e-05  (139.2s)
[08:24:58]   [8q seed 15] 완료 MMD^2=1.7819e-02 TV=0.5709 |grad|_fin=3.410e-05 (139.3s)
[08:25:00]   [8q seed 13] ep  299/300  MMD^2=1.65299e-02  |grad|=4.050e-05  (142.0s)
[08:25:00]   [8q seed 13] 완료 MMD^2=1.6530e-02 TV=0.5325 |grad|_fin=4.050e-05 (142.0s)
[08:25:02]   [8q seed  2] ep  299/300  MMD^2=1.35200e-02  |grad|=6.742e-04  (144.2s)
[08:25:02]   [8q seed  2] 완료 MMD^2=1.3520e-02 TV=0.5114 |grad|_fin=6.742e-04 (144.2s)
[08:25:03]   [8q seed  0] ep  299/300  MMD^2=1.42797e-02  |grad|=4.855e-05  (144.5s)
[08:25:03]   [8q seed  0] 완료 MMD^2=1.4280e-02 TV=0.5595 |grad|_fin=4.855e-05 (144.5s)
[08:25:03] [8q] 완료: best MMD^2=1.0942e-02 TV=0.4981 KL=0.9388 | 중앙값MMD^2=1.4294e-02 | 수렴~79 ep | wall=144.7s
[08:25:03] [8q] gradient-norm(중앙값): 초기=2.319e-02 -> 최종=3.954e-05 (바렌플래토 진단)
[08:25:04] [8q_L3 이상탐지] AUC=0.4333 | mean p(x): benign=3.533e-02 vs attack=4.522e-02 (배율 0.78x)
[08:25:04] [8q_L3 이상탐지] mean log p(x): benign=-3.895 vs attack=-3.582 (격차 -0.313) | Youden J=0.030
[08:25:04] ######################################################################
[08:25:04] ########## 8큐비트  L=6  학습 (16재시작 병렬) ##########
[08:25:04] ----------------------------------------------------------------------
[08:25:04] [8q] 학습 시작: 8큐비트, 256상태, params=144, 재시작=16 (16코어 병렬)
[08:25:06]   [8q seed  6] ep    0/300  MMD^2=7.99064e-02  |grad|=3.360e-02  (1.8s)
[08:25:06]   [8q seed  8] ep    0/300  MMD^2=8.09129e-02  |grad|=4.505e-02  (1.8s)
[08:25:06]   [8q seed  4] ep    0/300  MMD^2=8.76350e-02  |grad|=3.550e-02  (1.8s)
[08:25:06]   [8q seed 11] ep    0/300  MMD^2=8.93772e-02  |grad|=3.535e-02  (1.8s)
[08:25:06]   [8q seed 10] ep    0/300  MMD^2=8.64574e-02  |grad|=3.806e-02  (1.9s)
[08:25:06]   [8q seed 15] ep    0/300  MMD^2=7.69840e-02  |grad|=3.543e-02  (1.8s)
[08:25:07]   [8q seed  1] ep    0/300  MMD^2=8.98863e-02  |grad|=3.027e-02  (1.8s)
[08:25:07]   [8q seed  3] ep    0/300  MMD^2=8.67742e-02  |grad|=3.324e-02  (1.9s)
[08:25:07]   [8q seed 12] ep    0/300  MMD^2=8.69229e-02  |grad|=3.085e-02  (1.9s)
[08:25:07]   [8q seed  0] ep    0/300  MMD^2=8.48894e-02  |grad|=4.246e-02  (1.9s)
[08:25:07]   [8q seed  2] ep    0/300  MMD^2=7.75002e-02  |grad|=3.148e-02  (2.0s)
[08:25:07]   [8q seed  7] ep    0/300  MMD^2=9.10930e-02  |grad|=3.895e-02  (2.1s)
[08:25:07]   [8q seed  5] ep    0/300  MMD^2=8.70059e-02  |grad|=3.366e-02  (2.1s)
[08:25:07]   [8q seed  9] ep    0/300  MMD^2=8.81401e-02  |grad|=3.281e-02  (2.1s)
[08:25:07]   [8q seed 13] ep    0/300  MMD^2=8.05817e-02  |grad|=2.735e-02  (2.1s)
[08:25:07]   [8q seed 14] ep    0/300  MMD^2=9.30091e-02  |grad|=4.537e-02  (2.1s)
[08:26:28]   [8q seed  2] ep   50/300  MMD^2=3.46018e-03  |grad|=2.143e-03  (83.2s)
[08:26:28]   [8q seed 11] ep   50/300  MMD^2=1.09430e-02  |grad|=2.875e-03  (83.3s)
[08:26:28]   [8q seed 13] ep   50/300  MMD^2=4.31201e-03  |grad|=3.579e-03  (83.3s)
[08:26:28]   [8q seed  8] ep   50/300  MMD^2=9.84926e-03  |grad|=2.837e-03  (83.5s)
[08:26:28]   [8q seed  0] ep   50/300  MMD^2=1.14936e-02  |grad|=3.042e-03  (83.8s)
[08:26:29]   [8q seed  4] ep   50/300  MMD^2=9.04330e-03  |grad|=3.117e-03  (84.0s)
[08:26:29]   [8q seed 12] ep   50/300  MMD^2=1.15959e-02  |grad|=2.940e-03  (84.0s)
[08:26:29]   [8q seed  9] ep   50/300  MMD^2=1.16012e-02  |grad|=3.420e-03  (84.3s)
[08:26:29]   [8q seed  6] ep   50/300  MMD^2=1.21186e-02  |grad|=2.942e-03  (84.3s)
[08:26:29]   [8q seed 14] ep   50/300  MMD^2=1.06495e-02  |grad|=3.205e-03  (84.3s)
[08:26:29]   [8q seed  5] ep   50/300  MMD^2=4.21860e-03  |grad|=2.778e-03  (84.7s)
[08:26:29]   [8q seed  7] ep   50/300  MMD^2=1.01183e-02  |grad|=3.416e-03  (84.7s)
[08:26:30]   [8q seed  3] ep   50/300  MMD^2=8.60650e-03  |grad|=3.486e-03  (85.1s)
[08:26:30]   [8q seed 10] ep   50/300  MMD^2=1.03581e-02  |grad|=3.197e-03  (85.1s)
[08:26:30]   [8q seed  1] ep   50/300  MMD^2=3.77435e-03  |grad|=2.162e-03  (85.1s)
[08:26:30]   [8q seed 15] ep   50/300  MMD^2=9.17114e-03  |grad|=3.376e-03  (85.1s)
[08:27:43]   [8q seed 12] ep  100/300  MMD^2=8.85691e-03  |grad|=1.139e-03  (157.9s)
[08:27:48]   [8q seed  2] ep  100/300  MMD^2=2.15615e-03  |grad|=4.218e-04  (163.9s)
[08:27:49]   [8q seed 11] ep  100/300  MMD^2=9.10360e-03  |grad|=4.636e-04  (163.9s)
[08:27:49]   [8q seed 13] ep  100/300  MMD^2=1.78801e-03  |grad|=5.205e-04  (164.1s)
[08:27:49]   [8q seed  8] ep  100/300  MMD^2=6.13018e-03  |grad|=1.859e-03  (164.3s)
[08:27:50]   [8q seed  4] ep  100/300  MMD^2=4.00295e-03  |grad|=8.312e-04  (165.1s)
[08:27:50]   [8q seed  0] ep  100/300  MMD^2=7.63332e-03  |grad|=1.068e-03  (165.1s)
[08:27:50]   [8q seed  9] ep  100/300  MMD^2=5.23704e-03  |grad|=8.098e-04  (165.8s)
[08:27:51]   [8q seed  6] ep  100/300  MMD^2=5.70286e-03  |grad|=1.195e-03  (166.1s)
[08:27:51]   [8q seed  7] ep  100/300  MMD^2=2.35887e-03  |grad|=9.609e-04  (166.8s)
[08:27:51]   [8q seed  5] ep  100/300  MMD^2=1.82912e-03  |grad|=8.085e-04  (166.9s)
[08:27:53]   [8q seed  1] ep  100/300  MMD^2=2.57126e-03  |grad|=5.596e-04  (168.0s)
[08:27:54]   [8q seed 14] ep  100/300  MMD^2=3.21540e-03  |grad|=1.105e-03  (169.0s)
[08:27:54]   [8q seed 10] ep  100/300  MMD^2=4.17493e-03  |grad|=9.812e-04  (169.3s)
[08:27:55]   [8q seed  3] ep  100/300  MMD^2=2.13002e-03  |grad|=1.218e-03  (170.2s)
[08:27:55]   [8q seed 15] ep  100/300  MMD^2=7.81333e-03  |grad|=6.402e-04  (170.3s)
[08:29:04]   [8q seed 12] ep  150/300  MMD^2=7.15489e-03  |grad|=2.454e-04  (239.1s)
[08:29:09]   [8q seed  2] ep  150/300  MMD^2=1.81661e-03  |grad|=2.267e-04  (244.7s)
[08:29:10]   [8q seed  8] ep  150/300  MMD^2=1.72271e-03  |grad|=5.533e-04  (245.0s)
[08:29:10]   [8q seed 13] ep  150/300  MMD^2=1.26579e-03  |grad|=2.184e-04  (244.9s)
[08:29:10]   [8q seed 11] ep  150/300  MMD^2=8.75201e-03  |grad|=2.174e-04  (245.3s)
[08:29:10]   [8q seed  4] ep  150/300  MMD^2=2.29150e-03  |grad|=5.852e-04  (245.9s)
[08:29:11]   [8q seed  0] ep  150/300  MMD^2=5.98280e-03  |grad|=1.989e-04  (246.0s)
[08:29:11]   [8q seed  9] ep  150/300  MMD^2=4.32332e-03  |grad|=3.726e-04  (246.8s)
[08:29:12]   [8q seed  7] ep  150/300  MMD^2=1.18171e-03  |grad|=2.423e-04  (247.6s)
[08:29:12]   [8q seed  6] ep  150/300  MMD^2=4.33210e-03  |grad|=4.423e-04  (247.8s)
[08:29:13]   [8q seed  5] ep  150/300  MMD^2=1.19090e-03  |grad|=1.788e-04  (247.9s)
[08:29:15]   [8q seed  1] ep  150/300  MMD^2=1.17266e-03  |grad|=3.287e-04  (250.8s)
[08:29:16]   [8q seed 14] ep  150/300  MMD^2=2.20296e-03  |grad|=2.450e-04  (251.4s)
[08:29:16]   [8q seed  3] ep  150/300  MMD^2=1.46845e-03  |grad|=2.538e-04  (251.5s)
[08:29:17]   [8q seed 10] ep  150/300  MMD^2=3.47978e-03  |grad|=1.888e-04  (252.2s)
[08:29:17]   [8q seed 15] ep  150/300  MMD^2=6.55267e-03  |grad|=4.206e-04  (252.6s)
[08:30:25]   [8q seed 12] ep  200/300  MMD^2=6.08599e-03  |grad|=1.786e-03  (320.4s)
[08:30:30]   [8q seed  2] ep  200/300  MMD^2=1.59954e-03  |grad|=1.119e-04  (325.1s)
[08:30:30]   [8q seed 13] ep  200/300  MMD^2=1.03883e-03  |grad|=1.487e-04  (325.7s)
[08:30:31]   [8q seed 11] ep  200/300  MMD^2=8.06725e-03  |grad|=5.503e-04  (326.1s)
[08:30:31]   [8q seed  8] ep  200/300  MMD^2=1.20092e-03  |grad|=1.630e-04  (326.3s)
[08:30:31]   [8q seed  4] ep  200/300  MMD^2=1.23724e-03  |grad|=3.595e-04  (326.9s)
[08:30:32]   [8q seed  0] ep  200/300  MMD^2=5.78649e-03  |grad|=3.420e-04  (326.9s)
[08:30:33]   [8q seed  9] ep  200/300  MMD^2=3.64651e-03  |grad|=5.281e-04  (328.1s)
[08:30:33]   [8q seed  7] ep  200/300  MMD^2=1.05503e-03  |grad|=4.839e-05  (328.6s)
[08:30:34]   [8q seed  5] ep  200/300  MMD^2=1.08390e-03  |grad|=5.765e-05  (329.1s)
[08:30:34]   [8q seed  6] ep  200/300  MMD^2=3.50330e-03  |grad|=3.364e-04  (329.2s)
[08:30:37]   [8q seed  3] ep  200/300  MMD^2=1.28937e-03  |grad|=5.844e-05  (332.4s)
[08:30:37]   [8q seed 14] ep  200/300  MMD^2=2.01160e-03  |grad|=1.640e-04  (332.7s)
[08:30:38]   [8q seed  1] ep  200/300  MMD^2=9.92983e-04  |grad|=1.259e-04  (333.4s)
[08:30:39]   [8q seed 10] ep  200/300  MMD^2=3.39410e-03  |grad|=1.290e-04  (334.5s)
[08:30:40]   [8q seed 15] ep  200/300  MMD^2=3.74855e-03  |grad|=1.071e-03  (335.2s)
[08:31:46]   [8q seed 12] ep  250/300  MMD^2=1.91741e-03  |grad|=3.829e-04  (401.0s)
[08:31:50]   [8q seed  2] ep  250/300  MMD^2=1.49907e-03  |grad|=8.693e-05  (405.5s)
[08:31:51]   [8q seed 11] ep  250/300  MMD^2=6.70936e-03  |grad|=3.038e-04  (406.1s)
[08:31:51]   [8q seed  8] ep  250/300  MMD^2=1.09039e-03  |grad|=1.337e-04  (406.5s)
[08:31:52]   [8q seed  4] ep  250/300  MMD^2=8.54589e-04  |grad|=2.413e-04  (407.2s)
[08:31:52]   [8q seed 13] ep  250/300  MMD^2=9.51867e-04  |grad|=4.301e-05  (407.1s)
[08:31:53]   [8q seed  0] ep  250/300  MMD^2=2.44131e-03  |grad|=8.067e-04  (408.0s)
[08:31:53]   [8q seed  9] ep  250/300  MMD^2=2.46449e-03  |grad|=4.985e-04  (408.5s)
[08:31:54]   [8q seed  7] ep  250/300  MMD^2=1.04559e-03  |grad|=2.132e-05  (409.8s)
[08:31:55]   [8q seed  6] ep  250/300  MMD^2=2.53082e-03  |grad|=3.884e-03  (410.7s)
[08:31:55]   [8q seed  5] ep  250/300  MMD^2=1.06223e-03  |grad|=4.574e-05  (410.7s)
[08:31:58]   [8q seed  3] ep  250/300  MMD^2=1.27127e-03  |grad|=3.445e-05  (413.7s)
[08:32:00]   [8q seed 14] ep  250/300  MMD^2=1.90944e-03  |grad|=6.766e-05  (415.5s)
[08:32:01]   [8q seed  1] ep  250/300  MMD^2=8.30168e-04  |grad|=1.041e-04  (416.1s)
[08:32:02]   [8q seed 10] ep  250/300  MMD^2=3.09358e-03  |grad|=1.876e-04  (417.2s)
[08:32:02]   [8q seed 15] ep  250/300  MMD^2=2.33762e-03  |grad|=2.728e-04  (417.7s)
[08:33:04]   [8q seed 12] ep  299/300  MMD^2=1.53909e-03  |grad|=9.115e-05  (479.8s)
[08:33:04]   [8q seed 12] 완료 MMD^2=1.5391e-03 TV=0.2062 |grad|_fin=9.115e-05 (479.8s)
[08:33:07]   [8q seed  2] ep  299/300  MMD^2=1.45269e-03  |grad|=6.651e-05  (482.1s)
[08:33:07]   [8q seed  2] 완료 MMD^2=1.4527e-03 TV=0.2070 |grad|_fin=6.651e-05 (482.1s)
[08:33:10]   [8q seed  8] ep  299/300  MMD^2=1.00089e-03  |grad|=6.542e-05  (485.3s)
[08:33:10]   [8q seed  8] 완료 MMD^2=1.0009e-03 TV=0.1842 |grad|_fin=6.542e-05 (485.3s)
[08:33:10]   [8q seed 11] ep  299/300  MMD^2=6.30507e-03  |grad|=2.450e-03  (485.3s)
[08:33:10]   [8q seed 11] 완료 MMD^2=6.3051e-03 TV=0.3533 |grad|_fin=2.450e-03 (485.3s)
[08:33:10]   [8q seed  4] ep  299/300  MMD^2=6.74195e-04  |grad|=9.722e-05  (485.5s)
[08:33:10]   [8q seed  4] 완료 MMD^2=6.7420e-04 TV=0.1413 |grad|_fin=9.722e-05 (485.5s)
[08:33:11]   [8q seed  9] ep  299/300  MMD^2=2.05531e-03  |grad|=2.665e-04  (486.3s)
[08:33:11]   [8q seed  9] 완료 MMD^2=2.0553e-03 TV=0.2372 |grad|_fin=2.665e-04 (486.3s)
[08:33:11]   [8q seed 13] ep  299/300  MMD^2=9.43103e-04  |grad|=2.075e-05  (486.2s)
[08:33:11]   [8q seed 13] 완료 MMD^2=9.4310e-04 TV=0.1686 |grad|_fin=2.075e-05 (486.2s)
[08:33:11]   [8q seed  0] ep  299/300  MMD^2=1.72461e-03  |grad|=6.037e-03  (486.4s)
[08:33:11]   [8q seed  0] 완료 MMD^2=1.7246e-03 TV=0.2045 |grad|_fin=6.037e-03 (486.4s)
[08:33:12]   [8q seed  3] ep  299/300  MMD^2=1.26084e-03  |grad|=3.013e-05  (487.6s)
[08:33:12]   [8q seed  3] 완료 MMD^2=1.2608e-03 TV=0.1858 |grad|_fin=3.013e-05 (487.6s)
[08:33:12]   [8q seed  6] ep  299/300  MMD^2=2.36445e-03  |grad|=3.472e-04  (487.9s)
[08:33:12]   [8q seed  6] 완료 MMD^2=2.3645e-03 TV=0.2637 |grad|_fin=3.472e-04 (487.9s)
[08:33:13]   [8q seed  5] ep  299/300  MMD^2=1.03937e-03  |grad|=4.433e-05  (488.1s)
[08:33:13]   [8q seed  5] 완료 MMD^2=1.0394e-03 TV=0.1775 |grad|_fin=4.433e-05 (488.1s)
[08:33:14]   [8q seed  7] ep  299/300  MMD^2=1.04187e-03  |grad|=1.739e-05  (489.8s)
[08:33:14]   [8q seed  7] 완료 MMD^2=1.0419e-03 TV=0.1711 |grad|_fin=1.739e-05 (489.8s)
[08:33:16]   [8q seed 15] ep  299/300  MMD^2=2.07939e-03  |grad|=1.390e-04  (491.1s)
[08:33:16]   [8q seed 15] 완료 MMD^2=2.0794e-03 TV=0.2470 |grad|_fin=1.390e-04 (491.1s)
[08:33:18]   [8q seed  1] ep  299/300  MMD^2=7.52435e-04  |grad|=6.738e-05  (493.3s)
[08:33:18]   [8q seed  1] 완료 MMD^2=7.5243e-04 TV=0.1517 |grad|_fin=6.738e-05 (493.3s)
[08:33:20]   [8q seed 14] ep  299/300  MMD^2=1.84037e-03  |grad|=9.447e-05  (494.9s)
[08:33:20]   [8q seed 14] 완료 MMD^2=1.8404e-03 TV=0.2297 |grad|_fin=9.447e-05 (494.9s)
[08:33:20]   [8q seed 10] ep  299/300  MMD^2=2.84622e-03  |grad|=3.564e-04  (495.7s)
[08:33:20]   [8q seed 10] 완료 MMD^2=2.8462e-03 TV=0.2786 |grad|_fin=3.564e-04 (495.7s)
[08:33:20] [8q] 완료: best MMD^2=6.7420e-04 TV=0.1413 KL=0.1900 | 중앙값MMD^2=1.4959e-03 | 수렴~271 ep | wall=495.9s
[08:33:20] [8q] gradient-norm(중앙값): 초기=3.451e-02 -> 최종=9.281e-05 (바렌플래토 진단)
[08:33:22] [8q_L6 이상탐지] AUC=0.4289 | mean p(x): benign=6.466e-02 vs attack=7.528e-02 (배율 0.86x)
[08:33:22] [8q_L6 이상탐지] mean log p(x): benign=-3.145 vs attack=-2.936 (격차 -0.208) | Youden J=0.030
[08:33:23] 그림 저장: results2/anomaly_L3_vs_L6.png
[08:33:23] ======================================================================
[08:33:23] [학습 품질] L=3 vs L=6 (분포를 제대로 학습했는가)
[08:33:23]   L     params  bestMMD2  TV      conv    wall     grad0->f 
[08:33:23]   L=3   72      1.09e-02  0.498   79      144.7    2.3e-02->4.0e-05
[08:33:23]   L=6   144     6.74e-04  0.141   271     495.9    3.5e-02->9.3e-05
[08:33:23] ======================================================================
[08:33:23] [이상탐지] L=3 vs L=6 (공격이 정상보다 낮은 확률을 받는가)
[08:33:23]   L     AUC      mean logp (ben vs atk) Youden J  
[08:33:23]   L=3   AUC=0.4333  benign=-3.895 vs attack=-3.582 (격차 -0.313)  J=0.030
[08:33:23]   L=6   AUC=0.4289  benign=-3.145 vs attack=-2.936 (격차 -0.208)  J=0.030
[08:33:23] ======================================================================
[08:33:23] 결론: 제대로 학습된 L=6 모델(TV=0.141)로 이상탐지를 공정 재평가한 결과
[08:33:23]   - L=3(얕음): AUC=0.4333 -> 역신호(공격이 오히려 더 정상스러움)
[08:33:23]   - L=6(깊음): AUC=0.4289 -> 역신호(공격이 오히려 더 정상스러움)
[08:33:23]   - 깊이를 올려 분포를 제대로 학습했을 때 이상탐지 변화: ΔAUC=-0.0044
[08:33:23]   => L=6에서도 AUC가 무작위 근처/이하 -> 'Infiltration은 분포를 잘 학습해도 잡기 어려운 은밀한 공격'(정직 보고). 확장 실패가 아니라 공격 자체의 난이도.
[08:33:23] ----------------------------------------------------------------------
[08:33:23] [최종 요약 1줄] 제대로 학습된(L=6) 모델로 이상탐지가 작동하는가? : 아니오 (AUC 0.429, 무작위 수준 -> Infiltration이 본질적으로 어려운 공격)
[08:33:23] 총 실행 시간: 646.2s (10.77분)
[08:33:23] 결과물: results2/ (train_8q_L*.png, dist_8q_L*.png, anomaly_8q_L*.png, anomaly_L3_vs_L6.png, anomaly_redo.json)
[08:33:23] ======================================================================
[08:33:23] DONE
