[07:10:51] CSV 로드: ['Protocol', 'SYN Flag Cnt', 'PSH Flag Cnt', 'Pkt Len Mean', 'Label']
[07:10:52] Benign=238037  Infilteration(공격)=93063
[07:10:52] 8q 점유 상태=50/256
[07:10:52] ########## 8q  L=3  ##########
[07:10:52] ----------------------------------------------------------------------
[07:10:52] [8q] 학습 시작: 8큐비트, 256상태, params=72, 재시작=16 (16코어 병렬)
[07:10:53]   [8q seed  5] ep    0/300  MMD^2=9.19526e-02  |grad|=2.180e-02  (0.5s)
[07:10:53]   [8q seed  4] ep    0/300  MMD^2=9.32658e-02  |grad|=2.835e-02  (0.5s)
[07:10:53]   [8q seed 11] ep    0/300  MMD^2=9.25658e-02  |grad|=1.384e-02  (0.7s)
[07:10:53]   [8q seed  7] ep    0/300  MMD^2=8.43054e-02  |grad|=1.755e-02  (0.7s)
[07:10:53]   [8q seed  0] ep    0/300  MMD^2=8.30593e-02  |grad|=2.184e-02  (0.7s)
[07:10:53]   [8q seed 10] ep    0/300  MMD^2=8.14334e-02  |grad|=2.438e-02  (0.7s)[07:10:53]   [8q seed  9] ep    0/300  MMD^2=1.04664e-01  |grad|=4.728e-02  (0.7s)

[07:10:53]   [8q seed 15] ep    0/300  MMD^2=8.84084e-02  |grad|=1.684e-02  (0.7s)
[07:10:53]   [8q seed 13] ep    0/300  MMD^2=9.03090e-02  |grad|=2.504e-02  (0.7s)
[07:10:53]   [8q seed  8] ep    0/300  MMD^2=9.22664e-02  |grad|=3.778e-02  (0.7s)
[07:10:53]   [8q seed  1] ep    0/300  MMD^2=8.67674e-02  |grad|=2.200e-02  (0.7s)
[07:10:53]   [8q seed  2] ep    0/300  MMD^2=9.10475e-02  |grad|=2.686e-02  (0.7s)
[07:10:53]   [8q seed  3] ep    0/300  MMD^2=8.20815e-02  |grad|=3.192e-02  (0.7s)
[07:10:53]   [8q seed 12] ep    0/300  MMD^2=9.06705e-02  |grad|=1.903e-02  (0.7s)
[07:10:53]   [8q seed 14] ep    0/300  MMD^2=8.52830e-02  |grad|=2.083e-02  (0.7s)
[07:10:53]   [8q seed  6] ep    0/300  MMD^2=9.26000e-02  |grad|=2.992e-02  (0.7s)
[07:11:17]   [8q seed  5] ep   50/300  MMD^2=2.64760e-02  |grad|=2.720e-03  (24.5s)
[07:11:17]   [8q seed  4] ep   50/300  MMD^2=3.28792e-02  |grad|=1.891e-03  (24.7s)
[07:11:17]   [8q seed  7] ep   50/300  MMD^2=2.21290e-02  |grad|=3.457e-03  (24.7s)
[07:11:17]   [8q seed  9] ep   50/300  MMD^2=2.06711e-02  |grad|=4.075e-03  (24.8s)
[07:11:17]   [8q seed  6] ep   50/300  MMD^2=2.84541e-02  |grad|=5.445e-03  (24.8s)
[07:11:17]   [8q seed 10] ep   50/300  MMD^2=2.27017e-02  |grad|=4.496e-03  (25.0s)
[07:11:17]   [8q seed  8] ep   50/300  MMD^2=2.00964e-02  |grad|=3.059e-03  (25.0s)
[07:11:17]   [8q seed  0] ep   50/300  MMD^2=2.43056e-02  |grad|=2.595e-03  (25.1s)
[07:11:17]   [8q seed 15] ep   50/300  MMD^2=1.98899e-02  |grad|=3.168e-03  (25.1s)
[07:11:17]   [8q seed 13] ep   50/300  MMD^2=1.78576e-02  |grad|=3.568e-03  (25.2s)
[07:11:17]   [8q seed 14] ep   50/300  MMD^2=2.69286e-02  |grad|=1.711e-03  (25.1s)
[07:11:17]   [8q seed  1] ep   50/300  MMD^2=1.76199e-02  |grad|=2.969e-03  (25.2s)
[07:11:19]   [8q seed 11] ep   50/300  MMD^2=2.16045e-02  |grad|=7.445e-03  (27.2s)
[07:11:19]   [8q seed  2] ep   50/300  MMD^2=1.94118e-02  |grad|=3.226e-03  (27.2s)
[07:11:19]   [8q seed  3] ep   50/300  MMD^2=2.82502e-02  |grad|=2.348e-03  (27.2s)
[07:11:20]   [8q seed 12] ep   50/300  MMD^2=1.79060e-02  |grad|=3.373e-03  (27.3s)
[07:11:41]   [8q seed  5] ep  100/300  MMD^2=2.56293e-02  |grad|=2.683e-04  (48.6s)
[07:11:41]   [8q seed  7] ep  100/300  MMD^2=1.69380e-02  |grad|=1.561e-03  (48.7s)
[07:11:41]   [8q seed  4] ep  100/300  MMD^2=3.09744e-02  |grad|=1.418e-03  (48.9s)
[07:11:41]   [8q seed  9] ep  100/300  MMD^2=1.71329e-02  |grad|=7.666e-04  (49.1s)
[07:11:41]   [8q seed 10] ep  100/300  MMD^2=1.49956e-02  |grad|=2.188e-03  (49.2s)
[07:11:41]   [8q seed  0] ep  100/300  MMD^2=2.19426e-02  |grad|=1.380e-03  (49.3s)
[07:11:42]   [8q seed  8] ep  100/300  MMD^2=1.74066e-02  |grad|=1.584e-03  (49.3s)
[07:11:42]   [8q seed  6] ep  100/300  MMD^2=1.39523e-02  |grad|=1.245e-03  (49.3s)
[07:11:42]   [8q seed 15] ep  100/300  MMD^2=1.88035e-02  |grad|=3.408e-04  (49.5s)
[07:11:42]   [8q seed  1] ep  100/300  MMD^2=1.60583e-02  |grad|=3.817e-04  (49.6s)
[07:11:42]   [8q seed 14] ep  100/300  MMD^2=2.37824e-02  |grad|=1.368e-03  (49.6s)
[07:11:42]   [8q seed 13] ep  100/300  MMD^2=1.66860e-02  |grad|=3.651e-04  (49.6s)
[07:11:46]   [8q seed  3] ep  100/300  MMD^2=2.76785e-02  |grad|=5.006e-04  (53.9s)
[07:11:46]   [8q seed 12] ep  100/300  MMD^2=1.10670e-02  |grad|=1.269e-03  (53.9s)
[07:11:46]   [8q seed  2] ep  100/300  MMD^2=1.68890e-02  |grad|=5.141e-04  (54.1s)
[07:11:46]   [8q seed 11] ep  100/300  MMD^2=1.42097e-02  |grad|=1.757e-03  (54.1s)
[07:12:05]   [8q seed  7] ep  150/300  MMD^2=1.60614e-02  |grad|=2.251e-04  (72.6s)
[07:12:05]   [8q seed  5] ep  150/300  MMD^2=2.55661e-02  |grad|=1.290e-04  (72.8s)
[07:12:05]   [8q seed  4] ep  150/300  MMD^2=2.06889e-02  |grad|=3.190e-03  (72.8s)
[07:12:05]   [8q seed 14] ep  150/300  MMD^2=2.05780e-02  |grad|=2.553e-03  (72.8s)
[07:12:05]   [8q seed  9] ep  150/300  MMD^2=1.70195e-02  |grad|=1.275e-04  (73.1s)
[07:12:05]   [8q seed 10] ep  150/300  MMD^2=1.36044e-02  |grad|=3.883e-04  (73.3s)
[07:12:05]   [8q seed  6] ep  150/300  MMD^2=1.19549e-02  |grad|=4.213e-04  (73.2s)
[07:12:06]   [8q seed  0] ep  150/300  MMD^2=1.94888e-02  |grad|=7.397e-04  (73.3s)
[07:12:06]   [8q seed 13] ep  150/300  MMD^2=1.66233e-02  |grad|=8.575e-05  (73.6s)
[07:12:06]   [8q seed 15] ep  150/300  MMD^2=1.80986e-02  |grad|=4.349e-04  (73.7s)
[07:12:06]   [8q seed  1] ep  150/300  MMD^2=1.42485e-02  |grad|=5.224e-04  (73.8s)
[07:12:07]   [8q seed  8] ep  150/300  MMD^2=1.64230e-02  |grad|=2.594e-04  (74.3s)
[07:12:13]   [8q seed 12] ep  150/300  MMD^2=1.09511e-02  |grad|=8.798e-05  (80.3s)
[07:12:13]   [8q seed 11] ep  150/300  MMD^2=1.32677e-02  |grad|=3.713e-04  (80.6s)
[07:12:13]   [8q seed  3] ep  150/300  MMD^2=2.70551e-02  |grad|=1.108e-04  (80.7s)
[07:12:13]   [8q seed  2] ep  150/300  MMD^2=1.67772e-02  |grad|=6.321e-05  (80.7s)
[07:12:28]   [8q seed  7] ep  200/300  MMD^2=1.59023e-02  |grad|=1.956e-04  (96.2s)
[07:12:29]   [8q seed  5] ep  200/300  MMD^2=2.55197e-02  |grad|=5.233e-05  (96.5s)
[07:12:29]   [8q seed  4] ep  200/300  MMD^2=1.41312e-02  |grad|=1.779e-03  (96.5s)
[07:12:29]   [8q seed 14] ep  200/300  MMD^2=1.90220e-02  |grad|=3.805e-04  (96.5s)
[07:12:29]   [8q seed  9] ep  200/300  MMD^2=1.68414e-02  |grad|=4.154e-04  (96.8s)
[07:12:29]   [8q seed 10] ep  200/300  MMD^2=1.35103e-02  |grad|=7.945e-05  (97.0s)
[07:12:29]   [8q seed  6] ep  200/300  MMD^2=1.18789e-02  |grad|=9.763e-05  (97.0s)
[07:12:30]   [8q seed  0] ep  200/300  MMD^2=1.46054e-02  |grad|=1.058e-03  (97.4s)
[07:12:30]   [8q seed 13] ep  200/300  MMD^2=1.65807e-02  |grad|=6.055e-05  (97.5s)
[07:12:30]   [8q seed  1] ep  200/300  MMD^2=1.40612e-02  |grad|=1.155e-04  (97.5s)
[07:12:30]   [8q seed 15] ep  200/300  MMD^2=1.78711e-02  |grad|=1.051e-04  (97.5s)
[07:12:30]   [8q seed  8] ep  200/300  MMD^2=1.62500e-02  |grad|=1.676e-04  (98.1s)
[07:12:39]   [8q seed 12] ep  200/300  MMD^2=1.09466e-02  |grad|=1.932e-05  (106.5s)
[07:12:40]   [8q seed 11] ep  200/300  MMD^2=1.30907e-02  |grad|=9.576e-05  (107.4s)
[07:12:40]   [8q seed  3] ep  200/300  MMD^2=2.70199e-02  |grad|=4.080e-05  (107.6s)
[07:12:40]   [8q seed  2] ep  200/300  MMD^2=1.67584e-02  |grad|=4.601e-05  (107.7s)
[07:12:49]   [8q seed  4] ep  250/300  MMD^2=1.38006e-02  |grad|=2.043e-04  (117.1s)
[07:12:52]   [8q seed  7] ep  250/300  MMD^2=1.58290e-02  |grad|=6.345e-05  (119.9s)
[07:12:52]   [8q seed  5] ep  250/300  MMD^2=2.54960e-02  |grad|=9.093e-05  (120.0s)
[07:12:52]   [8q seed 14] ep  250/300  MMD^2=1.89173e-02  |grad|=2.198e-04  (120.2s)
[07:12:53]   [8q seed  9] ep  250/300  MMD^2=1.51651e-02  |grad|=4.975e-04  (120.4s)
[07:12:53]   [8q seed  6] ep  250/300  MMD^2=1.17534e-02  |grad|=2.445e-04  (120.5s)
[07:12:53]   [8q seed 10] ep  250/300  MMD^2=1.34908e-02  |grad|=3.002e-05  (120.6s)
[07:12:53]   [8q seed  0] ep  250/300  MMD^2=1.43058e-02  |grad|=1.020e-04  (121.2s)
[07:12:54]   [8q seed 15] ep  250/300  MMD^2=1.78332e-02  |grad|=4.028e-05  (121.3s)
[07:12:54]   [8q seed  1] ep  250/300  MMD^2=1.40212e-02  |grad|=3.762e-05  (121.4s)
[07:12:54]   [8q seed  8] ep  250/300  MMD^2=1.57050e-02  |grad|=1.685e-04  (121.9s)
[07:12:57]   [8q seed 13] ep  250/300  MMD^2=1.65510e-02  |grad|=5.473e-05  (124.4s)
[07:13:06]   [8q seed 12] ep  250/300  MMD^2=1.09442e-02  |grad|=1.596e-05  (134.0s)
[07:13:07]   [8q seed 11] ep  250/300  MMD^2=1.30484e-02  |grad|=5.509e-05  (134.4s)
[07:13:07]   [8q seed  3] ep  250/300  MMD^2=2.70084e-02  |grad|=2.340e-05  (134.9s)
[07:13:08]   [8q seed  2] ep  250/300  MMD^2=1.61419e-02  |grad|=6.571e-04  (135.9s)
[07:13:09]   [8q seed  4] ep  299/300  MMD^2=1.37742e-02  |grad|=1.604e-05  (136.6s)
[07:13:09]   [8q seed  4] 완료 MMD^2=1.3774e-02 TV=0.5101 |grad|_fin=1.604e-05 (136.6s)
[07:13:13]   [8q seed  9] ep  299/300  MMD^2=1.43083e-02  |grad|=1.399e-03  (140.7s)
[07:13:13]   [8q seed  9] 완료 MMD^2=1.4308e-02 TV=0.5382 |grad|_fin=1.399e-03 (140.7s)
[07:13:15]   [8q seed  5] ep  299/300  MMD^2=2.50817e-02  |grad|=2.803e-04  (142.4s)
[07:13:15]   [8q seed  5] 완료 MMD^2=2.5082e-02 TV=0.7073 |grad|_fin=2.803e-04 (142.4s)
[07:13:15]   [8q seed 15] ep  299/300  MMD^2=1.78195e-02  |grad|=3.410e-05  (142.9s)
[07:13:15]   [8q seed 15] 완료 MMD^2=1.7819e-02 TV=0.5709 |grad|_fin=3.410e-05 (142.9s)
[07:13:15]   [8q seed 10] ep  299/300  MMD^2=1.34861e-02  |grad|=1.847e-05  (143.1s)
[07:13:15]   [8q seed 10] 완료 MMD^2=1.3486e-02 TV=0.5515 |grad|_fin=1.847e-05 (143.1s)
[07:13:15]   [8q seed  7] ep  299/300  MMD^2=1.57837e-02  |grad|=3.859e-05  (143.1s)
[07:13:15]   [8q seed  7] 완료 MMD^2=1.5784e-02 TV=0.5605 |grad|_fin=3.859e-05 (143.1s)
[07:13:16]   [8q seed  6] ep  299/300  MMD^2=1.15535e-02  |grad|=7.514e-05  (143.4s)
[07:13:16]   [8q seed  6] 완료 MMD^2=1.1554e-02 TV=0.5446 |grad|_fin=7.514e-05 (143.4s)
[07:13:16]   [8q seed 14] ep  299/300  MMD^2=1.80120e-02  |grad|=2.469e-04  (143.5s)
[07:13:16]   [8q seed 14] 완료 MMD^2=1.8012e-02 TV=0.5628 |grad|_fin=2.469e-04 (143.5s)
[07:13:16]   [8q seed  1] ep  299/300  MMD^2=1.40149e-02  |grad|=1.643e-05  (143.7s)
[07:13:16]   [8q seed  0] ep  299/300  MMD^2=1.42797e-02  |grad|=4.855e-05  (143.7s)
[07:13:16]   [8q seed  1] 완료 MMD^2=1.4015e-02 TV=0.5499 |grad|_fin=1.643e-05 (143.7s)
[07:13:16]   [8q seed  0] 완료 MMD^2=1.4280e-02 TV=0.5595 |grad|_fin=4.855e-05 (143.7s)
[07:13:17]   [8q seed  8] ep  299/300  MMD^2=1.56069e-02  |grad|=3.297e-05  (144.4s)
[07:13:17]   [8q seed  8] 완료 MMD^2=1.5607e-02 TV=0.5070 |grad|_fin=3.297e-05 (144.4s)
[07:13:22]   [8q seed 12] ep  299/300  MMD^2=1.09419e-02  |grad|=1.571e-05  (150.1s)
[07:13:22]   [8q seed 12] 완료 MMD^2=1.0942e-02 TV=0.4981 |grad|_fin=1.571e-05 (150.2s)
[07:13:23]   [8q seed 13] ep  299/300  MMD^2=1.65299e-02  |grad|=4.050e-05  (150.7s)
[07:13:23]   [8q seed 13] 완료 MMD^2=1.6530e-02 TV=0.5325 |grad|_fin=4.050e-05 (150.7s)
[07:13:29]   [8q seed  2] ep  299/300  MMD^2=1.35200e-02  |grad|=6.742e-04  (156.4s)
[07:13:29]   [8q seed  2] 완료 MMD^2=1.3520e-02 TV=0.5114 |grad|_fin=6.742e-04 (156.4s)
[07:13:30]   [8q seed 11] ep  299/300  MMD^2=1.30167e-02  |grad|=5.095e-05  (158.2s)
[07:13:30]   [8q seed 11] 완료 MMD^2=1.3017e-02 TV=0.4748 |grad|_fin=5.095e-05 (158.3s)
[07:13:31]   [8q seed  3] ep  299/300  MMD^2=2.70028e-02  |grad|=2.148e-05  (158.7s)
[07:13:31]   [8q seed  3] 완료 MMD^2=2.7003e-02 TV=0.7324 |grad|_fin=2.148e-05 (158.7s)
[07:13:31] [8q] 완료: best MMD^2=1.0942e-02 TV=0.4981 KL=0.9388 | 중앙값MMD^2=1.4294e-02 | 수렴~79 ep | wall=158.9s
[07:13:31] [8q] gradient-norm(중앙값): 초기=2.319e-02 -> 최종=3.954e-05 (바렌플래토 진단)
[07:13:31] ########## 8q  L=6  ##########
[07:13:31] ----------------------------------------------------------------------
[07:13:31] [8q] 학습 시작: 8큐비트, 256상태, params=144, 재시작=16 (16코어 병렬)
[07:13:33]   [8q seed  0] ep    0/300  MMD^2=8.48894e-02  |grad|=4.246e-02  (1.9s)[07:13:33]   [8q seed  4] ep    0/300  MMD^2=8.76350e-02  |grad|=3.550e-02  (1.9s)

[07:13:33]   [8q seed  6] ep    0/300  MMD^2=7.99064e-02  |grad|=3.360e-02  (1.9s)[07:13:33]   [8q seed  5] ep    0/300  MMD^2=8.70059e-02  |grad|=3.366e-02  (1.9s)

[07:13:33]   [8q seed 11] ep    0/300  MMD^2=8.93772e-02  |grad|=3.535e-02  (2.0s)
[07:13:33]   [8q seed 12] ep    0/300  MMD^2=8.69229e-02  |grad|=3.085e-02  (2.0s)
[07:13:33]   [8q seed  1] ep    0/300  MMD^2=8.98863e-02  |grad|=3.027e-02  (2.1s)
[07:13:33]   [8q seed 10] ep    0/300  MMD^2=8.64574e-02  |grad|=3.806e-02  (2.0s)
[07:13:33]   [8q seed 15] ep    0/300  MMD^2=7.69840e-02  |grad|=3.543e-02  (2.1s)
[07:13:33]   [8q seed  8] ep    0/300  MMD^2=8.09129e-02  |grad|=4.505e-02  (2.1s)
[07:13:33]   [8q seed  9] ep    0/300  MMD^2=8.81401e-02  |grad|=3.281e-02  (2.1s)
[07:13:33]   [8q seed 14] ep    0/300  MMD^2=9.30091e-02  |grad|=4.537e-02  (2.1s)
[07:13:33]   [8q seed  2] ep    0/300  MMD^2=7.75002e-02  |grad|=3.148e-02  (2.2s)
[07:13:33]   [8q seed 13] ep    0/300  MMD^2=8.05817e-02  |grad|=2.735e-02  (2.1s)
[07:13:33]   [8q seed  3] ep    0/300  MMD^2=8.67742e-02  |grad|=3.324e-02  (2.3s)
[07:13:33]   [8q seed  7] ep    0/300  MMD^2=9.10930e-02  |grad|=3.895e-02  (2.3s)
[07:14:56]   [8q seed  9] ep   50/300  MMD^2=1.16012e-02  |grad|=3.420e-03  (85.2s)
[07:14:56]   [8q seed  1] ep   50/300  MMD^2=3.77435e-03  |grad|=2.162e-03  (85.2s)
[07:14:56]   [8q seed 15] ep   50/300  MMD^2=9.17114e-03  |grad|=3.376e-03  (85.3s)
[07:14:56]   [8q seed  2] ep   50/300  MMD^2=3.46018e-03  |grad|=2.143e-03  (85.3s)
[07:14:57]   [8q seed 13] ep   50/300  MMD^2=4.31201e-03  |grad|=3.579e-03  (85.4s)
[07:14:57]   [8q seed 10] ep   50/300  MMD^2=1.03581e-02  |grad|=3.197e-03  (85.4s)
[07:14:57]   [8q seed 12] ep   50/300  MMD^2=1.15959e-02  |grad|=2.940e-03  (85.4s)
[07:14:57]   [8q seed 11] ep   50/300  MMD^2=1.09430e-02  |grad|=2.875e-03  (85.5s)
[07:14:57]   [8q seed  7] ep   50/300  MMD^2=1.01183e-02  |grad|=3.416e-03  (85.6s)
[07:14:57]   [8q seed  8] ep   50/300  MMD^2=9.84926e-03  |grad|=2.837e-03  (85.7s)
[07:14:57]   [8q seed  3] ep   50/300  MMD^2=8.60650e-03  |grad|=3.486e-03  (85.9s)
[07:14:57]   [8q seed 14] ep   50/300  MMD^2=1.06495e-02  |grad|=3.205e-03  (85.9s)
[07:15:06]   [8q seed  5] ep   50/300  MMD^2=4.21860e-03  |grad|=2.778e-03  (94.8s)
[07:15:06]   [8q seed  6] ep   50/300  MMD^2=1.21186e-02  |grad|=2.942e-03  (94.8s)
[07:15:06]   [8q seed  4] ep   50/300  MMD^2=9.04330e-03  |grad|=3.117e-03  (94.8s)
[07:15:06]   [8q seed  0] ep   50/300  MMD^2=1.14936e-02  |grad|=3.042e-03  (94.8s)
[07:16:20]   [8q seed  2] ep  100/300  MMD^2=2.15615e-03  |grad|=4.218e-04  (168.6s)
[07:16:20]   [8q seed  1] ep  100/300  MMD^2=2.57126e-03  |grad|=5.596e-04  (168.9s)
[07:16:20]   [8q seed 13] ep  100/300  MMD^2=1.78801e-03  |grad|=5.205e-04  (168.8s)
[07:16:20]   [8q seed  8] ep  100/300  MMD^2=6.13018e-03  |grad|=1.859e-03  (169.1s)
[07:16:20]   [8q seed 15] ep  100/300  MMD^2=7.81333e-03  |grad|=6.402e-04  (169.2s)
[07:16:20]   [8q seed 12] ep  100/300  MMD^2=8.85691e-03  |grad|=1.139e-03  (169.2s)
[07:16:20]   [8q seed 11] ep  100/300  MMD^2=9.10360e-03  |grad|=4.636e-04  (169.4s)
[07:16:21]   [8q seed 10] ep  100/300  MMD^2=4.17493e-03  |grad|=9.812e-04  (169.5s)
[07:16:21]   [8q seed  7] ep  100/300  MMD^2=2.35887e-03  |grad|=9.609e-04  (169.7s)
[07:16:21]   [8q seed  9] ep  100/300  MMD^2=5.23704e-03  |grad|=8.098e-04  (169.9s)
[07:16:21]   [8q seed  3] ep  100/300  MMD^2=2.13002e-03  |grad|=1.218e-03  (169.9s)
[07:16:21]   [8q seed 14] ep  100/300  MMD^2=3.21540e-03  |grad|=1.105e-03  (170.1s)
[07:16:41]   [8q seed  6] ep  100/300  MMD^2=5.70286e-03  |grad|=1.195e-03  (190.3s)
[07:16:42]   [8q seed  5] ep  100/300  MMD^2=1.82912e-03  |grad|=8.085e-04  (190.4s)
[07:16:42]   [8q seed  4] ep  100/300  MMD^2=4.00295e-03  |grad|=8.312e-04  (190.5s)
[07:16:42]   [8q seed  0] ep  100/300  MMD^2=7.63332e-03  |grad|=1.068e-03  (190.5s)
[07:17:42]   [8q seed  2] ep  150/300  MMD^2=1.81661e-03  |grad|=2.267e-04  (250.8s)
[07:17:42]   [8q seed 13] ep  150/300  MMD^2=1.26579e-03  |grad|=2.184e-04  (251.1s)
[07:17:42]   [8q seed  1] ep  150/300  MMD^2=1.17266e-03  |grad|=3.287e-04  (251.4s)
[07:17:43]   [8q seed  8] ep  150/300  MMD^2=1.72271e-03  |grad|=5.533e-04  (251.5s)
[07:17:43]   [8q seed 15] ep  150/300  MMD^2=6.55267e-03  |grad|=4.206e-04  (252.0s)
[07:17:43]   [8q seed 11] ep  150/300  MMD^2=8.75201e-03  |grad|=2.174e-04  (252.1s)
[07:17:43]   [8q seed  3] ep  150/300  MMD^2=1.46845e-03  |grad|=2.538e-04  (252.3s)
[07:17:43]   [8q seed  7] ep  150/300  MMD^2=1.18171e-03  |grad|=2.423e-04  (252.3s)
[07:17:43]   [8q seed 12] ep  150/300  MMD^2=7.15489e-03  |grad|=2.454e-04  (252.3s)
[07:17:44]   [8q seed 14] ep  150/300  MMD^2=2.20296e-03  |grad|=2.450e-04  (252.6s)
[07:17:44]   [8q seed  9] ep  150/300  MMD^2=4.32332e-03  |grad|=3.726e-04  (252.9s)
[07:17:45]   [8q seed 10] ep  150/300  MMD^2=3.47978e-03  |grad|=1.888e-04  (253.6s)
[07:18:15]   [8q seed  5] ep  150/300  MMD^2=1.19090e-03  |grad|=1.788e-04  (284.1s)[07:18:15]   [8q seed  6] ep  150/300  MMD^2=4.33210e-03  |grad|=4.423e-04  (284.1s)

[07:18:16]   [8q seed  0] ep  150/300  MMD^2=5.98280e-03  |grad|=1.989e-04  (284.8s)
[07:18:16]   [8q seed  4] ep  150/300  MMD^2=2.29150e-03  |grad|=5.852e-04  (285.1s)
[07:19:04]   [8q seed  2] ep  200/300  MMD^2=1.59954e-03  |grad|=1.119e-04  (332.7s)
[07:19:04]   [8q seed 13] ep  200/300  MMD^2=1.03883e-03  |grad|=1.487e-04  (333.0s)
[07:19:04]   [8q seed  1] ep  200/300  MMD^2=9.92983e-04  |grad|=1.259e-04  (333.1s)
[07:19:05]   [8q seed  8] ep  200/300  MMD^2=1.20092e-03  |grad|=1.630e-04  (333.6s)
[07:19:05]   [8q seed 15] ep  200/300  MMD^2=3.74855e-03  |grad|=1.071e-03  (334.3s)
[07:19:06]   [8q seed 12] ep  200/300  MMD^2=6.08599e-03  |grad|=1.786e-03  (334.3s)
[07:19:06]   [8q seed 11] ep  200/300  MMD^2=8.06725e-03  |grad|=5.503e-04  (334.4s)
[07:19:06]   [8q seed  7] ep  200/300  MMD^2=1.05503e-03  |grad|=4.839e-05  (334.6s)
[07:19:06]   [8q seed  3] ep  200/300  MMD^2=1.28937e-03  |grad|=5.844e-05  (334.8s)
[07:19:06]   [8q seed  9] ep  200/300  MMD^2=3.64651e-03  |grad|=5.281e-04  (335.0s)
[07:19:06]   [8q seed 14] ep  200/300  MMD^2=2.01160e-03  |grad|=1.640e-04  (335.0s)
[07:19:08]   [8q seed 10] ep  200/300  MMD^2=3.39410e-03  |grad|=1.290e-04  (337.0s)
[07:19:49]   [8q seed  6] ep  200/300  MMD^2=3.50330e-03  |grad|=3.364e-04  (378.1s)
[07:19:49]   [8q seed  5] ep  200/300  MMD^2=1.08390e-03  |grad|=5.765e-05  (378.1s)
[07:19:50]   [8q seed  0] ep  200/300  MMD^2=5.78649e-03  |grad|=3.420e-04  (378.4s)
[07:19:50]   [8q seed  4] ep  200/300  MMD^2=1.23724e-03  |grad|=3.595e-04  (379.1s)
[07:20:26]   [8q seed  2] ep  250/300  MMD^2=1.49907e-03  |grad|=8.693e-05  (414.6s)
[07:20:26]   [8q seed 13] ep  250/300  MMD^2=9.51867e-04  |grad|=4.301e-05  (415.0s)
[07:20:27]   [8q seed 11] ep  250/300  MMD^2=6.70936e-03  |grad|=3.038e-04  (416.1s)
[07:20:28]   [8q seed 15] ep  250/300  MMD^2=2.33762e-03  |grad|=2.728e-04  (416.6s)
[07:20:28]   [8q seed  8] ep  250/300  MMD^2=1.09039e-03  |grad|=1.337e-04  (416.7s)
[07:20:28]   [8q seed 12] ep  250/300  MMD^2=1.91741e-03  |grad|=3.829e-04  (416.8s)
[07:20:28]   [8q seed  7] ep  250/300  MMD^2=1.04559e-03  |grad|=2.132e-05  (416.9s)
[07:20:28]   [8q seed  3] ep  250/300  MMD^2=1.27127e-03  |grad|=3.445e-05  (417.1s)
[07:20:29]   [8q seed  9] ep  250/300  MMD^2=2.46449e-03  |grad|=4.985e-04  (417.4s)
[07:20:29]   [8q seed 14] ep  250/300  MMD^2=1.90944e-03  |grad|=6.766e-05  (417.4s)
[07:20:31]   [8q seed 10] ep  250/300  MMD^2=3.09358e-03  |grad|=1.876e-04  (420.1s)
[07:20:33]   [8q seed  1] ep  250/300  MMD^2=8.30168e-04  |grad|=1.041e-04  (421.8s)
[07:21:13]   [8q seed  0] ep  250/300  MMD^2=2.44131e-03  |grad|=8.067e-04  (461.9s)
[07:21:25]   [8q seed  6] ep  250/300  MMD^2=2.53082e-03  |grad|=3.884e-03  (473.5s)
[07:21:25]   [8q seed  5] ep  250/300  MMD^2=1.06223e-03  |grad|=4.574e-05  (473.8s)
[07:21:25]   [8q seed  4] ep  250/300  MMD^2=8.54589e-04  |grad|=2.413e-04  (474.3s)
[07:21:46]   [8q seed  2] ep  299/300  MMD^2=1.45269e-03  |grad|=6.651e-05  (495.3s)
[07:21:46]   [8q seed  2] 완료 MMD^2=1.4527e-03 TV=0.2070 |grad|_fin=6.651e-05 (495.3s)
[07:21:47]   [8q seed 13] ep  299/300  MMD^2=9.43103e-04  |grad|=2.075e-05  (495.3s)
[07:21:47]   [8q seed 13] 완료 MMD^2=9.4310e-04 TV=0.1686 |grad|_fin=2.075e-05 (495.3s)
[07:21:48]   [8q seed 11] ep  299/300  MMD^2=6.30507e-03  |grad|=2.450e-03  (496.4s)
[07:21:48]   [8q seed 11] 완료 MMD^2=6.3051e-03 TV=0.3533 |grad|_fin=2.450e-03 (496.4s)
[07:21:48]   [8q seed 12] ep  299/300  MMD^2=1.53909e-03  |grad|=9.115e-05  (496.5s)
[07:21:48]   [8q seed 12] 완료 MMD^2=1.5391e-03 TV=0.2062 |grad|_fin=9.115e-05 (496.5s)
[07:21:48]   [8q seed  8] ep  299/300  MMD^2=1.00089e-03  |grad|=6.542e-05  (496.9s)
[07:21:48]   [8q seed  8] 완료 MMD^2=1.0009e-03 TV=0.1842 |grad|_fin=6.542e-05 (496.9s)
[07:21:48]   [8q seed 15] ep  299/300  MMD^2=2.07939e-03  |grad|=1.390e-04  (497.3s)
[07:21:48]   [8q seed  7] ep  299/300  MMD^2=1.04187e-03  |grad|=1.739e-05  (497.3s)
[07:21:48]   [8q seed 15] 완료 MMD^2=2.0794e-03 TV=0.2470 |grad|_fin=1.390e-04 (497.3s)
[07:21:48]   [8q seed  7] 완료 MMD^2=1.0419e-03 TV=0.1711 |grad|_fin=1.739e-05 (497.3s)
[07:21:49]   [8q seed  9] ep  299/300  MMD^2=2.05531e-03  |grad|=2.665e-04  (497.5s)
[07:21:49]   [8q seed  9] 완료 MMD^2=2.0553e-03 TV=0.2372 |grad|_fin=2.665e-04 (497.5s)
[07:21:49]   [8q seed  3] ep  299/300  MMD^2=1.26084e-03  |grad|=3.013e-05  (497.7s)
[07:21:49]   [8q seed  3] 완료 MMD^2=1.2608e-03 TV=0.1858 |grad|_fin=3.013e-05 (497.7s)
[07:21:49]   [8q seed 14] ep  299/300  MMD^2=1.84037e-03  |grad|=9.447e-05  (497.9s)
[07:21:49]   [8q seed 14] 완료 MMD^2=1.8404e-03 TV=0.2297 |grad|_fin=9.447e-05 (497.9s)
[07:21:49]   [8q seed 10] ep  299/300  MMD^2=2.84622e-03  |grad|=3.564e-04  (498.2s)
[07:21:49]   [8q seed 10] 완료 MMD^2=2.8462e-03 TV=0.2786 |grad|_fin=3.564e-04 (498.3s)
[07:22:05]   [8q seed  1] ep  299/300  MMD^2=7.52435e-04  |grad|=6.738e-05  (514.0s)
[07:22:05]   [8q seed  1] 완료 MMD^2=7.5243e-04 TV=0.1517 |grad|_fin=6.738e-05 (514.0s)
[07:22:11]   [8q seed  0] ep  299/300  MMD^2=1.72461e-03  |grad|=6.037e-03  (519.4s)
[07:22:11]   [8q seed  0] 완료 MMD^2=1.7246e-03 TV=0.2045 |grad|_fin=6.037e-03 (519.4s)
[07:22:32]   [8q seed  4] ep  299/300  MMD^2=6.74195e-04  |grad|=9.722e-05  (541.1s)
[07:22:32]   [8q seed  4] 완료 MMD^2=6.7420e-04 TV=0.1413 |grad|_fin=9.722e-05 (541.1s)
[07:22:45]   [8q seed  6] ep  299/300  MMD^2=2.36445e-03  |grad|=3.472e-04  (553.4s)
[07:22:45]   [8q seed  6] 완료 MMD^2=2.3645e-03 TV=0.2637 |grad|_fin=3.472e-04 (553.4s)
[07:22:45]   [8q seed  5] ep  299/300  MMD^2=1.03937e-03  |grad|=4.433e-05  (553.5s)
[07:22:45]   [8q seed  5] 완료 MMD^2=1.0394e-03 TV=0.1775 |grad|_fin=4.433e-05 (553.5s)
[07:22:45] [8q] 완료: best MMD^2=6.7420e-04 TV=0.1413 KL=0.1900 | 중앙값MMD^2=1.4959e-03 | 수렴~271 ep | wall=553.8s
[07:22:45] [8q] gradient-norm(중앙값): 초기=3.451e-02 -> 최종=9.281e-05 (바렌플래토 진단)
[07:22:45] ########## 8q  L=9  ##########
[07:22:45] ----------------------------------------------------------------------
[07:22:45] [8q] 학습 시작: 8큐비트, 256상태, params=216, 재시작=16 (16코어 병렬)
[07:22:49]   [8q seed 11] ep    0/300  MMD^2=9.29898e-02  |grad|=5.182e-02  (3.6s)
[07:22:49]   [8q seed  7] ep    0/300  MMD^2=8.40837e-02  |grad|=4.698e-02  (3.9s)
[07:22:49]   [8q seed  4] ep    0/300  MMD^2=8.13502e-02  |grad|=4.287e-02  (3.8s)
[07:22:49]   [8q seed  0] ep    0/300  MMD^2=7.85482e-02  |grad|=4.417e-02  (3.9s)
[07:22:49]   [8q seed  5] ep    0/300  MMD^2=9.37112e-02  |grad|=5.010e-02  (3.9s)
[07:22:49]   [8q seed 10] ep    0/300  MMD^2=9.14159e-02  |grad|=5.115e-02  (3.8s)
[07:22:49]   [8q seed 14] ep    0/300  MMD^2=8.39792e-02  |grad|=4.346e-02  (3.9s)
[07:22:49]   [8q seed  9] ep    0/300  MMD^2=8.86440e-02  |grad|=4.349e-02  (4.0s)
[07:22:49]   [8q seed 13] ep    0/300  MMD^2=9.02926e-02  |grad|=4.289e-02  (3.9s)
[07:22:49]   [8q seed  6] ep    0/300  MMD^2=8.87938e-02  |grad|=4.796e-02  (4.0s)
[07:22:49]   [8q seed 12] ep    0/300  MMD^2=9.21157e-02  |grad|=4.763e-02  (4.0s)
[07:22:49]   [8q seed  1] ep    0/300  MMD^2=8.33973e-02  |grad|=4.286e-02  (4.2s)
[07:22:49]   [8q seed  2] ep    0/300  MMD^2=9.22639e-02  |grad|=4.910e-02  (4.3s)
[07:22:49]   [8q seed  3] ep    0/300  MMD^2=9.45719e-02  |grad|=5.597e-02  (4.3s)
[07:22:49]   [8q seed  8] ep    0/300  MMD^2=9.54736e-02  |grad|=5.002e-02  (4.3s)
[07:22:49]   [8q seed 15] ep    0/300  MMD^2=8.28807e-02  |grad|=5.471e-02  (4.2s)
[07:25:45]   [8q seed  7] ep   50/300  MMD^2=4.15561e-03  |grad|=2.681e-03  (179.9s)
[07:25:45]   [8q seed  0] ep   50/300  MMD^2=3.94758e-03  |grad|=2.164e-03  (180.1s)
[07:25:46]   [8q seed 11] ep   50/300  MMD^2=5.13805e-03  |grad|=2.626e-03  (180.7s)
[07:25:46]   [8q seed 14] ep   50/300  MMD^2=3.45477e-03  |grad|=2.349e-03  (181.5s)
[07:25:47]   [8q seed 13] ep   50/300  MMD^2=4.06148e-03  |grad|=2.673e-03  (181.9s)
[07:25:47]   [8q seed  1] ep   50/300  MMD^2=3.50648e-03  |grad|=2.738e-03  (182.3s)
[07:25:47]   [8q seed  2] ep   50/300  MMD^2=4.18644e-03  |grad|=2.887e-03  (182.3s)
[07:25:47]   [8q seed  8] ep   50/300  MMD^2=4.34760e-03  |grad|=2.399e-03  (182.3s)
[07:25:47]   [8q seed  9] ep   50/300  MMD^2=4.84230e-03  |grad|=2.625e-03  (182.3s)
[07:25:48]   [8q seed 10] ep   50/300  MMD^2=3.96177e-03  |grad|=2.438e-03  (182.9s)
[07:25:48]   [8q seed  4] ep   50/300  MMD^2=4.30134e-03  |grad|=2.648e-03  (183.2s)
[07:25:49]   [8q seed 15] ep   50/300  MMD^2=3.84256e-03  |grad|=2.374e-03  (183.7s)
[07:26:13]   [8q seed  5] ep   50/300  MMD^2=4.98655e-03  |grad|=2.762e-03  (207.6s)
[07:26:13]   [8q seed  3] ep   50/300  MMD^2=4.97327e-03  |grad|=2.546e-03  (208.2s)
[07:26:14]   [8q seed 12] ep   50/300  MMD^2=4.28995e-03  |grad|=3.139e-03  (209.5s)
[07:26:15]   [8q seed  6] ep   50/300  MMD^2=3.82770e-03  |grad|=2.374e-03  (209.6s)
[07:28:41]   [8q seed  7] ep  100/300  MMD^2=2.51100e-03  |grad|=3.624e-04  (355.8s)
[07:28:41]   [8q seed  0] ep  100/300  MMD^2=2.19407e-03  |grad|=3.556e-04  (356.6s)
[07:28:42]   [8q seed 11] ep  100/300  MMD^2=2.93838e-03  |grad|=5.781e-04  (356.8s)
[07:28:44]   [8q seed 13] ep  100/300  MMD^2=2.60637e-03  |grad|=4.923e-04  (359.3s)
[07:28:44]   [8q seed 14] ep  100/300  MMD^2=1.70787e-03  |grad|=3.266e-04  (359.3s)
[07:28:45]   [8q seed  1] ep  100/300  MMD^2=2.36804e-03  |grad|=4.115e-04  (359.7s)
[07:28:45]   [8q seed  9] ep  100/300  MMD^2=2.60970e-03  |grad|=7.233e-04  (359.8s)
[07:28:45]   [8q seed  2] ep  100/300  MMD^2=2.37713e-03  |grad|=3.665e-04  (360.0s)
[07:28:45]   [8q seed  4] ep  100/300  MMD^2=2.98304e-03  |grad|=3.763e-04  (360.0s)
[07:28:45]   [8q seed 10] ep  100/300  MMD^2=2.47461e-03  |grad|=3.397e-04  (360.5s)
[07:28:46]   [8q seed 15] ep  100/300  MMD^2=2.31971e-03  |grad|=4.309e-04  (360.9s)
[07:28:47]   [8q seed  8] ep  100/300  MMD^2=2.53020e-03  |grad|=3.912e-04  (361.9s)
[07:29:34]   [8q seed  5] ep  100/300  MMD^2=2.52063e-03  |grad|=4.015e-04  (408.9s)
[07:29:36]   [8q seed  3] ep  100/300  MMD^2=2.64005e-03  |grad|=5.439e-04  (410.7s)
[07:29:39]   [8q seed  6] ep  100/300  MMD^2=2.26751e-03  |grad|=3.949e-04  (413.7s)
[07:29:39]   [8q seed 12] ep  100/300  MMD^2=2.62928e-03  |grad|=4.747e-04  (413.6s)
[07:31:35]   [8q seed 15] ep  150/300  MMD^2=1.82536e-03  |grad|=2.177e-04  (530.4s)
[07:31:36]   [8q seed  7] ep  150/300  MMD^2=2.22304e-03  |grad|=3.248e-04  (530.9s)
[07:31:37]   [8q seed  0] ep  150/300  MMD^2=1.98917e-03  |grad|=1.078e-04  (532.1s)
[07:31:37]   [8q seed 11] ep  150/300  MMD^2=2.46831e-03  |grad|=1.932e-04  (532.5s)
[07:31:38]   [8q seed 14] ep  150/300  MMD^2=1.56391e-03  |grad|=7.095e-05  (532.7s)
[07:31:40]   [8q seed  4] ep  150/300  MMD^2=2.09833e-03  |grad|=2.646e-04  (535.5s)
[07:31:41]   [8q seed  1] ep  150/300  MMD^2=1.76602e-03  |grad|=1.750e-04  (535.8s)
[07:31:41]   [8q seed  9] ep  150/300  MMD^2=1.90073e-03  |grad|=2.195e-04  (536.2s)
[07:31:41]   [8q seed  2] ep  150/300  MMD^2=2.03218e-03  |grad|=1.493e-04  (536.4s)
[07:31:41]   [8q seed 13] ep  150/300  MMD^2=2.03502e-03  |grad|=2.443e-04  (536.4s)
[07:31:42]   [8q seed 10] ep  150/300  MMD^2=2.17384e-03  |grad|=2.166e-04  (537.3s)
[07:31:58]   [8q seed  8] ep  150/300  MMD^2=2.07575e-03  |grad|=1.663e-04  (553.3s)
[07:33:01]   [8q seed  5] ep  150/300  MMD^2=2.25923e-03  |grad|=1.402e-04  (616.5s)
[07:33:03]   [8q seed  3] ep  150/300  MMD^2=1.98742e-03  |grad|=2.018e-04  (617.6s)
[07:33:04]   [8q seed 12] ep  150/300  MMD^2=1.69644e-03  |grad|=2.960e-04  (619.2s)
[07:33:04]   [8q seed  6] ep  150/300  MMD^2=1.82364e-03  |grad|=2.459e-04  (619.6s)
[07:34:36]   [8q seed  7] ep  200/300  MMD^2=1.77381e-03  |grad|=1.238e-04  (710.9s)
[07:34:36]   [8q seed  0] ep  200/300  MMD^2=1.93279e-03  |grad|=7.754e-05  (711.1s)
[07:34:36]   [8q seed 11] ep  200/300  MMD^2=2.22571e-03  |grad|=1.841e-04  (711.5s)
[07:34:36]   [8q seed 15] ep  200/300  MMD^2=1.58519e-03  |grad|=1.448e-04  (711.5s)
[07:34:39]   [8q seed 14] ep  200/300  MMD^2=1.53673e-03  |grad|=5.127e-05  (714.0s)
[07:34:40]   [8q seed  4] ep  200/300  MMD^2=1.89774e-03  |grad|=1.098e-04  (714.6s)
[07:34:40]   [8q seed  1] ep  200/300  MMD^2=1.62915e-03  |grad|=9.068e-05  (715.1s)
[07:34:41]   [8q seed  2] ep  200/300  MMD^2=1.85760e-03  |grad|=1.786e-04  (716.5s)
[07:34:42]   [8q seed 13] ep  200/300  MMD^2=1.80628e-03  |grad|=1.188e-04  (716.7s)
[07:34:42]   [8q seed  9] ep  200/300  MMD^2=1.67574e-03  |grad|=1.594e-04  (717.0s)
[07:34:43]   [8q seed 10] ep  200/300  MMD^2=1.84941e-03  |grad|=1.562e-04  (718.2s)
[07:35:00]   [8q seed  8] ep  200/300  MMD^2=1.94690e-03  |grad|=1.123e-04  (734.6s)
[07:36:26]   [8q seed  5] ep  200/300  MMD^2=2.08047e-03  |grad|=1.657e-04  (820.8s)
[07:36:28]   [8q seed  3] ep  200/300  MMD^2=1.87948e-03  |grad|=9.613e-05  (822.9s)
[07:36:29]   [8q seed 12] ep  200/300  MMD^2=1.47247e-03  |grad|=1.227e-04  (824.1s)
[07:36:30]   [8q seed  6] ep  200/300  MMD^2=1.62342e-03  |grad|=8.087e-05  (825.2s)
[07:37:35]   [8q seed 11] ep  250/300  MMD^2=1.97207e-03  |grad|=1.920e-04  (890.1s)
[07:37:36]   [8q seed  0] ep  250/300  MMD^2=1.84806e-03  |grad|=1.118e-04  (890.7s)
[07:37:36]   [8q seed 15] ep  250/300  MMD^2=1.49491e-03  |grad|=6.775e-05  (890.9s)
[07:37:36]   [8q seed  7] ep  250/300  MMD^2=1.67881e-03  |grad|=1.055e-04  (891.0s)
[07:37:38]   [8q seed  4] ep  250/300  MMD^2=1.80563e-03  |grad|=9.200e-05  (893.1s)
[07:37:38]   [8q seed 14] ep  250/300  MMD^2=1.50898e-03  |grad|=5.602e-05  (893.5s)
[07:37:39]   [8q seed  1] ep  250/300  MMD^2=1.56734e-03  |grad|=6.658e-05  (894.4s)
[07:37:41]   [8q seed 13] ep  250/300  MMD^2=1.68002e-03  |grad|=1.191e-04  (895.9s)
[07:37:41]   [8q seed  9] ep  250/300  MMD^2=1.51949e-03  |grad|=1.049e-04  (896.1s)
[07:37:42]   [8q seed  2] ep  250/300  MMD^2=1.55172e-03  |grad|=1.331e-04  (897.3s)
[07:37:43]   [8q seed 10] ep  250/300  MMD^2=1.67283e-03  |grad|=1.441e-04  (897.6s)
[07:38:02]   [8q seed  8] ep  250/300  MMD^2=1.87732e-03  |grad|=6.856e-05  (917.0s)
[07:39:48]   [8q seed 12] ep  250/300  MMD^2=1.35098e-03  |grad|=9.279e-05  (1023.2s)
[07:39:51]   [8q seed  5] ep  250/300  MMD^2=1.81630e-03  |grad|=1.302e-04  (1025.9s)
[07:39:53]   [8q seed  3] ep  250/300  MMD^2=1.70295e-03  |grad|=1.625e-04  (1028.4s)
[07:39:58]   [8q seed  6] ep  250/300  MMD^2=1.56173e-03  |grad|=8.415e-05  (1032.8s)
[07:40:22]   [8q seed  0] ep  299/300  MMD^2=1.74716e-03  |grad|=6.280e-05  (1057.5s)
[07:40:22]   [8q seed  0] 완료 MMD^2=1.7472e-03 TV=0.2050 |grad|_fin=6.280e-05 (1057.5s)
[07:40:31]   [8q seed 11] ep  299/300  MMD^2=1.70152e-03  |grad|=1.220e-04  (1065.8s)
[07:40:31]   [8q seed 11] 완료 MMD^2=1.7015e-03 TV=0.2103 |grad|_fin=1.220e-04 (1065.9s)
[07:40:34]   [8q seed 15] ep  299/300  MMD^2=1.46741e-03  |grad|=5.186e-05  (1068.5s)
[07:40:34]   [8q seed 15] 완료 MMD^2=1.4674e-03 TV=0.1858 |grad|_fin=5.186e-05 (1068.5s)
[07:40:34]   [8q seed  4] ep  299/300  MMD^2=1.72706e-03  |grad|=7.864e-05  (1069.1s)
[07:40:34]   [8q seed  4] 완료 MMD^2=1.7271e-03 TV=0.2052 |grad|_fin=7.864e-05 (1069.1s)
[07:40:35]   [8q seed 14] ep  299/300  MMD^2=1.48088e-03  |grad|=4.710e-05  (1069.9s)
[07:40:35]   [8q seed 14] 완료 MMD^2=1.4809e-03 TV=0.1975 |grad|_fin=4.710e-05 (1069.9s)
[07:40:35]   [8q seed  1] ep  299/300  MMD^2=1.51280e-03  |grad|=3.169e-04  (1070.0s)
[07:40:35]   [8q seed  1] 완료 MMD^2=1.5128e-03 TV=0.1914 |grad|_fin=3.169e-04 (1070.0s)
[07:40:36]   [8q seed  9] ep  299/300  MMD^2=1.46516e-03  |grad|=5.045e-05  (1071.1s)
[07:40:36]   [8q seed 13] ep  299/300  MMD^2=1.60699e-03  |grad|=6.153e-05  (1071.1s)
[07:40:36]   [8q seed  9] 완료 MMD^2=1.4652e-03 TV=0.2082 |grad|_fin=5.045e-05 (1071.1s)
[07:40:36]   [8q seed 13] 완료 MMD^2=1.6070e-03 TV=0.2157 |grad|_fin=6.153e-05 (1071.1s)
[07:40:36]   [8q seed 10] ep  299/300  MMD^2=1.50426e-03  |grad|=1.305e-04  (1071.3s)
[07:40:36]   [8q seed 10] 완료 MMD^2=1.5043e-03 TV=0.2041 |grad|_fin=1.305e-04 (1071.3s)
[07:40:37]   [8q seed  2] ep  299/300  MMD^2=1.47246e-03  |grad|=5.265e-05  (1071.7s)
[07:40:37]   [8q seed  2] 완료 MMD^2=1.4725e-03 TV=0.1927 |grad|_fin=5.265e-05 (1071.7s)
[07:40:41]   [8q seed  8] ep  299/300  MMD^2=1.81383e-03  |grad|=1.138e-04  (1076.0s)
[07:40:41]   [8q seed  8] 완료 MMD^2=1.8138e-03 TV=0.2135 |grad|_fin=1.138e-04 (1076.0s)
[07:40:52]   [8q seed  7] ep  299/300  MMD^2=1.47974e-03  |grad|=1.440e-04  (1087.1s)
[07:40:52]   [8q seed  7] 완료 MMD^2=1.4797e-03 TV=0.1914 |grad|_fin=1.440e-04 (1087.1s)
[07:41:37]   [8q seed 12] ep  299/300  MMD^2=1.30660e-03  |grad|=4.550e-05  (1132.1s)
[07:41:37]   [8q seed 12] 완료 MMD^2=1.3066e-03 TV=0.1860 |grad|_fin=4.550e-05 (1132.1s)
[07:42:02]   [8q seed  6] ep  299/300  MMD^2=1.51921e-03  |grad|=4.991e-05  (1157.2s)
[07:42:02]   [8q seed  6] 완료 MMD^2=1.5192e-03 TV=0.1992 |grad|_fin=4.991e-05 (1157.3s)
[07:42:35]   [8q seed  5] ep  299/300  MMD^2=1.70333e-03  |grad|=1.036e-04  (1189.7s)
[07:42:35]   [8q seed  5] 완료 MMD^2=1.7033e-03 TV=0.2066 |grad|_fin=1.036e-04 (1189.7s)
[07:42:36]   [8q seed  3] ep  299/300  MMD^2=1.54605e-03  |grad|=7.915e-05  (1190.9s)
[07:42:36]   [8q seed  3] 완료 MMD^2=1.5460e-03 TV=0.1951 |grad|_fin=7.915e-05 (1190.9s)
[07:42:36] [8q] 완료: best MMD^2=1.3066e-03 TV=0.1860 KL=0.2608 | 중앙값MMD^2=1.5160e-03 | 수렴~214 ep | wall=1191.1s
[07:42:36] [8q] gradient-norm(중앙값): 초기=4.780e-02 -> 최종=7.072e-05 (바렌플래토 진단)
[07:42:36] ================================================================
[07:42:36] 8q 깊이별 비교 (바렌플래토면 깊을수록 grad0가 급감해야 함)
[07:42:36]   L   params  bestMMD2  TV      conv    wall     grad0->f 
[07:42:36]   3   72      1.09e-02  0.498   79      158.9    2.3e-02->4.0e-05
[07:42:36]   6   144     6.74e-04  0.141   271     553.8    3.5e-02->9.3e-05
[07:42:36]   9   216     1.31e-03  0.186   214     1191.1   4.8e-02->7.1e-05
[07:42:36] DONE
