[06:55:06] ======================================================================
[06:55:06] 6-qubit QCBM 약식 검증 실험 시작
[06:55:06] 재시작=16  epochs=300  layers=3  lr=0.1  (코어 16개 프로세스 병렬)
[06:55:06] ======================================================================
[06:55:06] CSV 이미 존재: data/cic_thursday.csv (107.8 MB)
[06:55:06] CSV 로드 (필요 컬럼만): ['Protocol', 'SYN Flag Cnt', 'Pkt Len Mean', 'Label']
[06:55:07] 전체 행: 331125
[06:55:07] Benign 행: 238037 (71.9%)
[06:55:07] 데이터 출처: CSE-CIC-IDS2018 (Benign, 실제) | 표본 238037개 | 비어있지 않은 상태 22/64
[06:55:07] Protocol marginal: [0.62, 0.355, 0.025, 0.0]
[06:55:07] SYN marginal:      [0.934, 0.066]
[06:55:07] Size marginal:     [0.371, 0.334, 0.124, 0.142, 0.024, 0.005, 0.0, 0.0]
[06:55:07] QCBM 파라미터 수: 54 (StronglyEntanglingLayers L=3)
[06:55:07] 학습 시작: 16개 재시작을 16 프로세스로 병렬 실행...
[06:55:08]   [seed  6] epoch    0/300  MMD^2 = 1.512154e-01  (0.4s)[06:55:08]   [seed  8] epoch    0/300  MMD^2 = 1.388657e-01  (0.4s)

[06:55:08]   [seed 15] epoch    0/300  MMD^2 = 1.478410e-01  (0.4s)
[06:55:08]   [seed  0] epoch    0/300  MMD^2 = 1.805493e-01  (0.5s)
[06:55:08]   [seed  1] epoch    0/300  MMD^2 = 1.609028e-01  (0.5s)
[06:55:08]   [seed  3] epoch    0/300  MMD^2 = 1.659096e-01  (0.5s)
[06:55:08]   [seed  5] epoch    0/300  MMD^2 = 1.652074e-01  (0.5s)
[06:55:08]   [seed  2] epoch    0/300  MMD^2 = 1.879997e-01  (0.5s)
[06:55:08]   [seed  4] epoch    0/300  MMD^2 = 1.495049e-01  (0.5s)
[06:55:08]   [seed  9] epoch    0/300  MMD^2 = 1.797220e-01  (0.5s)
[06:55:08]   [seed  7] epoch    0/300  MMD^2 = 2.025643e-01  (0.5s)
[06:55:08]   [seed 10] epoch    0/300  MMD^2 = 1.284651e-01  (0.5s)
[06:55:08]   [seed 14] epoch    0/300  MMD^2 = 1.270631e-01  (0.5s)
[06:55:08]   [seed 12] epoch    0/300  MMD^2 = 1.602270e-01  (0.5s)
[06:55:08]   [seed 11] epoch    0/300  MMD^2 = 1.726991e-01  (0.5s)
[06:55:08]   [seed 13] epoch    0/300  MMD^2 = 1.650027e-01  (0.5s)
[06:55:15]   [seed  6] epoch   25/300  MMD^2 = 5.452746e-03  (7.7s)[06:55:15]   [seed  8] epoch   25/300  MMD^2 = 1.084786e-02  (7.7s)

[06:55:15]   [seed  0] epoch   25/300  MMD^2 = 2.972782e-02  (7.7s)
[06:55:15]   [seed 15] epoch   25/300  MMD^2 = 7.893867e-03  (7.8s)
[06:55:15]   [seed  5] epoch   25/300  MMD^2 = 1.990006e-02  (7.8s)
[06:55:15]   [seed 12] epoch   25/300  MMD^2 = 2.640248e-02  (7.8s)
[06:55:15]   [seed  9] epoch   25/300  MMD^2 = 8.938892e-03  (7.9s)
[06:55:15]   [seed  1] epoch   25/300  MMD^2 = 2.524358e-02  (7.9s)
[06:55:15]   [seed 11] epoch   25/300  MMD^2 = 4.089286e-02  (7.9s)
[06:55:15]   [seed  2] epoch   25/300  MMD^2 = 3.645952e-02  (8.0s)
[06:55:15]   [seed  7] epoch   25/300  MMD^2 = 4.284136e-03  (8.0s)
[06:55:15]   [seed 14] epoch   25/300  MMD^2 = 3.849115e-03  (8.0s)
[06:55:15]   [seed  4] epoch   25/300  MMD^2 = 1.419568e-02  (8.1s)
[06:55:15]   [seed  3] epoch   25/300  MMD^2 = 1.684103e-02  (8.1s)
[06:55:16]   [seed 10] epoch   25/300  MMD^2 = 7.177065e-03  (8.1s)
[06:55:16]   [seed 13] epoch   25/300  MMD^2 = 1.600033e-02  (8.1s)
[06:55:22]   [seed  0] epoch   50/300  MMD^2 = 3.117518e-03  (14.8s)
[06:55:22]   [seed  8] epoch   50/300  MMD^2 = 4.274806e-03  (15.0s)
[06:55:22]   [seed  6] epoch   50/300  MMD^2 = 1.511422e-03  (15.0s)
[06:55:22]   [seed  1] epoch   50/300  MMD^2 = 5.086700e-03  (15.1s)
[06:55:22]   [seed  9] epoch   50/300  MMD^2 = 4.112532e-03  (15.1s)
[06:55:23]   [seed  5] epoch   50/300  MMD^2 = 1.153355e-02  (15.1s)
[06:55:23]   [seed 11] epoch   50/300  MMD^2 = 3.343727e-02  (15.1s)
[06:55:23]   [seed  7] epoch   50/300  MMD^2 = 1.682327e-03  (15.2s)
[06:55:23]   [seed  2] epoch   50/300  MMD^2 = 7.152599e-03  (15.3s)
[06:55:23]   [seed  4] epoch   50/300  MMD^2 = 1.040016e-02  (15.3s)
[06:55:23]   [seed  3] epoch   50/300  MMD^2 = 1.794117e-03  (15.3s)
[06:55:23]   [seed 15] epoch   50/300  MMD^2 = 1.305041e-03  (15.3s)
[06:55:23]   [seed 10] epoch   50/300  MMD^2 = 4.014609e-03  (15.3s)
[06:55:23]   [seed 12] epoch   50/300  MMD^2 = 2.262779e-03  (15.4s)
[06:55:23]   [seed 14] epoch   50/300  MMD^2 = 1.726592e-03  (15.7s)
[06:55:23]   [seed 13] epoch   50/300  MMD^2 = 1.572644e-03  (15.8s)
[06:55:29]   [seed  0] epoch   75/300  MMD^2 = 8.653310e-04  (21.9s)
[06:55:29]   [seed  6] epoch   75/300  MMD^2 = 8.610138e-04  (22.1s)
[06:55:29]   [seed  8] epoch   75/300  MMD^2 = 3.434414e-03  (22.1s)
[06:55:30]   [seed  1] epoch   75/300  MMD^2 = 2.844210e-03  (22.1s)
[06:55:30]   [seed 11] epoch   75/300  MMD^2 = 2.985288e-02  (22.1s)
[06:55:30]   [seed  5] epoch   75/300  MMD^2 = 9.022591e-03  (22.2s)
[06:55:30]   [seed  7] epoch   75/300  MMD^2 = 1.278584e-03  (22.3s)
[06:55:30]   [seed  4] epoch   75/300  MMD^2 = 9.063589e-03  (22.4s)
[06:55:30]   [seed  2] epoch   75/300  MMD^2 = 3.772084e-03  (22.5s)
[06:55:30]   [seed 10] epoch   75/300  MMD^2 = 2.130408e-03  (22.5s)
[06:55:30]   [seed  3] epoch   75/300  MMD^2 = 9.984275e-04  (22.5s)
[06:55:30]   [seed 15] epoch   75/300  MMD^2 = 7.979335e-04  (22.9s)
[06:55:30]   [seed  9] epoch   75/300  MMD^2 = 2.645267e-03  (22.9s)
[06:55:31]   [seed 12] epoch   75/300  MMD^2 = 1.136850e-03  (23.2s)
[06:55:31]   [seed 14] epoch   75/300  MMD^2 = 1.357680e-03  (23.3s)
[06:55:31]   [seed 13] epoch   75/300  MMD^2 = 8.430304e-04  (23.4s)
[06:55:36]   [seed  7] epoch  100/300  MMD^2 = 9.323712e-04  (28.6s)
[06:55:36]   [seed  0] epoch  100/300  MMD^2 = 6.709603e-04  (28.8s)
[06:55:36]   [seed  1] epoch  100/300  MMD^2 = 2.480218e-03  (29.1s)
[06:55:36]   [seed  8] epoch  100/300  MMD^2 = 2.583918e-03  (29.1s)
[06:55:37]   [seed  6] epoch  100/300  MMD^2 = 7.490615e-04  (29.2s)
[06:55:37]   [seed 11] epoch  100/300  MMD^2 = 2.916981e-02  (29.1s)
[06:55:37]   [seed  5] epoch  100/300  MMD^2 = 8.665605e-03  (29.2s)
[06:55:37]   [seed  4] epoch  100/300  MMD^2 = 8.510038e-03  (29.3s)
[06:55:37]   [seed  3] epoch  100/300  MMD^2 = 8.886805e-04  (29.5s)
[06:55:37]   [seed  2] epoch  100/300  MMD^2 = 1.380026e-03  (29.5s)
[06:55:37]   [seed 10] epoch  100/300  MMD^2 = 8.140508e-04  (29.5s)
[06:55:37]   [seed 15] epoch  100/300  MMD^2 = 7.365228e-04  (29.9s)
[06:55:38]   [seed  9] epoch  100/300  MMD^2 = 2.406209e-03  (30.4s)
[06:55:38]   [seed 14] epoch  100/300  MMD^2 = 5.800061e-04  (30.4s)
[06:55:39]   [seed 12] epoch  100/300  MMD^2 = 9.173439e-04  (31.1s)
[06:55:39]   [seed 13] epoch  100/300  MMD^2 = 7.345193e-04  (31.5s)
[06:55:41]   [seed  7] epoch  125/300  MMD^2 = 8.146085e-04  (33.8s)
[06:55:43]   [seed  0] epoch  125/300  MMD^2 = 6.199908e-04  (35.8s)
[06:55:43]   [seed  1] epoch  125/300  MMD^2 = 2.398347e-03  (36.1s)
[06:55:44]   [seed 11] epoch  125/300  MMD^2 = 2.901638e-02  (36.1s)
[06:55:44]   [seed  8] epoch  125/300  MMD^2 = 1.355754e-03  (36.3s)
[06:55:44]   [seed  6] epoch  125/300  MMD^2 = 7.305066e-04  (36.3s)
[06:55:44]   [seed  5] epoch  125/300  MMD^2 = 8.578829e-03  (36.3s)
[06:55:44]   [seed  4] epoch  125/300  MMD^2 = 8.455880e-03  (36.4s)
[06:55:44]   [seed  3] epoch  125/300  MMD^2 = 8.489395e-04  (36.5s)
[06:55:44]   [seed  2] epoch  125/300  MMD^2 = 1.163610e-03  (36.6s)
[06:55:44]   [seed 10] epoch  125/300  MMD^2 = 7.304079e-04  (36.6s)
[06:55:45]   [seed 15] epoch  125/300  MMD^2 = 7.217062e-04  (37.1s)
[06:55:45]   [seed 14] epoch  125/300  MMD^2 = 4.992720e-04  (37.6s)
[06:55:45]   [seed  9] epoch  125/300  MMD^2 = 2.383609e-03  (38.1s)
[06:55:46]   [seed 12] epoch  125/300  MMD^2 = 8.265514e-04  (38.8s)
[06:55:46]   [seed 13] epoch  125/300  MMD^2 = 7.007746e-04  (38.9s)
[06:55:48]   [seed  7] epoch  150/300  MMD^2 = 7.768054e-04  (40.8s)
[06:55:50]   [seed  0] epoch  150/300  MMD^2 = 5.944415e-04  (42.8s)
[06:55:51]   [seed 11] epoch  150/300  MMD^2 = 2.416068e-03  (43.1s)
[06:55:51]   [seed  1] epoch  150/300  MMD^2 = 2.369238e-03  (43.2s)
[06:55:51]   [seed  8] epoch  150/300  MMD^2 = 9.535663e-04  (43.3s)
[06:55:51]   [seed  4] epoch  150/300  MMD^2 = 8.448539e-03  (43.3s)
[06:55:51]   [seed  5] epoch  150/300  MMD^2 = 8.548374e-03  (43.3s)
[06:55:51]   [seed  6] epoch  150/300  MMD^2 = 7.229158e-04  (43.4s)
[06:55:51]   [seed  3] epoch  150/300  MMD^2 = 8.150166e-04  (43.5s)
[06:55:51]   [seed  2] epoch  150/300  MMD^2 = 1.140481e-03  (43.6s)
[06:55:51]   [seed 10] epoch  150/300  MMD^2 = 6.661865e-04  (43.7s)
[06:55:52]   [seed 15] epoch  150/300  MMD^2 = 7.141466e-04  (44.6s)
[06:55:53]   [seed 14] epoch  150/300  MMD^2 = 4.877431e-04  (45.1s)
[06:55:53]   [seed  9] epoch  150/300  MMD^2 = 2.377476e-03  (45.6s)
[06:55:53]   [seed 12] epoch  150/300  MMD^2 = 7.691506e-04  (45.8s)
[06:55:54]   [seed 13] epoch  150/300  MMD^2 = 6.831625e-04  (46.5s)
[06:55:55]   [seed  7] epoch  175/300  MMD^2 = 7.456304e-04  (47.9s)
[06:55:57]   [seed  0] epoch  175/300  MMD^2 = 5.493867e-04  (49.8s)
[06:55:58]   [seed  8] epoch  175/300  MMD^2 = 8.398112e-04  (50.3s)
[06:55:58]   [seed  1] epoch  175/300  MMD^2 = 2.359319e-03  (50.3s)
[06:55:58]   [seed 11] epoch  175/300  MMD^2 = 1.411060e-03  (50.3s)
[06:55:58]   [seed  4] epoch  175/300  MMD^2 = 8.445381e-03  (50.4s)
[06:55:58]   [seed  5] epoch  175/300  MMD^2 = 8.535243e-03  (50.5s)
[06:55:58]   [seed  6] epoch  175/300  MMD^2 = 7.189333e-04  (50.5s)
[06:55:58]   [seed  3] epoch  175/300  MMD^2 = 7.844935e-04  (50.5s)
[06:55:58]   [seed  2] epoch  175/300  MMD^2 = 1.133800e-03  (50.7s)
[06:55:58]   [seed 10] epoch  175/300  MMD^2 = 5.882473e-04  (50.9s)
[06:56:00]   [seed 15] epoch  175/300  MMD^2 = 7.090382e-04  (52.2s)
[06:56:00]   [seed 14] epoch  175/300  MMD^2 = 4.807087e-04  (52.8s)
[06:56:00]   [seed 12] epoch  175/300  MMD^2 = 7.444248e-04  (52.9s)
[06:56:01]   [seed  9] epoch  175/300  MMD^2 = 2.373959e-03  (53.2s)
[06:56:02]   [seed 13] epoch  175/300  MMD^2 = 6.721093e-04  (54.1s)
[06:56:02]   [seed  7] epoch  200/300  MMD^2 = 7.196593e-04  (55.0s)
[06:56:04]   [seed  0] epoch  200/300  MMD^2 = 5.181900e-04  (56.8s)
[06:56:04]   [seed  3] epoch  200/300  MMD^2 = 7.607843e-04  (57.1s)
[06:56:05]   [seed  8] epoch  200/300  MMD^2 = 8.124268e-04  (57.3s)
[06:56:05]   [seed 11] epoch  200/300  MMD^2 = 1.174957e-03  (57.3s)
[06:56:05]   [seed  4] epoch  200/300  MMD^2 = 8.441333e-03  (57.4s)
[06:56:05]   [seed  5] epoch  200/300  MMD^2 = 8.528062e-03  (57.4s)
[06:56:05]   [seed  6] epoch  200/300  MMD^2 = 7.165357e-04  (57.5s)
[06:56:05]   [seed  1] epoch  200/300  MMD^2 = 2.351501e-03  (57.5s)
[06:56:05]   [seed  2] epoch  200/300  MMD^2 = 1.127456e-03  (57.6s)
[06:56:05]   [seed 10] epoch  200/300  MMD^2 = 5.363406e-04  (58.0s)
[06:56:07]   [seed 15] epoch  200/300  MMD^2 = 7.054056e-04  (59.2s)
[06:56:07]   [seed 14] epoch  200/300  MMD^2 = 4.742917e-04  (59.8s)
[06:56:07]   [seed 12] epoch  200/300  MMD^2 = 7.345313e-04  (60.0s)
[06:56:08]   [seed  9] epoch  200/300  MMD^2 = 2.371037e-03  (60.5s)
[06:56:09]   [seed 13] epoch  200/300  MMD^2 = 6.661911e-04  (61.4s)
[06:56:09]   [seed  7] epoch  225/300  MMD^2 = 6.998873e-04  (62.0s)
[06:56:11]   [seed  0] epoch  225/300  MMD^2 = 5.112972e-04  (63.7s)
[06:56:12]   [seed  3] epoch  225/300  MMD^2 = 7.457636e-04  (64.1s)
[06:56:12]   [seed  8] epoch  225/300  MMD^2 = 7.969448e-04  (64.3s)
[06:56:12]   [seed 11] epoch  225/300  MMD^2 = 9.073278e-04  (64.2s)
[06:56:12]   [seed  4] epoch  225/300  MMD^2 = 8.436383e-03  (64.4s)
[06:56:12]   [seed  5] epoch  225/300  MMD^2 = 8.522955e-03  (64.4s)
[06:56:12]   [seed  6] epoch  225/300  MMD^2 = 7.148170e-04  (64.5s)
[06:56:12]   [seed  1] epoch  225/300  MMD^2 = 2.343553e-03  (64.6s)
[06:56:12]   [seed  2] epoch  225/300  MMD^2 = 1.115589e-03  (64.6s)
[06:56:12]   [seed 10] epoch  225/300  MMD^2 = 5.254445e-04  (65.0s)
[06:56:14]   [seed 15] epoch  225/300  MMD^2 = 7.028789e-04  (66.4s)
[06:56:14]   [seed 12] epoch  225/300  MMD^2 = 7.293172e-04  (66.9s)
[06:56:14]   [seed 14] epoch  225/300  MMD^2 = 4.679975e-04  (67.0s)
[06:56:15]   [seed  9] epoch  225/300  MMD^2 = 2.368364e-03  (67.6s)
[06:56:16]   [seed 13] epoch  225/300  MMD^2 = 7.125428e-04  (68.4s)
[06:56:16]   [seed  7] epoch  250/300  MMD^2 = 6.856024e-04  (68.9s)
[06:56:18]   [seed  0] epoch  250/300  MMD^2 = 5.083514e-04  (70.6s)
[06:56:18]   [seed  3] epoch  250/300  MMD^2 = 7.372949e-04  (71.1s)
[06:56:19]   [seed  8] epoch  250/300  MMD^2 = 7.906185e-04  (71.2s)
[06:56:19]   [seed 11] epoch  250/300  MMD^2 = 8.628161e-04  (71.1s)
[06:56:19]   [seed  5] epoch  250/300  MMD^2 = 8.518564e-03  (71.3s)
[06:56:19]   [seed  4] epoch  250/300  MMD^2 = 8.433108e-03  (71.4s)
[06:56:19]   [seed  6] epoch  250/300  MMD^2 = 7.134460e-04  (71.4s)
[06:56:19]   [seed  1] epoch  250/300  MMD^2 = 2.336082e-03  (71.5s)
[06:56:19]   [seed  2] epoch  250/300  MMD^2 = 1.257157e-03  (71.5s)
[06:56:19]   [seed 10] epoch  250/300  MMD^2 = 5.170525e-04  (72.0s)
[06:56:21]   [seed 15] epoch  250/300  MMD^2 = 7.285314e-04  (73.8s)
[06:56:21]   [seed 12] epoch  250/300  MMD^2 = 7.255991e-04  (73.8s)
[06:56:22]   [seed 14] epoch  250/300  MMD^2 = 4.619184e-04  (74.4s)
[06:56:22]   [seed  9] epoch  250/300  MMD^2 = 2.365846e-03  (75.1s)
[06:56:23]   [seed  7] epoch  275/300  MMD^2 = 6.902530e-04  (75.8s)
[06:56:24]   [seed 13] epoch  250/300  MMD^2 = 6.609571e-04  (76.0s)
[06:56:25]   [seed  0] epoch  275/300  MMD^2 = 5.061421e-04  (77.5s)
[06:56:25]   [seed  8] epoch  275/300  MMD^2 = 7.882944e-04  (78.1s)
[06:56:26]   [seed  3] epoch  275/300  MMD^2 = 7.322497e-04  (78.1s)
[06:56:26]   [seed 11] epoch  275/300  MMD^2 = 8.463430e-04  (78.1s)
[06:56:26]   [seed  5] epoch  275/300  MMD^2 = 8.514354e-03  (78.3s)
[06:56:26]   [seed  4] epoch  275/300  MMD^2 = 8.431918e-03  (78.3s)
[06:56:26]   [seed  6] epoch  275/300  MMD^2 = 7.122801e-04  (78.4s)
[06:56:26]   [seed  1] epoch  275/300  MMD^2 = 2.329810e-03  (78.5s)
[06:56:26]   [seed  2] epoch  275/300  MMD^2 = 1.009511e-03  (78.5s)
[06:56:26]   [seed 10] epoch  275/300  MMD^2 = 5.084780e-04  (79.0s)
[06:56:28]   [seed 12] epoch  275/300  MMD^2 = 7.224794e-04  (80.7s)
[06:56:29]   [seed 15] epoch  275/300  MMD^2 = 7.091643e-04  (81.5s)
[06:56:30]   [seed 14] epoch  275/300  MMD^2 = 4.560677e-04  (82.2s)
[06:56:30]   [seed  7] epoch  299/300  MMD^2 = 6.723429e-04  (82.4s)
[06:56:30]   [seed  7] 완료  MMD^2=6.7234e-04  KL=0.1631  TV=0.0855  (82.4s)
[06:56:30]   [seed  9] epoch  275/300  MMD^2 = 2.363464e-03  (82.7s)
[06:56:31]   [seed 13] epoch  275/300  MMD^2 = 6.593036e-04  (83.7s)
[06:56:31]   [seed  0] epoch  299/300  MMD^2 = 5.043422e-04  (84.1s)
[06:56:32]   [seed  0] 완료  MMD^2=5.0434e-04  KL=0.1603  TV=0.0718  (84.1s)
[06:56:32]   [seed 11] epoch  299/300  MMD^2 = 8.267169e-04  (84.4s)
[06:56:32]   [seed 11] 완료  MMD^2=8.2672e-04  KL=0.1881  TV=0.1034  (84.4s)
[06:56:32]   [seed  3] epoch  299/300  MMD^2 = 7.376660e-04  (84.8s)
[06:56:32]   [seed  3] 완료  MMD^2=7.3767e-04  KL=0.1765  TV=0.0898  (84.8s)
[06:56:32]   [seed  8] epoch  299/300  MMD^2 = 7.870796e-04  (84.8s)
[06:56:32]   [seed  8] 완료  MMD^2=7.8708e-04  KL=0.1641  TV=0.0862  (84.8s)
[06:56:32]   [seed  6] epoch  299/300  MMD^2 = 8.061067e-04  (84.9s)
[06:56:32]   [seed  6] 완료  MMD^2=8.0611e-04  KL=0.1765  TV=0.0906  (84.9s)
[06:56:32]   [seed  1] epoch  299/300  MMD^2 = 2.325313e-03  (84.9s)
[06:56:32]   [seed  1] 완료  MMD^2=2.3253e-03  KL=0.2161  TV=0.1243  (85.0s)
[06:56:32]   [seed  5] epoch  299/300  MMD^2 = 8.510223e-03  (85.0s)
[06:56:32]   [seed  5] 완료  MMD^2=8.5102e-03  KL=0.8647  TV=0.2565  (85.0s)
[06:56:32]   [seed  4] epoch  299/300  MMD^2 = 8.431246e-03  (85.0s)
[06:56:32]   [seed  4] 완료  MMD^2=8.4312e-03  KL=0.7584  TV=0.2518  (85.0s)
[06:56:32]   [seed 12] epoch  299/300  MMD^2 = 7.197345e-04  (85.1s)
[06:56:32]   [seed 12] 완료  MMD^2=7.1973e-04  KL=0.1722  TV=0.0898  (85.1s)
[06:56:32]   [seed  2] epoch  299/300  MMD^2 = 8.597062e-04  (85.1s)
[06:56:32]   [seed  2] 완료  MMD^2=8.5971e-04  KL=0.1732  TV=0.0988  (85.1s)
[06:56:33]   [seed 10] epoch  299/300  MMD^2 = 5.010221e-04  (85.4s)
[06:56:33]   [seed 10] 완료  MMD^2=5.0102e-04  KL=0.1600  TV=0.0696  (85.4s)
[06:56:36]   [seed 15] epoch  299/300  MMD^2 = 6.997085e-04  (88.3s)
[06:56:36]   [seed 15] 완료  MMD^2=6.9971e-04  KL=0.1668  TV=0.0893  (88.3s)
[06:56:36]   [seed 14] epoch  299/300  MMD^2 = 4.507524e-04  (88.6s)
[06:56:36]   [seed 14] 완료  MMD^2=4.5075e-04  KL=0.1214  TV=0.0654  (88.6s)
[06:56:37]   [seed  9] epoch  299/300  MMD^2 = 2.361212e-03  (89.2s)
[06:56:37]   [seed  9] 완료  MMD^2=2.3612e-03  KL=0.1808  TV=0.1329  (89.2s)
[06:56:37]   [seed 13] epoch  299/300  MMD^2 = 6.683072e-04  (89.6s)
[06:56:37]   [seed 13] 완료  MMD^2=6.6831e-04  KL=0.1365  TV=0.0844  (89.6s)
[06:56:37] ======================================================================
[06:56:37] 학습 완료. 재시작 16개 결과 요약
[06:56:37]   best MMD^2 = 4.507524e-04 (seed 14)
[06:56:37]   MMD^2  중앙값=7.6237e-04  최악=8.5102e-03
[06:56:37]   best KL(q||p) = 0.12143   TV = 0.06541
/home/elicer/IOTJ/qcbm/experiment.py:267: UserWarning: Glyph 54617 (\N{HANGUL SYLLABLE HAG}) missing from font(s) DejaVu Sans.
  plt.legend(); plt.grid(alpha=0.3); plt.tight_layout()
/home/elicer/IOTJ/qcbm/experiment.py:267: UserWarning: Glyph 49845 (\N{HANGUL SYLLABLE SEUB}) missing from font(s) DejaVu Sans.
  plt.legend(); plt.grid(alpha=0.3); plt.tight_layout()
/home/elicer/IOTJ/qcbm/experiment.py:267: UserWarning: Glyph 44257 (\N{HANGUL SYLLABLE GOG}) missing from font(s) DejaVu Sans.
  plt.legend(); plt.grid(alpha=0.3); plt.tight_layout()
/home/elicer/IOTJ/qcbm/experiment.py:267: UserWarning: Glyph 49440 (\N{HANGUL SYLLABLE SEON}) missing from font(s) DejaVu Sans.
  plt.legend(); plt.grid(alpha=0.3); plt.tight_layout()
/home/elicer/IOTJ/qcbm/experiment.py:267: UserWarning: Glyph 51116 (\N{HANGUL SYLLABLE JAE}) missing from font(s) DejaVu Sans.
  plt.legend(); plt.grid(alpha=0.3); plt.tight_layout()
/home/elicer/IOTJ/qcbm/experiment.py:267: UserWarning: Glyph 49884 (\N{HANGUL SYLLABLE SI}) missing from font(s) DejaVu Sans.
  plt.legend(); plt.grid(alpha=0.3); plt.tight_layout()
/home/elicer/IOTJ/qcbm/experiment.py:267: UserWarning: Glyph 51089 (\N{HANGUL SYLLABLE JAG}) missing from font(s) DejaVu Sans.
  plt.legend(); plt.grid(alpha=0.3); plt.tight_layout()
/home/elicer/IOTJ/qcbm/experiment.py:268: UserWarning: Glyph 54617 (\N{HANGUL SYLLABLE HAG}) missing from font(s) DejaVu Sans.
  plt.savefig(os.path.join(outdir, "loss_curve.png"), dpi=130)
/home/elicer/IOTJ/qcbm/experiment.py:268: UserWarning: Glyph 49845 (\N{HANGUL SYLLABLE SEUB}) missing from font(s) DejaVu Sans.
  plt.savefig(os.path.join(outdir, "loss_curve.png"), dpi=130)
/home/elicer/IOTJ/qcbm/experiment.py:268: UserWarning: Glyph 44257 (\N{HANGUL SYLLABLE GOG}) missing from font(s) DejaVu Sans.
  plt.savefig(os.path.join(outdir, "loss_curve.png"), dpi=130)
/home/elicer/IOTJ/qcbm/experiment.py:268: UserWarning: Glyph 49440 (\N{HANGUL SYLLABLE SEON}) missing from font(s) DejaVu Sans.
  plt.savefig(os.path.join(outdir, "loss_curve.png"), dpi=130)
/home/elicer/IOTJ/qcbm/experiment.py:268: UserWarning: Glyph 51116 (\N{HANGUL SYLLABLE JAE}) missing from font(s) DejaVu Sans.
  plt.savefig(os.path.join(outdir, "loss_curve.png"), dpi=130)
/home/elicer/IOTJ/qcbm/experiment.py:268: UserWarning: Glyph 49884 (\N{HANGUL SYLLABLE SI}) missing from font(s) DejaVu Sans.
  plt.savefig(os.path.join(outdir, "loss_curve.png"), dpi=130)
/home/elicer/IOTJ/qcbm/experiment.py:268: UserWarning: Glyph 51089 (\N{HANGUL SYLLABLE JAG}) missing from font(s) DejaVu Sans.
  plt.savefig(os.path.join(outdir, "loss_curve.png"), dpi=130)
/home/elicer/IOTJ/qcbm/experiment.py:281: UserWarning: Glyph 49345 (\N{HANGUL SYLLABLE SANG}) missing from font(s) DejaVu Sans.
  plt.legend(); plt.grid(alpha=0.3, axis="y"); plt.tight_layout()
/home/elicer/IOTJ/qcbm/experiment.py:281: UserWarning: Glyph 53468 (\N{HANGUL SYLLABLE TAE}) missing from font(s) DejaVu Sans.
  plt.legend(); plt.grid(alpha=0.3, axis="y"); plt.tight_layout()
/home/elicer/IOTJ/qcbm/experiment.py:281: UserWarning: Glyph 54869 (\N{HANGUL SYLLABLE HWAG}) missing from font(s) DejaVu Sans.
  plt.legend(); plt.grid(alpha=0.3, axis="y"); plt.tight_layout()
/home/elicer/IOTJ/qcbm/experiment.py:281: UserWarning: Glyph 47456 (\N{HANGUL SYLLABLE RYUL}) missing from font(s) DejaVu Sans.
  plt.legend(); plt.grid(alpha=0.3, axis="y"); plt.tight_layout()
Font 'default' does not have a glyph for '\uacb0' [U+acb0], substituting with a dummy symbol.
Font 'default' does not have a glyph for '\ud569' [U+d569], substituting with a dummy symbol.
Font 'default' does not have a glyph for '\ubd84' [U+bd84], substituting with a dummy symbol.
Font 'default' does not have a glyph for '\ud3ec' [U+d3ec], substituting with a dummy symbol.
Font 'default' does not have a glyph for '\ube44' [U+be44], substituting with a dummy symbol.
Font 'default' does not have a glyph for '\uad50' [U+ad50], substituting with a dummy symbol.
Font 'default' does not have a glyph for '\uc2e4' [U+c2e4], substituting with a dummy symbol.
Font 'default' does not have a glyph for '\uc81c' [U+c81c], substituting with a dummy symbol.
/home/elicer/IOTJ/qcbm/experiment.py:281: UserWarning: Glyph 49892 (\N{HANGUL SYLLABLE SIL}) missing from font(s) DejaVu Sans.
  plt.legend(); plt.grid(alpha=0.3, axis="y"); plt.tight_layout()
/home/elicer/IOTJ/qcbm/experiment.py:281: UserWarning: Glyph 51228 (\N{HANGUL SYLLABLE JE}) missing from font(s) DejaVu Sans.
  plt.legend(); plt.grid(alpha=0.3, axis="y"); plt.tight_layout()
/home/elicer/IOTJ/qcbm/experiment.py:281: UserWarning: Glyph 49373 (\N{HANGUL SYLLABLE SAENG}) missing from font(s) DejaVu Sans.
  plt.legend(); plt.grid(alpha=0.3, axis="y"); plt.tight_layout()
/home/elicer/IOTJ/qcbm/experiment.py:281: UserWarning: Glyph 49457 (\N{HANGUL SYLLABLE SEONG}) missing from font(s) DejaVu Sans.
  plt.legend(); plt.grid(alpha=0.3, axis="y"); plt.tight_layout()
/home/elicer/IOTJ/qcbm/experiment.py:282: UserWarning: Glyph 54869 (\N{HANGUL SYLLABLE HWAG}) missing from font(s) DejaVu Sans.
  plt.savefig(os.path.join(outdir, "dist_compare.png"), dpi=130)
/home/elicer/IOTJ/qcbm/experiment.py:282: UserWarning: Glyph 47456 (\N{HANGUL SYLLABLE RYUL}) missing from font(s) DejaVu Sans.
  plt.savefig(os.path.join(outdir, "dist_compare.png"), dpi=130)
Font 'default' does not have a glyph for '\uacb0' [U+acb0], substituting with a dummy symbol.
Font 'default' does not have a glyph for '\ud569' [U+d569], substituting with a dummy symbol.
Font 'default' does not have a glyph for '\ubd84' [U+bd84], substituting with a dummy symbol.
Font 'default' does not have a glyph for '\ud3ec' [U+d3ec], substituting with a dummy symbol.
Font 'default' does not have a glyph for '\ube44' [U+be44], substituting with a dummy symbol.
Font 'default' does not have a glyph for '\uad50' [U+ad50], substituting with a dummy symbol.
Font 'default' does not have a glyph for '\uc2e4' [U+c2e4], substituting with a dummy symbol.
Font 'default' does not have a glyph for '\uc81c' [U+c81c], substituting with a dummy symbol.
/home/elicer/IOTJ/qcbm/experiment.py:282: UserWarning: Glyph 49345 (\N{HANGUL SYLLABLE SANG}) missing from font(s) DejaVu Sans.
  plt.savefig(os.path.join(outdir, "dist_compare.png"), dpi=130)
/home/elicer/IOTJ/qcbm/experiment.py:282: UserWarning: Glyph 53468 (\N{HANGUL SYLLABLE TAE}) missing from font(s) DejaVu Sans.
  plt.savefig(os.path.join(outdir, "dist_compare.png"), dpi=130)
/home/elicer/IOTJ/qcbm/experiment.py:282: UserWarning: Glyph 49892 (\N{HANGUL SYLLABLE SIL}) missing from font(s) DejaVu Sans.
  plt.savefig(os.path.join(outdir, "dist_compare.png"), dpi=130)
/home/elicer/IOTJ/qcbm/experiment.py:282: UserWarning: Glyph 51228 (\N{HANGUL SYLLABLE JE}) missing from font(s) DejaVu Sans.
  plt.savefig(os.path.join(outdir, "dist_compare.png"), dpi=130)
/home/elicer/IOTJ/qcbm/experiment.py:282: UserWarning: Glyph 49373 (\N{HANGUL SYLLABLE SAENG}) missing from font(s) DejaVu Sans.
  plt.savefig(os.path.join(outdir, "dist_compare.png"), dpi=130)
/home/elicer/IOTJ/qcbm/experiment.py:282: UserWarning: Glyph 49457 (\N{HANGUL SYLLABLE SEONG}) missing from font(s) DejaVu Sans.
  plt.savefig(os.path.join(outdir, "dist_compare.png"), dpi=130)
Font 'default' does not have a glyph for '\uacb0' [U+acb0], substituting with a dummy symbol.
Font 'default' does not have a glyph for '\ud569' [U+d569], substituting with a dummy symbol.
Font 'default' does not have a glyph for '\ubd84' [U+bd84], substituting with a dummy symbol.
Font 'default' does not have a glyph for '\ud3ec' [U+d3ec], substituting with a dummy symbol.
Font 'default' does not have a glyph for '\ube44' [U+be44], substituting with a dummy symbol.
Font 'default' does not have a glyph for '\uad50' [U+ad50], substituting with a dummy symbol.
Font 'default' does not have a glyph for '\uc2e4' [U+c2e4], substituting with a dummy symbol.
Font 'default' does not have a glyph for '\uc81c' [U+c81c], substituting with a dummy symbol.
/home/elicer/IOTJ/qcbm/experiment.py:301: UserWarning: Glyph 49892 (\N{HANGUL SYLLABLE SIL}) missing from font(s) DejaVu Sans.
  plt.tight_layout()
/home/elicer/IOTJ/qcbm/experiment.py:301: UserWarning: Glyph 51228 (\N{HANGUL SYLLABLE JE}) missing from font(s) DejaVu Sans.
  plt.tight_layout()
/home/elicer/IOTJ/qcbm/experiment.py:302: UserWarning: Glyph 49892 (\N{HANGUL SYLLABLE SIL}) missing from font(s) DejaVu Sans.
  plt.savefig(os.path.join(outdir, "marginals.png"), dpi=130)
/home/elicer/IOTJ/qcbm/experiment.py:302: UserWarning: Glyph 51228 (\N{HANGUL SYLLABLE JE}) missing from font(s) DejaVu Sans.
  plt.savefig(os.path.join(outdir, "marginals.png"), dpi=130)
[06:56:38] 그림 저장: loss_curve.png, dist_compare.png, marginals.png
[06:56:38] ======================================================================
[06:56:38] 결론: 6큐비트 QCBM의 이산 결합분포 학습 결과 -> 잘 학습됨
[06:56:38]   (전변동거리 TV=0.0654, 즉 두 분포가 약 93.5% 일치)
[06:56:38]   총 실행 시간: 92.2s (1.54분)
[06:56:38]   결과물: results/ (summary.json, *.png, *.npy)
[06:56:38] ======================================================================
[06:56:38] DONE
