[07:04:47] ======================================================================
[07:04:47] QCBM 확장 실험: 6 vs 8 큐비트 + 공격 이상탐지
[07:04:47] ======================================================================
[07:04:47] CSV 로드: ['Protocol', 'SYN Flag Cnt', 'PSH Flag Cnt', 'Pkt Len Mean', 'Label']
[07:04:49] Benign=238037  Infilteration(공격)=93063
[07:04:49] Benign train=166625 / test=71412, attack=93063
[07:04:49] [6q] 이산화: 64상태 중 19개 점유 (size 8버킷)
[07:04:49] ----------------------------------------------------------------------
[07:04:49] [6q] 학습 시작: 6큐비트, 64상태, params=54, 재시작=16 (16코어 병렬)
[07:04:49]   [6q seed 15] ep    0/300  MMD^2=1.27948e-01  |grad|=6.696e-02  (0.2s)
[07:04:49]   [6q seed  6] ep    0/300  MMD^2=1.06730e-01  |grad|=3.958e-02  (0.3s)
[07:04:49]   [6q seed 12] ep    0/300  MMD^2=9.71025e-02  |grad|=7.205e-02  (0.3s)
[07:04:50]   [6q seed  4] ep    0/300  MMD^2=1.21728e-01  |grad|=6.365e-02  (0.4s)
[07:04:50]   [6q seed  1] ep    0/300  MMD^2=1.02633e-01  |grad|=2.873e-02  (0.4s)[07:04:50]   [6q seed  7] ep    0/300  MMD^2=1.05587e-01  |grad|=2.248e-02  (0.4s)

[07:04:50]   [6q seed  2] ep    0/300  MMD^2=1.33394e-01  |grad|=6.755e-02  (0.4s)
[07:04:50]   [6q seed 11] ep    0/300  MMD^2=1.14664e-01  |grad|=2.848e-02  (0.4s)
[07:04:50]   [6q seed  9] ep    0/300  MMD^2=1.12876e-01  |grad|=4.691e-02  (0.4s)
[07:04:50]   [6q seed 13] ep    0/300  MMD^2=1.17782e-01  |grad|=3.874e-02  (0.4s)
[07:04:50]   [6q seed  0] ep    0/300  MMD^2=1.18171e-01  |grad|=3.036e-02  (0.4s)
[07:04:50]   [6q seed  3] ep    0/300  MMD^2=1.05102e-01  |grad|=3.220e-02  (0.4s)
[07:04:50]   [6q seed  8] ep    0/300  MMD^2=1.13443e-01  |grad|=5.531e-02  (0.5s)
[07:04:50]   [6q seed 14] ep    0/300  MMD^2=1.01053e-01  |grad|=2.807e-02  (0.4s)
[07:04:50]   [6q seed 10] ep    0/300  MMD^2=1.03105e-01  |grad|=3.725e-02  (0.5s)
[07:04:50]   [6q seed  5] ep    0/300  MMD^2=1.39628e-01  |grad|=6.576e-02  (0.4s)
[07:04:57]   [6q seed 12] ep   25/300  MMD^2=8.74316e-03  |grad|=8.946e-03  (7.6s)
[07:04:57]   [6q seed  6] ep   25/300  MMD^2=1.10890e-02  |grad|=7.071e-03  (7.6s)
[07:04:57]   [6q seed  7] ep   25/300  MMD^2=1.12343e-02  |grad|=7.042e-03  (7.9s)
[07:04:57]   [6q seed  1] ep   25/300  MMD^2=1.05967e-02  |grad|=9.839e-03  (7.9s)
[07:04:57]   [6q seed  2] ep   25/300  MMD^2=1.49591e-02  |grad|=1.920e-02  (7.9s)
[07:04:57]   [6q seed  8] ep   25/300  MMD^2=1.32937e-02  |grad|=1.150e-02  (8.0s)
[07:04:57]   [6q seed 11] ep   25/300  MMD^2=4.19554e-02  |grad|=1.503e-02  (8.0s)
[07:04:57]   [6q seed  5] ep   25/300  MMD^2=1.36511e-02  |grad|=2.032e-02  (7.9s)
[07:04:57]   [6q seed 14] ep   25/300  MMD^2=8.18813e-03  |grad|=1.328e-02  (7.9s)
[07:04:57]   [6q seed  4] ep   25/300  MMD^2=1.11521e-02  |grad|=1.062e-02  (8.0s)
[07:04:57]   [6q seed  3] ep   25/300  MMD^2=1.31514e-02  |grad|=1.383e-02  (8.1s)
[07:04:57]   [6q seed  0] ep   25/300  MMD^2=1.17771e-02  |grad|=7.584e-03  (8.1s)
[07:04:58]   [6q seed 15] ep   25/300  MMD^2=3.29997e-02  |grad|=1.343e-02  (8.5s)
[07:04:58]   [6q seed  9] ep   25/300  MMD^2=9.29123e-03  |grad|=8.218e-03  (8.6s)[07:04:58]   [6q seed 13] ep   25/300  MMD^2=2.20923e-02  |grad|=2.278e-02  (8.6s)

[07:04:58]   [6q seed 10] ep   25/300  MMD^2=1.08169e-02  |grad|=1.233e-02  (8.8s)
[07:05:04]   [6q seed  6] ep   50/300  MMD^2=8.01555e-03  |grad|=3.043e-03  (14.9s)
[07:05:04]   [6q seed 12] ep   50/300  MMD^2=7.11495e-03  |grad|=2.606e-03  (14.9s)
[07:05:04]   [6q seed  1] ep   50/300  MMD^2=6.60126e-03  |grad|=2.929e-03  (15.2s)
[07:05:04]   [6q seed  2] ep   50/300  MMD^2=2.06776e-03  |grad|=2.885e-03  (15.3s)
[07:05:04]   [6q seed  7] ep   50/300  MMD^2=5.86705e-03  |grad|=4.077e-03  (15.3s)
[07:05:04]   [6q seed  5] ep   50/300  MMD^2=5.49767e-03  |grad|=5.202e-03  (15.2s)
[07:05:04]   [6q seed  8] ep   50/300  MMD^2=6.69394e-03  |grad|=2.894e-03  (15.3s)
[07:05:04]   [6q seed 11] ep   50/300  MMD^2=2.78510e-02  |grad|=5.973e-03  (15.3s)
[07:05:04]   [6q seed 14] ep   50/300  MMD^2=4.03604e-03  |grad|=3.177e-03  (15.3s)
[07:05:04]   [6q seed  4] ep   50/300  MMD^2=5.34634e-03  |grad|=3.974e-03  (15.4s)
[07:05:05]   [6q seed  0] ep   50/300  MMD^2=5.44926e-03  |grad|=2.837e-03  (15.4s)
[07:05:05]   [6q seed  3] ep   50/300  MMD^2=5.19129e-03  |grad|=3.687e-03  (15.5s)
[07:05:05]   [6q seed 15] ep   50/300  MMD^2=1.13195e-02  |grad|=6.437e-03  (15.9s)
[07:05:05]   [6q seed 13] ep   50/300  MMD^2=5.45959e-03  |grad|=4.699e-03  (16.0s)
[07:05:05]   [6q seed  9] ep   50/300  MMD^2=7.17584e-03  |grad|=2.488e-03  (16.0s)
[07:05:05]   [6q seed 10] ep   50/300  MMD^2=8.59315e-03  |grad|=1.835e-03  (16.2s)
[07:05:11]   [6q seed 12] ep   75/300  MMD^2=6.82995e-03  |grad|=6.771e-04  (22.1s)
[07:05:11]   [6q seed  6] ep   75/300  MMD^2=7.52008e-03  |grad|=6.639e-04  (22.1s)
[07:05:11]   [6q seed  1] ep   75/300  MMD^2=5.02006e-03  |grad|=2.713e-03  (22.4s)
[07:05:12]   [6q seed  2] ep   75/300  MMD^2=1.11018e-03  |grad|=1.645e-03  (22.4s)
[07:05:12]   [6q seed  4] ep   75/300  MMD^2=4.47135e-03  |grad|=1.265e-03  (22.5s)
[07:05:12]   [6q seed  7] ep   75/300  MMD^2=4.95384e-03  |grad|=1.234e-03  (22.6s)
[07:05:12]   [6q seed  5] ep   75/300  MMD^2=4.18644e-03  |grad|=1.379e-03  (22.5s)
[07:05:12]   [6q seed  8] ep   75/300  MMD^2=6.15753e-03  |grad|=1.170e-03  (22.6s)
[07:05:12]   [6q seed 11] ep   75/300  MMD^2=2.70986e-02  |grad|=1.852e-03  (22.6s)
[07:05:12]   [6q seed 14] ep   75/300  MMD^2=3.39173e-03  |grad|=1.037e-03  (22.5s)
[07:05:12]   [6q seed  0] ep   75/300  MMD^2=3.04577e-03  |grad|=2.342e-03  (22.7s)
[07:05:12]   [6q seed  3] ep   75/300  MMD^2=3.97478e-03  |grad|=1.508e-03  (22.7s)
[07:05:12]   [6q seed 15] ep   75/300  MMD^2=7.28376e-03  |grad|=2.761e-03  (23.3s)
[07:05:12]   [6q seed 13] ep   75/300  MMD^2=3.92855e-03  |grad|=1.297e-03  (23.3s)
[07:05:12]   [6q seed  9] ep   75/300  MMD^2=6.48014e-03  |grad|=9.679e-04  (23.3s)
[07:05:13]   [6q seed 10] ep   75/300  MMD^2=7.66014e-03  |grad|=1.358e-03  (23.5s)
[07:05:18]   [6q seed 12] ep  100/300  MMD^2=6.69415e-03  |grad|=3.200e-04  (29.3s)
[07:05:18]   [6q seed  6] ep  100/300  MMD^2=7.26393e-03  |grad|=4.822e-04  (29.3s)
[07:05:19]   [6q seed  2] ep  100/300  MMD^2=8.91182e-04  |grad|=5.884e-04  (29.5s)
[07:05:19]   [6q seed  1] ep  100/300  MMD^2=3.03225e-03  |grad|=1.840e-03  (29.6s)
[07:05:19]   [6q seed  4] ep  100/300  MMD^2=4.12692e-03  |grad|=6.721e-04  (29.7s)
[07:05:19]   [6q seed  5] ep  100/300  MMD^2=3.99651e-03  |grad|=4.262e-04  (29.6s)
[07:05:19]   [6q seed  7] ep  100/300  MMD^2=4.80063e-03  |grad|=3.028e-04  (29.8s)
[07:05:19]   [6q seed  8] ep  100/300  MMD^2=6.01760e-03  |grad|=4.124e-04  (29.8s)
[07:05:19]   [6q seed 11] ep  100/300  MMD^2=2.69908e-02  |grad|=4.652e-04  (29.8s)
[07:05:19]   [6q seed 14] ep  100/300  MMD^2=3.28183e-03  |grad|=2.992e-04  (29.8s)
[07:05:19]   [6q seed  3] ep  100/300  MMD^2=3.55440e-03  |grad|=5.531e-04  (30.0s)
[07:05:19]   [6q seed  0] ep  100/300  MMD^2=1.01334e-03  |grad|=1.242e-03  (30.0s)
[07:05:20]   [6q seed 15] ep  100/300  MMD^2=6.59668e-03  |grad|=8.809e-04  (30.5s)
[07:05:20]   [6q seed 13] ep  100/300  MMD^2=3.56410e-03  |grad|=7.763e-04  (30.5s)
[07:05:20]   [6q seed  9] ep  100/300  MMD^2=6.31990e-03  |grad|=2.874e-04  (30.7s)
[07:05:20]   [6q seed 10] ep  100/300  MMD^2=7.26978e-03  |grad|=4.045e-04  (30.7s)
[07:05:26]   [6q seed 12] ep  125/300  MMD^2=6.59416e-03  |grad|=1.960e-04  (36.6s)
[07:05:26]   [6q seed  6] ep  125/300  MMD^2=7.05209e-03  |grad|=2.319e-04  (36.6s)
[07:05:26]   [6q seed  2] ep  125/300  MMD^2=7.84638e-04  |grad|=2.286e-04  (36.7s)
[07:05:26]   [6q seed  1] ep  125/300  MMD^2=2.79328e-03  |grad|=5.544e-04  (36.9s)
[07:05:26]   [6q seed  4] ep  125/300  MMD^2=3.52171e-03  |grad|=1.261e-03  (37.0s)
[07:05:26]   [6q seed  7] ep  125/300  MMD^2=4.66604e-03  |grad|=2.957e-04  (37.1s)
[07:05:26]   [6q seed  5] ep  125/300  MMD^2=3.96653e-03  |grad|=1.538e-04  (37.0s)
[07:05:26]   [6q seed 11] ep  125/300  MMD^2=2.69695e-02  |grad|=1.393e-04  (37.1s)
[07:05:26]   [6q seed 14] ep  125/300  MMD^2=3.26669e-03  |grad|=9.837e-05  (37.2s)
[07:05:26]   [6q seed  8] ep  125/300  MMD^2=5.99066e-03  |grad|=1.157e-04  (37.3s)
[07:05:26]   [6q seed  3] ep  125/300  MMD^2=3.43937e-03  |grad|=2.033e-04  (37.3s)
[07:05:26]   [6q seed  0] ep  125/300  MMD^2=7.91408e-04  |grad|=4.140e-04  (37.4s)
[07:05:28]   [6q seed 15] ep  125/300  MMD^2=6.49389e-03  |grad|=3.643e-04  (38.6s)
[07:05:28]   [6q seed 13] ep  125/300  MMD^2=1.73050e-03  |grad|=1.254e-03  (38.7s)
[07:05:28]   [6q seed  9] ep  125/300  MMD^2=6.25989e-03  |grad|=1.499e-04  (38.8s)
[07:05:28]   [6q seed 10] ep  125/300  MMD^2=7.21469e-03  |grad|=1.919e-04  (38.8s)
[07:05:33]   [6q seed 12] ep  150/300  MMD^2=6.52091e-03  |grad|=1.623e-04  (43.8s)
[07:05:33]   [6q seed  6] ep  150/300  MMD^2=6.97964e-03  |grad|=1.861e-04  (43.9s)
[07:05:33]   [6q seed  2] ep  150/300  MMD^2=7.19371e-04  |grad|=1.758e-04  (44.0s)
[07:05:33]   [6q seed  1] ep  150/300  MMD^2=2.75049e-03  |grad|=1.496e-04  (44.2s)
[07:05:33]   [6q seed  4] ep  150/300  MMD^2=2.69280e-03  |grad|=5.262e-04  (44.3s)
[07:05:33]   [6q seed  5] ep  150/300  MMD^2=3.94812e-03  |grad|=9.578e-05  (44.3s)
[07:05:33]   [6q seed  7] ep  150/300  MMD^2=4.43580e-03  |grad|=2.878e-04  (44.4s)
[07:05:34]   [6q seed 14] ep  150/300  MMD^2=3.25727e-03  |grad|=6.002e-05  (44.5s)
[07:05:34]   [6q seed 11] ep  150/300  MMD^2=2.69676e-02  |grad|=4.542e-05  (44.6s)
[07:05:34]   [6q seed  8] ep  150/300  MMD^2=5.97261e-03  |grad|=7.527e-05  (44.7s)
[07:05:34]   [6q seed  0] ep  150/300  MMD^2=7.01411e-04  |grad|=1.787e-04  (44.7s)
[07:05:34]   [6q seed  3] ep  150/300  MMD^2=3.40352e-03  |grad|=1.018e-04  (44.7s)
[07:05:35]   [6q seed 15] ep  150/300  MMD^2=6.38438e-03  |grad|=3.310e-04  (46.0s)
[07:05:35]   [6q seed 13] ep  150/300  MMD^2=1.35854e-03  |grad|=4.445e-04  (46.0s)
[07:05:35]   [6q seed  9] ep  150/300  MMD^2=6.23264e-03  |grad|=9.205e-05  (46.1s)
[07:05:35]   [6q seed 10] ep  150/300  MMD^2=7.19311e-03  |grad|=9.604e-05  (46.2s)
[07:05:40]   [6q seed  6] ep  175/300  MMD^2=6.53410e-03  |grad|=1.373e-03  (50.8s)
[07:05:40]   [6q seed 12] ep  175/300  MMD^2=6.45125e-03  |grad|=1.696e-04  (51.2s)
[07:05:40]   [6q seed  2] ep  175/300  MMD^2=6.69799e-04  |grad|=1.423e-04  (51.2s)
[07:05:40]   [6q seed  1] ep  175/300  MMD^2=2.73233e-03  |grad|=6.495e-05  (51.4s)
[07:05:41]   [6q seed  4] ep  175/300  MMD^2=2.62931e-03  |grad|=1.459e-04  (51.5s)
[07:05:41]   [6q seed  5] ep  175/300  MMD^2=3.93067e-03  |grad|=9.321e-05  (51.5s)
[07:05:41]   [6q seed  7] ep  175/300  MMD^2=4.30972e-03  |grad|=9.591e-05  (51.6s)
[07:05:41]   [6q seed 14] ep  175/300  MMD^2=3.24718e-03  |grad|=6.015e-05  (51.7s)
[07:05:41]   [6q seed  8] ep  175/300  MMD^2=5.95687e-03  |grad|=6.701e-05  (51.9s)
[07:05:41]   [6q seed 11] ep  175/300  MMD^2=2.69674e-02  |grad|=1.426e-05  (51.8s)
[07:05:41]   [6q seed  0] ep  175/300  MMD^2=6.60026e-04  |grad|=9.527e-05  (52.0s)
[07:05:41]   [6q seed  3] ep  175/300  MMD^2=3.38252e-03  |grad|=7.066e-05  (52.0s)
[07:05:42]   [6q seed 15] ep  175/300  MMD^2=6.16391e-03  |grad|=3.559e-04  (53.2s)
[07:05:42]   [6q seed 13] ep  175/300  MMD^2=1.26899e-03  |grad|=1.964e-04  (53.4s)
[07:05:43]   [6q seed  9] ep  175/300  MMD^2=6.21454e-03  |grad|=5.753e-05  (53.4s)
[07:05:43]   [6q seed 10] ep  175/300  MMD^2=7.17966e-03  |grad|=6.862e-05  (53.4s)
[07:05:47]   [6q seed  6] ep  200/300  MMD^2=5.79900e-03  |grad|=7.733e-04  (57.9s)
[07:05:47]   [6q seed  2] ep  200/300  MMD^2=6.26534e-04  |grad|=1.295e-04  (58.3s)
[07:05:47]   [6q seed 12] ep  200/300  MMD^2=6.35202e-03  |grad|=1.597e-04  (58.4s)
[07:05:48]   [6q seed  1] ep  200/300  MMD^2=2.71872e-03  |grad|=4.777e-05  (58.4s)
[07:05:48]   [6q seed  4] ep  200/300  MMD^2=2.60897e-03  |grad|=7.992e-05  (58.6s)
[07:05:48]   [6q seed  5] ep  200/300  MMD^2=3.90961e-03  |grad|=1.050e-04  (58.5s)
[07:05:48]   [6q seed  7] ep  200/300  MMD^2=4.30131e-03  |grad|=3.428e-05  (58.8s)
[07:05:48]   [6q seed 14] ep  200/300  MMD^2=3.23490e-03  |grad|=6.577e-05  (58.8s)
[07:05:48]   [6q seed  8] ep  200/300  MMD^2=5.94361e-03  |grad|=5.935e-05  (59.0s)
[07:05:48]   [6q seed 11] ep  200/300  MMD^2=2.69671e-02  |grad|=8.759e-06  (59.0s)
[07:05:48]   [6q seed  0] ep  200/300  MMD^2=6.44283e-04  |grad|=6.205e-05  (59.2s)
[07:05:48]   [6q seed  3] ep  200/300  MMD^2=3.36769e-03  |grad|=5.616e-05  (59.2s)
[07:05:50]   [6q seed 15] ep  200/300  MMD^2=6.05614e-03  |grad|=1.777e-04  (60.5s)
[07:05:50]   [6q seed 10] ep  200/300  MMD^2=7.16782e-03  |grad|=5.984e-05  (60.7s)
[07:05:50]   [6q seed 13] ep  200/300  MMD^2=1.22260e-03  |grad|=1.182e-04  (60.9s)
[07:05:50]   [6q seed  9] ep  200/300  MMD^2=6.20518e-03  |grad|=4.710e-05  (60.9s)
[07:05:54]   [6q seed  6] ep  225/300  MMD^2=5.73400e-03  |grad|=1.965e-04  (65.1s)
[07:05:55]   [6q seed  2] ep  225/300  MMD^2=5.90302e-04  |grad|=1.055e-04  (65.5s)
[07:05:55]   [6q seed 12] ep  225/300  MMD^2=6.27467e-03  |grad|=1.583e-04  (65.7s)
[07:05:55]   [6q seed  1] ep  225/300  MMD^2=2.70902e-03  |grad|=3.864e-05  (65.7s)
[07:05:55]   [6q seed  4] ep  225/300  MMD^2=2.59578e-03  |grad|=5.688e-05  (65.8s)
[07:05:55]   [6q seed  5] ep  225/300  MMD^2=3.87940e-03  |grad|=1.268e-04  (65.8s)
[07:05:55]   [6q seed  7] ep  225/300  MMD^2=4.29980e-03  |grad|=1.451e-05  (66.0s)
[07:05:55]   [6q seed 14] ep  225/300  MMD^2=3.21834e-03  |grad|=8.030e-05  (66.1s)
[07:05:55]   [6q seed 11] ep  225/300  MMD^2=2.69670e-02  |grad|=7.875e-06  (66.3s)
[07:05:55]   [6q seed  8] ep  225/300  MMD^2=5.93308e-03  |grad|=5.389e-05  (66.4s)
[07:05:56]   [6q seed  3] ep  225/300  MMD^2=3.35770e-03  |grad|=5.186e-05  (66.5s)
[07:05:56]   [6q seed  0] ep  225/300  MMD^2=6.35489e-04  |grad|=6.654e-05  (66.5s)
[07:05:58]   [6q seed 15] ep  225/300  MMD^2=6.03104e-03  |grad|=8.614e-05  (68.5s)
[07:05:58]   [6q seed 10] ep  225/300  MMD^2=7.15802e-03  |grad|=4.929e-05  (68.8s)
[07:05:58]   [6q seed  9] ep  225/300  MMD^2=6.19873e-03  |grad|=5.061e-05  (69.0s)
[07:05:58]   [6q seed 13] ep  225/300  MMD^2=1.20317e-03  |grad|=6.779e-05  (69.1s)
[07:06:01]   [6q seed  6] ep  250/300  MMD^2=5.72188e-03  |grad|=7.927e-05  (72.4s)
[07:06:02]   [6q seed  2] ep  250/300  MMD^2=5.70214e-04  |grad|=6.301e-05  (72.8s)
[07:06:02]   [6q seed  1] ep  250/300  MMD^2=2.70206e-03  |grad|=3.386e-05  (72.8s)
[07:06:02]   [6q seed 12] ep  250/300  MMD^2=6.21980e-03  |grad|=9.980e-05  (72.9s)
[07:06:02]   [6q seed  4] ep  250/300  MMD^2=2.58703e-03  |grad|=4.511e-05  (72.9s)
[07:06:02]   [6q seed  5] ep  250/300  MMD^2=3.83337e-03  |grad|=1.556e-04  (72.9s)
[07:06:02]   [6q seed  7] ep  250/300  MMD^2=4.29927e-03  |grad|=1.150e-05  (73.3s)
[07:06:03]   [6q seed 14] ep  250/300  MMD^2=3.18993e-03  |grad|=1.132e-04  (73.3s)
[07:06:03]   [6q seed 11] ep  250/300  MMD^2=2.69668e-02  |grad|=7.585e-06  (73.4s)
[07:06:03]   [6q seed  8] ep  250/300  MMD^2=5.92432e-03  |grad|=5.159e-05  (73.6s)
[07:06:03]   [6q seed  3] ep  250/300  MMD^2=3.34889e-03  |grad|=6.690e-05  (73.7s)
[07:06:03]   [6q seed  0] ep  250/300  MMD^2=6.23231e-04  |grad|=9.968e-05  (73.7s)
[07:06:05]   [6q seed 15] ep  250/300  MMD^2=6.01992e-03  |grad|=7.155e-05  (75.9s)
[07:06:05]   [6q seed 10] ep  250/300  MMD^2=7.15136e-03  |grad|=3.668e-05  (76.1s)
[07:06:05]   [6q seed  9] ep  250/300  MMD^2=6.19144e-03  |grad|=5.696e-05  (76.3s)
[07:06:06]   [6q seed 13] ep  250/300  MMD^2=1.19498e-03  |grad|=4.918e-05  (76.4s)
[07:06:08]   [6q seed  6] ep  275/300  MMD^2=5.71172e-03  |grad|=6.007e-05  (79.4s)
[07:06:09]   [6q seed 12] ep  275/300  MMD^2=6.19820e-03  |grad|=6.451e-05  (79.9s)
[07:06:09]   [6q seed  2] ep  275/300  MMD^2=5.60102e-04  |grad|=4.729e-05  (79.9s)
[07:06:09]   [6q seed  4] ep  275/300  MMD^2=2.58100e-03  |grad|=3.648e-05  (80.0s)
[07:06:09]   [6q seed  1] ep  275/300  MMD^2=2.69573e-03  |grad|=3.548e-05  (80.0s)
[07:06:09]   [6q seed  5] ep  275/300  MMD^2=3.75931e-03  |grad|=2.227e-04  (80.0s)
[07:06:09]   [6q seed  7] ep  275/300  MMD^2=4.29872e-03  |grad|=1.142e-05  (80.3s)
[07:06:10]   [6q seed 11] ep  275/300  MMD^2=2.69666e-02  |grad|=7.482e-06  (80.6s)
[07:06:10]   [6q seed 14] ep  275/300  MMD^2=3.13319e-03  |grad|=1.507e-04  (80.5s)
[07:06:10]   [6q seed  8] ep  275/300  MMD^2=5.91607e-03  |grad|=5.163e-05  (80.7s)
[07:06:10]   [6q seed  3] ep  275/300  MMD^2=3.33362e-03  |grad|=1.055e-04  (80.8s)
[07:06:10]   [6q seed  0] ep  275/300  MMD^2=6.02431e-04  |grad|=9.747e-05  (80.9s)
[07:06:12]   [6q seed 15] ep  275/300  MMD^2=6.00681e-03  |grad|=8.184e-05  (83.3s)
[07:06:13]   [6q seed 10] ep  275/300  MMD^2=7.14764e-03  |grad|=2.609e-05  (83.5s)
[07:06:13]   [6q seed  9] ep  275/300  MMD^2=6.18151e-03  |grad|=6.058e-05  (83.6s)
[07:06:13]   [6q seed 13] ep  275/300  MMD^2=1.18935e-03  |grad|=4.507e-05  (83.8s)
[07:06:15]   [6q seed  6] ep  299/300  MMD^2=5.70167e-03  |grad|=6.342e-05  (86.2s)
[07:06:15]   [6q seed  6] 완료 MMD^2=5.7017e-03 TV=0.2144 |grad|_fin=6.342e-05 (86.2s)
[07:06:16]   [6q seed 12] ep  299/300  MMD^2=6.18825e-03  |grad|=5.042e-05  (86.5s)
[07:06:16]   [6q seed 12] 완료 MMD^2=6.1883e-03 TV=0.3030 |grad|_fin=5.042e-05 (86.5s)
[07:06:16]   [6q seed  2] ep  299/300  MMD^2=5.52470e-04  |grad|=4.479e-05  (86.7s)
[07:06:16]   [6q seed  2] 완료 MMD^2=5.5247e-04 TV=0.0928 |grad|_fin=4.479e-05 (86.7s)
[07:06:16]   [6q seed  4] ep  299/300  MMD^2=2.57684e-03  |grad|=3.015e-05  (86.8s)
[07:06:16]   [6q seed  4] 완료 MMD^2=2.5768e-03 TV=0.1690 |grad|_fin=3.015e-05 (86.8s)
[07:06:16]   [6q seed  5] ep  299/300  MMD^2=3.58869e-03  |grad|=3.560e-04  (86.7s)
[07:06:16]   [6q seed  5] 완료 MMD^2=3.5887e-03 TV=0.2083 |grad|_fin=3.560e-04 (86.7s)
[07:06:16]   [6q seed  1] ep  299/300  MMD^2=2.68693e-03  |grad|=4.844e-05  (86.8s)
[07:06:16]   [6q seed  1] 완료 MMD^2=2.6869e-03 TV=0.1639 |grad|_fin=4.844e-05 (86.8s)
[07:06:16]   [6q seed  7] ep  299/300  MMD^2=4.29782e-03  |grad|=1.484e-05  (87.0s)
[07:06:16]   [6q seed  7] 완료 MMD^2=4.2978e-03 TV=0.1934 |grad|_fin=1.484e-05 (87.0s)
[07:06:16]   [6q seed  8] ep  299/300  MMD^2=5.90781e-03  |grad|=5.253e-05  (87.1s)
[07:06:16]   [6q seed  8] 완료 MMD^2=5.9078e-03 TV=0.2837 |grad|_fin=5.253e-05 (87.1s)
[07:06:16]   [6q seed 11] ep  299/300  MMD^2=2.69664e-02  |grad|=7.460e-06  (87.3s)
[07:06:16]   [6q seed 11] 완료 MMD^2=2.6966e-02 TV=0.4403 |grad|_fin=7.460e-06 (87.3s)
[07:06:16]   [6q seed 14] ep  299/300  MMD^2=3.04679e-03  |grad|=1.921e-04  (87.3s)
[07:06:16]   [6q seed 14] 완료 MMD^2=3.0468e-03 TV=0.1860 |grad|_fin=1.921e-04 (87.3s)
[07:06:17]   [6q seed  3] ep  299/300  MMD^2=3.30018e-03  |grad|=1.331e-04  (87.4s)
[07:06:17]   [6q seed  3] 완료 MMD^2=3.3002e-03 TV=0.1872 |grad|_fin=1.331e-04 (87.4s)
[07:06:17]   [6q seed  0] ep  299/300  MMD^2=5.77864e-04  |grad|=1.119e-04  (87.5s)
[07:06:17]   [6q seed  0] 완료 MMD^2=5.7786e-04 TV=0.0880 |grad|_fin=1.119e-04 (87.5s)
[07:06:19]   [6q seed 15] ep  299/300  MMD^2=5.98923e-03  |grad|=9.428e-05  (90.2s)
[07:06:19]   [6q seed 15] 완료 MMD^2=5.9892e-03 TV=0.2887 |grad|_fin=9.428e-05 (90.2s)
[07:06:20]   [6q seed 10] ep  299/300  MMD^2=7.14573e-03  |grad|=1.998e-05  (90.4s)
[07:06:20]   [6q seed 10] 완료 MMD^2=7.1457e-03 TV=0.3210 |grad|_fin=1.998e-05 (90.4s)
[07:06:20]   [6q seed  9] ep  299/300  MMD^2=6.16929e-03  |grad|=5.903e-05  (90.6s)
[07:06:20]   [6q seed  9] 완료 MMD^2=6.1693e-03 TV=0.3006 |grad|_fin=5.903e-05 (90.6s)
[07:06:20]   [6q seed 13] ep  299/300  MMD^2=1.18333e-03  |grad|=4.989e-05  (90.7s)
[07:06:20]   [6q seed 13] 완료 MMD^2=1.1833e-03 TV=0.1301 |grad|_fin=4.989e-05 (90.7s)
[07:06:20] [6q] 완료: best MMD^2=5.5247e-04 TV=0.0928 KL=0.1036 | 중앙값MMD^2=3.9433e-03 | 수렴~212 ep | wall=90.9s
[07:06:20] [6q] gradient-norm(중앙값): 초기=3.916e-02 -> 최종=5.147e-05 (바렌플래토 진단)
[07:06:21] [6q 이상탐지] AUC=0.4104 | mean p(x): benign=1.349e-01 vs attack=1.700e-01 (배율 0.79x)
[07:06:21] [6q 이상탐지] mean log p(x): benign=-2.370 vs attack=-2.082 (격차 -0.287) | Youden J=0.000
[07:06:21] [8q] 이산화: 256상태 중 50개 점유 (size 16버킷)
[07:06:21] ----------------------------------------------------------------------
[07:06:21] [8q] 학습 시작: 8큐비트, 256상태, params=72, 재시작=16 (16코어 병렬)
[07:06:22]   [8q seed  5] ep    0/300  MMD^2=9.19526e-02  |grad|=2.180e-02  (0.5s)
[07:06:22]   [8q seed  8] ep    0/300  MMD^2=9.22664e-02  |grad|=3.778e-02  (0.5s)
[07:06:22]   [8q seed  0] ep    0/300  MMD^2=8.30593e-02  |grad|=2.184e-02  (0.5s)
[07:06:22]   [8q seed 10] ep    0/300  MMD^2=8.14334e-02  |grad|=2.438e-02  (0.5s)
[07:06:22]   [8q seed  4] ep    0/300  MMD^2=9.32658e-02  |grad|=2.835e-02  (0.5s)
[07:06:22]   [8q seed  6] ep    0/300  MMD^2=9.26000e-02  |grad|=2.992e-02  (0.5s)
[07:06:22]   [8q seed 11] ep    0/300  MMD^2=9.25658e-02  |grad|=1.384e-02  (0.5s)
[07:06:22]   [8q seed 13] ep    0/300  MMD^2=9.03090e-02  |grad|=2.504e-02  (0.5s)
[07:06:22]   [8q seed 15] ep    0/300  MMD^2=8.84084e-02  |grad|=1.684e-02  (0.5s)
[07:06:22]   [8q seed  1] ep    0/300  MMD^2=8.67674e-02  |grad|=2.200e-02  (0.6s)
[07:06:22]   [8q seed 12] ep    0/300  MMD^2=9.06705e-02  |grad|=1.903e-02  (0.5s)
[07:06:22]   [8q seed 14] ep    0/300  MMD^2=8.52830e-02  |grad|=2.083e-02  (0.5s)
[07:06:22]   [8q seed  9] ep    0/300  MMD^2=1.04664e-01  |grad|=4.728e-02  (0.5s)[07:06:22]   [8q seed  2] ep    0/300  MMD^2=9.10475e-02  |grad|=2.686e-02  (0.5s)

[07:06:22]   [8q seed  3] ep    0/300  MMD^2=8.20815e-02  |grad|=3.192e-02  (0.5s)
[07:06:22]   [8q seed  7] ep    0/300  MMD^2=8.43054e-02  |grad|=1.755e-02  (0.6s)
[07:06:34]   [8q seed  5] ep   25/300  MMD^2=2.97568e-02  |grad|=6.236e-03  (12.8s)
[07:06:34]   [8q seed  4] ep   25/300  MMD^2=3.59620e-02  |grad|=6.115e-03  (12.8s)
[07:06:34]   [8q seed 15] ep   25/300  MMD^2=2.58524e-02  |grad|=8.123e-03  (12.8s)
[07:06:34]   [8q seed  8] ep   25/300  MMD^2=2.61223e-02  |grad|=7.189e-03  (12.8s)
[07:06:34]   [8q seed 14] ep   25/300  MMD^2=2.99498e-02  |grad|=5.518e-03  (12.8s)
[07:06:34]   [8q seed  0] ep   25/300  MMD^2=2.73097e-02  |grad|=7.446e-03  (12.9s)
[07:06:34]   [8q seed 10] ep   25/300  MMD^2=3.27772e-02  |grad|=6.204e-03  (12.9s)
[07:06:34]   [8q seed  6] ep   25/300  MMD^2=3.64912e-02  |grad|=6.010e-03  (12.9s)
[07:06:34]   [8q seed  2] ep   25/300  MMD^2=3.36258e-02  |grad|=1.288e-02  (12.8s)
[07:06:34]   [8q seed 13] ep   25/300  MMD^2=2.54945e-02  |grad|=7.624e-03  (12.9s)
[07:06:34]   [8q seed 11] ep   25/300  MMD^2=4.47040e-02  |grad|=8.418e-03  (12.9s)
[07:06:34]   [8q seed  3] ep   25/300  MMD^2=3.00163e-02  |grad|=7.922e-03  (12.9s)
[07:06:35]   [8q seed 12] ep   25/300  MMD^2=2.52433e-02  |grad|=8.159e-03  (13.7s)
[07:06:35]   [8q seed  9] ep   25/300  MMD^2=2.47492e-02  |grad|=5.496e-03  (13.8s)
[07:06:35]   [8q seed  7] ep   25/300  MMD^2=2.76610e-02  |grad|=9.516e-03  (13.8s)
[07:06:35]   [8q seed  1] ep   25/300  MMD^2=2.14408e-02  |grad|=8.896e-03  (13.9s)
[07:06:46]   [8q seed  5] ep   50/300  MMD^2=2.64760e-02  |grad|=2.720e-03  (24.8s)
[07:06:46]   [8q seed  4] ep   50/300  MMD^2=3.28792e-02  |grad|=1.891e-03  (24.9s)
[07:06:46]   [8q seed  8] ep   50/300  MMD^2=2.00964e-02  |grad|=3.059e-03  (24.9s)
[07:06:46]   [8q seed 15] ep   50/300  MMD^2=1.98899e-02  |grad|=3.168e-03  (24.9s)
[07:06:46]   [8q seed  0] ep   50/300  MMD^2=2.43056e-02  |grad|=2.595e-03  (25.0s)
[07:06:46]   [8q seed 10] ep   50/300  MMD^2=2.27017e-02  |grad|=4.496e-03  (25.1s)
[07:06:46]   [8q seed 11] ep   50/300  MMD^2=2.16045e-02  |grad|=7.445e-03  (25.1s)
[07:06:46]   [8q seed 14] ep   50/300  MMD^2=2.69286e-02  |grad|=1.711e-03  (25.0s)
[07:06:46]   [8q seed  6] ep   50/300  MMD^2=2.84541e-02  |grad|=5.445e-03  (25.1s)
[07:06:47]   [8q seed  2] ep   50/300  MMD^2=1.94118e-02  |grad|=3.226e-03  (25.0s)
[07:06:47]   [8q seed  3] ep   50/300  MMD^2=2.82502e-02  |grad|=2.348e-03  (25.1s)
[07:06:47]   [8q seed 13] ep   50/300  MMD^2=1.78576e-02  |grad|=3.568e-03  (25.2s)
[07:06:47]   [8q seed 12] ep   50/300  MMD^2=1.79060e-02  |grad|=3.373e-03  (26.0s)
[07:06:48]   [8q seed  7] ep   50/300  MMD^2=2.21290e-02  |grad|=3.457e-03  (26.3s)
[07:06:48]   [8q seed  9] ep   50/300  MMD^2=2.06711e-02  |grad|=4.075e-03  (26.3s)
[07:06:48]   [8q seed  1] ep   50/300  MMD^2=1.76199e-02  |grad|=2.969e-03  (26.4s)
[07:06:58]   [8q seed  5] ep   75/300  MMD^2=2.57329e-02  |grad|=7.772e-04  (36.8s)
[07:06:58]   [8q seed  4] ep   75/300  MMD^2=3.20037e-02  |grad|=7.945e-04  (36.9s)
[07:06:58]   [8q seed 15] ep   75/300  MMD^2=1.89102e-02  |grad|=8.603e-04  (36.9s)
[07:06:58]   [8q seed  8] ep   75/300  MMD^2=1.86365e-02  |grad|=1.415e-03  (37.0s)
[07:06:59]   [8q seed 11] ep   75/300  MMD^2=1.67006e-02  |grad|=2.905e-03  (37.1s)
[07:06:59]   [8q seed  0] ep   75/300  MMD^2=2.29066e-02  |grad|=9.383e-04  (37.1s)
[07:06:59]   [8q seed 10] ep   75/300  MMD^2=1.86241e-02  |grad|=2.663e-03  (37.1s)
[07:06:59]   [8q seed 14] ep   75/300  MMD^2=2.52494e-02  |grad|=2.166e-03  (37.1s)
[07:06:59]   [8q seed  2] ep   75/300  MMD^2=1.73942e-02  |grad|=1.565e-03  (37.2s)
[07:06:59]   [8q seed  6] ep   75/300  MMD^2=1.51147e-02  |grad|=3.575e-03  (37.3s)
[07:06:59]   [8q seed  3] ep   75/300  MMD^2=2.79916e-02  |grad|=7.168e-04  (37.2s)
[07:06:59]   [8q seed 13] ep   75/300  MMD^2=1.68896e-02  |grad|=1.206e-03  (37.3s)
[07:07:01]   [8q seed 12] ep   75/300  MMD^2=1.26499e-02  |grad|=2.895e-03  (39.6s)
[07:07:01]   [8q seed  7] ep   75/300  MMD^2=1.92871e-02  |grad|=1.719e-03  (39.7s)
[07:07:01]   [8q seed  9] ep   75/300  MMD^2=1.75983e-02  |grad|=1.721e-03  (39.9s)
[07:07:01]   [8q seed  1] ep   75/300  MMD^2=1.63553e-02  |grad|=1.067e-03  (39.9s)
[07:07:10]   [8q seed  5] ep  100/300  MMD^2=2.56293e-02  |grad|=2.683e-04  (48.7s)
[07:07:10]   [8q seed  4] ep  100/300  MMD^2=3.09744e-02  |grad|=1.418e-03  (48.8s)
[07:07:10]   [8q seed  8] ep  100/300  MMD^2=1.74066e-02  |grad|=1.584e-03  (49.0s)
[07:07:10]   [8q seed 15] ep  100/300  MMD^2=1.88035e-02  |grad|=3.408e-04  (49.0s)
[07:07:10]   [8q seed 11] ep  100/300  MMD^2=1.42097e-02  |grad|=1.757e-03  (49.1s)
[07:07:10]   [8q seed  0] ep  100/300  MMD^2=2.19426e-02  |grad|=1.380e-03  (49.1s)
[07:07:10]   [8q seed 10] ep  100/300  MMD^2=1.49956e-02  |grad|=2.188e-03  (49.1s)
[07:07:11]   [8q seed 14] ep  100/300  MMD^2=2.37824e-02  |grad|=1.368e-03  (49.0s)
[07:07:11]   [8q seed  6] ep  100/300  MMD^2=1.39523e-02  |grad|=1.245e-03  (49.3s)
[07:07:11]   [8q seed  3] ep  100/300  MMD^2=2.76785e-02  |grad|=5.006e-04  (49.2s)
[07:07:11]   [8q seed  2] ep  100/300  MMD^2=1.68890e-02  |grad|=5.141e-04  (49.2s)
[07:07:11]   [8q seed 13] ep  100/300  MMD^2=1.66860e-02  |grad|=3.651e-04  (49.4s)
[07:07:13]   [8q seed 12] ep  100/300  MMD^2=1.10670e-02  |grad|=1.269e-03  (51.8s)
[07:07:14]   [8q seed  7] ep  100/300  MMD^2=1.69380e-02  |grad|=1.561e-03  (52.0s)
[07:07:14]   [8q seed  9] ep  100/300  MMD^2=1.71329e-02  |grad|=7.666e-04  (52.3s)
[07:07:14]   [8q seed  1] ep  100/300  MMD^2=1.60583e-02  |grad|=3.817e-04  (52.4s)
[07:07:22]   [8q seed  5] ep  125/300  MMD^2=2.55976e-02  |grad|=1.383e-04  (60.5s)
[07:07:22]   [8q seed  4] ep  125/300  MMD^2=2.86901e-02  |grad|=2.473e-03  (60.6s)
[07:07:22]   [8q seed  8] ep  125/300  MMD^2=1.65056e-02  |grad|=7.909e-04  (60.7s)
[07:07:22]   [8q seed 15] ep  125/300  MMD^2=1.86711e-02  |grad|=3.073e-04  (60.9s)
[07:07:22]   [8q seed 11] ep  125/300  MMD^2=1.35252e-02  |grad|=6.488e-04  (60.9s)
[07:07:22]   [8q seed 10] ep  125/300  MMD^2=1.38455e-02  |grad|=9.624e-04  (61.0s)
[07:07:22]   [8q seed 14] ep  125/300  MMD^2=2.25402e-02  |grad|=5.642e-04  (60.9s)
[07:07:22]   [8q seed  0] ep  125/300  MMD^2=2.00767e-02  |grad|=8.254e-04  (61.0s)
[07:07:23]   [8q seed  3] ep  125/300  MMD^2=2.71269e-02  |grad|=3.197e-04  (61.1s)
[07:07:23]   [8q seed  6] ep  125/300  MMD^2=1.25246e-02  |grad|=1.120e-03  (61.3s)
[07:07:23]   [8q seed  2] ep  125/300  MMD^2=1.67907e-02  |grad|=1.433e-04  (61.2s)
[07:07:23]   [8q seed 13] ep  125/300  MMD^2=1.66486e-02  |grad|=1.382e-04  (61.5s)
[07:07:26]   [8q seed 12] ep  125/300  MMD^2=1.09662e-02  |grad|=3.326e-04  (64.7s)
[07:07:26]   [8q seed  7] ep  125/300  MMD^2=1.61355e-02  |grad|=6.617e-04  (64.9s)
[07:07:27]   [8q seed  9] ep  125/300  MMD^2=1.70427e-02  |grad|=2.395e-04  (65.3s)
[07:07:27]   [8q seed  1] ep  125/300  MMD^2=1.51681e-02  |grad|=1.110e-03  (65.5s)
[07:07:34]   [8q seed  5] ep  150/300  MMD^2=2.55661e-02  |grad|=1.290e-04  (72.4s)
[07:07:34]   [8q seed  4] ep  150/300  MMD^2=2.06889e-02  |grad|=3.190e-03  (72.5s)
[07:07:34]   [8q seed  8] ep  150/300  MMD^2=1.64230e-02  |grad|=2.594e-04  (72.5s)
[07:07:34]   [8q seed 11] ep  150/300  MMD^2=1.32677e-02  |grad|=3.713e-04  (72.7s)
[07:07:34]   [8q seed 15] ep  150/300  MMD^2=1.80986e-02  |grad|=4.349e-04  (72.7s)
[07:07:34]   [8q seed 14] ep  150/300  MMD^2=2.05780e-02  |grad|=2.553e-03  (72.8s)
[07:07:34]   [8q seed 10] ep  150/300  MMD^2=1.36044e-02  |grad|=3.883e-04  (73.0s)
[07:07:34]   [8q seed  0] ep  150/300  MMD^2=1.94888e-02  |grad|=7.397e-04  (73.0s)
[07:07:34]   [8q seed  3] ep  150/300  MMD^2=2.70551e-02  |grad|=1.108e-04  (73.0s)
[07:07:35]   [8q seed  2] ep  150/300  MMD^2=1.67772e-02  |grad|=6.321e-05  (73.0s)
[07:07:35]   [8q seed  6] ep  150/300  MMD^2=1.19549e-02  |grad|=4.213e-04  (73.2s)
[07:07:35]   [8q seed 13] ep  150/300  MMD^2=1.66233e-02  |grad|=8.575e-05  (73.6s)
[07:07:39]   [8q seed 12] ep  150/300  MMD^2=1.09511e-02  |grad|=8.798e-05  (77.4s)
[07:07:39]   [8q seed  7] ep  150/300  MMD^2=1.60614e-02  |grad|=2.251e-04  (77.6s)
[07:07:39]   [8q seed  9] ep  150/300  MMD^2=1.70195e-02  |grad|=1.275e-04  (77.9s)
[07:07:40]   [8q seed  1] ep  150/300  MMD^2=1.42485e-02  |grad|=5.224e-04  (78.2s)
[07:07:45]   [8q seed  5] ep  175/300  MMD^2=2.55371e-02  |grad|=1.058e-04  (83.9s)
[07:07:46]   [8q seed  8] ep  175/300  MMD^2=1.63546e-02  |grad|=1.658e-04  (84.1s)
[07:07:46]   [8q seed  4] ep  175/300  MMD^2=1.67520e-02  |grad|=2.976e-03  (84.2s)
[07:07:46]   [8q seed 11] ep  175/300  MMD^2=1.31293e-02  |grad|=1.653e-04  (84.2s)
[07:07:46]   [8q seed 15] ep  175/300  MMD^2=1.79206e-02  |grad|=1.640e-04  (84.4s)
[07:07:46]   [8q seed 14] ep  175/300  MMD^2=1.91404e-02  |grad|=1.263e-03  (84.5s)
[07:07:46]   [8q seed  3] ep  175/300  MMD^2=2.70326e-02  |grad|=6.528e-05  (84.6s)
[07:07:46]   [8q seed 10] ep  175/300  MMD^2=1.35287e-02  |grad|=1.425e-04  (84.8s)
[07:07:46]   [8q seed  0] ep  175/300  MMD^2=1.54365e-02  |grad|=2.399e-03  (84.8s)
[07:07:46]   [8q seed  2] ep  175/300  MMD^2=1.67694e-02  |grad|=4.668e-05  (84.7s)
[07:07:46]   [8q seed  6] ep  175/300  MMD^2=1.19060e-02  |grad|=1.144e-04  (84.9s)
[07:07:47]   [8q seed 13] ep  175/300  MMD^2=1.65999e-02  |grad|=7.159e-05  (85.4s)
[07:07:51]   [8q seed 12] ep  175/300  MMD^2=1.09482e-02  |grad|=3.185e-05  (89.8s)
[07:07:51]   [8q seed  7] ep  175/300  MMD^2=1.60040e-02  |grad|=1.093e-04  (90.0s)
[07:07:52]   [8q seed  9] ep  175/300  MMD^2=1.69804e-02  |grad|=1.793e-04  (90.4s)
[07:07:52]   [8q seed  1] ep  175/300  MMD^2=1.41087e-02  |grad|=2.590e-04  (90.7s)
[07:07:57]   [8q seed  5] ep  200/300  MMD^2=2.55197e-02  |grad|=5.233e-05  (95.9s)
[07:07:57]   [8q seed  8] ep  200/300  MMD^2=1.62500e-02  |grad|=1.676e-04  (96.0s)
[07:07:57]   [8q seed  4] ep  200/300  MMD^2=1.41312e-02  |grad|=1.779e-03  (96.1s)
[07:07:58]   [8q seed 11] ep  200/300  MMD^2=1.30907e-02  |grad|=9.576e-05  (96.2s)
[07:07:58]   [8q seed 15] ep  200/300  MMD^2=1.78711e-02  |grad|=1.051e-04  (96.3s)
[07:07:58]   [8q seed 14] ep  200/300  MMD^2=1.90220e-02  |grad|=3.805e-04  (96.3s)
[07:07:58]   [8q seed  3] ep  200/300  MMD^2=2.70199e-02  |grad|=4.080e-05  (96.6s)
[07:07:58]   [8q seed  0] ep  200/300  MMD^2=1.46054e-02  |grad|=1.058e-03  (96.8s)
[07:07:58]   [8q seed  2] ep  200/300  MMD^2=1.67584e-02  |grad|=4.601e-05  (96.8s)
[07:07:58]   [8q seed 10] ep  200/300  MMD^2=1.35103e-02  |grad|=7.945e-05  (96.9s)
[07:07:58]   [8q seed  6] ep  200/300  MMD^2=1.18789e-02  |grad|=9.763e-05  (97.0s)
[07:07:59]   [8q seed 13] ep  200/300  MMD^2=1.65807e-02  |grad|=6.055e-05  (97.6s)
[07:08:04]   [8q seed 12] ep  200/300  MMD^2=1.09466e-02  |grad|=1.932e-05  (102.9s)
[07:08:05]   [8q seed  7] ep  200/300  MMD^2=1.59023e-02  |grad|=1.956e-04  (103.1s)
[07:08:05]   [8q seed  9] ep  200/300  MMD^2=1.68414e-02  |grad|=4.154e-04  (103.4s)
[07:08:05]   [8q seed  1] ep  200/300  MMD^2=1.40612e-02  |grad|=1.155e-04  (103.8s)
[07:08:09]   [8q seed  5] ep  225/300  MMD^2=2.55129e-02  |grad|=3.529e-05  (107.8s)
[07:08:09]   [8q seed  4] ep  225/300  MMD^2=1.39419e-02  |grad|=4.526e-04  (108.0s)
[07:08:09]   [8q seed  8] ep  225/300  MMD^2=1.60152e-02  |grad|=3.193e-04  (108.0s)
[07:08:10]   [8q seed 11] ep  225/300  MMD^2=1.30633e-02  |grad|=6.554e-05  (108.2s)
[07:08:10]   [8q seed 14] ep  225/300  MMD^2=1.89896e-02  |grad|=1.492e-04  (108.2s)
[07:08:10]   [8q seed 15] ep  225/300  MMD^2=1.78442e-02  |grad|=5.856e-05  (108.2s)
[07:08:10]   [8q seed  3] ep  225/300  MMD^2=2.70127e-02  |grad|=3.025e-05  (108.4s)
[07:08:10]   [8q seed  6] ep  225/300  MMD^2=1.18410e-02  |grad|=1.213e-04  (108.7s)
[07:08:10]   [8q seed  2] ep  225/300  MMD^2=1.67335e-02  |grad|=1.135e-04  (108.7s)
[07:08:10]   [8q seed  0] ep  225/300  MMD^2=1.43950e-02  |grad|=3.224e-04  (108.8s)
[07:08:10]   [8q seed 10] ep  225/300  MMD^2=1.34976e-02  |grad|=5.435e-05  (109.1s)
[07:08:11]   [8q seed 13] ep  225/300  MMD^2=1.65653e-02  |grad|=5.623e-05  (109.5s)
[07:08:17]   [8q seed 12] ep  225/300  MMD^2=1.09454e-02  |grad|=1.655e-05  (115.5s)
[07:08:17]   [8q seed  7] ep  225/300  MMD^2=1.58476e-02  |grad|=8.488e-05  (115.7s)
[07:08:17]   [8q seed  9] ep  225/300  MMD^2=1.58427e-02  |grad|=8.912e-04  (116.0s)
[07:08:18]   [8q seed  1] ep  225/300  MMD^2=1.40311e-02  |grad|=6.125e-05  (116.4s)
[07:08:21]   [8q seed  5] ep  250/300  MMD^2=2.54960e-02  |grad|=9.093e-05  (119.6s)
[07:08:21]   [8q seed  8] ep  250/300  MMD^2=1.57050e-02  |grad|=1.685e-04  (119.9s)
[07:08:21]   [8q seed  4] ep  250/300  MMD^2=1.38006e-02  |grad|=2.043e-04  (119.9s)
[07:08:21]   [8q seed 11] ep  250/300  MMD^2=1.30484e-02  |grad|=5.509e-05  (120.0s)
[07:08:21]   [8q seed 14] ep  250/300  MMD^2=1.89173e-02  |grad|=2.198e-04  (120.0s)
[07:08:22]   [8q seed 15] ep  250/300  MMD^2=1.78332e-02  |grad|=4.028e-05  (120.1s)
[07:08:22]   [8q seed  3] ep  250/300  MMD^2=2.70084e-02  |grad|=2.340e-05  (120.2s)
[07:08:22]   [8q seed  6] ep  250/300  MMD^2=1.17534e-02  |grad|=2.445e-04  (120.7s)
[07:08:22]   [8q seed  2] ep  250/300  MMD^2=1.61419e-02  |grad|=6.571e-04  (120.7s)
[07:08:22]   [8q seed  0] ep  250/300  MMD^2=1.43058e-02  |grad|=1.020e-04  (120.8s)
[07:08:23]   [8q seed 10] ep  250/300  MMD^2=1.34908e-02  |grad|=3.002e-05  (121.2s)
[07:08:23]   [8q seed 13] ep  250/300  MMD^2=1.65510e-02  |grad|=5.473e-05  (121.5s)
[07:08:31]   [8q seed 12] ep  250/300  MMD^2=1.09442e-02  |grad|=1.596e-05  (129.2s)
[07:08:31]   [8q seed  7] ep  250/300  MMD^2=1.58290e-02  |grad|=6.345e-05  (129.4s)
[07:08:31]   [8q seed  9] ep  250/300  MMD^2=1.51651e-02  |grad|=4.975e-04  (129.8s)
[07:08:31]   [8q seed  1] ep  250/300  MMD^2=1.40212e-02  |grad|=3.762e-05  (130.1s)
[07:08:33]   [8q seed  5] ep  275/300  MMD^2=2.53721e-02  |grad|=2.518e-04  (131.7s)
[07:08:33]   [8q seed 11] ep  275/300  MMD^2=1.30327e-02  |grad|=6.402e-05  (132.0s)
[07:08:33]   [8q seed 14] ep  275/300  MMD^2=1.81565e-02  |grad|=3.951e-04  (132.0s)
[07:08:33]   [8q seed  4] ep  275/300  MMD^2=1.37754e-02  |grad|=6.242e-05  (132.1s)
[07:08:34]   [8q seed  8] ep  275/300  MMD^2=1.56226e-02  |grad|=8.259e-05  (132.1s)
[07:08:34]   [8q seed 15] ep  275/300  MMD^2=1.78258e-02  |grad|=3.680e-05  (132.2s)
[07:08:34]   [8q seed  3] ep  275/300  MMD^2=2.70055e-02  |grad|=2.008e-05  (132.2s)
[07:08:34]   [8q seed  6] ep  275/300  MMD^2=1.15652e-02  |grad|=1.899e-04  (132.8s)
[07:08:34]   [8q seed  2] ep  275/300  MMD^2=1.43472e-02  |grad|=1.837e-03  (132.8s)
[07:08:34]   [8q seed  0] ep  275/300  MMD^2=1.42932e-02  |grad|=5.925e-05  (132.9s)
[07:08:35]   [8q seed 10] ep  275/300  MMD^2=1.34879e-02  |grad|=2.053e-05  (133.3s)
[07:08:35]   [8q seed 13] ep  275/300  MMD^2=1.65385e-02  |grad|=4.347e-05  (133.4s)
[07:08:43]   [8q seed 12] ep  275/300  MMD^2=1.09430e-02  |grad|=1.576e-05  (141.8s)
[07:08:44]   [8q seed  7] ep  275/300  MMD^2=1.58028e-02  |grad|=6.331e-05  (142.1s)
[07:08:44]   [8q seed  9] ep  275/300  MMD^2=1.44883e-02  |grad|=8.989e-04  (142.5s)
[07:08:44]   [8q seed  1] ep  275/300  MMD^2=1.40169e-02  |grad|=2.390e-05  (142.8s)
[07:08:44]   [8q seed  5] ep  299/300  MMD^2=2.50817e-02  |grad|=2.803e-04  (143.1s)
[07:08:44]   [8q seed  5] 완료 MMD^2=2.5082e-02 TV=0.7073 |grad|_fin=2.803e-04 (143.1s)
[07:08:45]   [8q seed 11] ep  299/300  MMD^2=1.30167e-02  |grad|=5.095e-05  (143.3s)
[07:08:45]   [8q seed 11] 완료 MMD^2=1.3017e-02 TV=0.4748 |grad|_fin=5.095e-05 (143.3s)
[07:08:45]   [8q seed 14] ep  299/300  MMD^2=1.80120e-02  |grad|=2.469e-04  (143.4s)
[07:08:45]   [8q seed 14] 완료 MMD^2=1.8012e-02 TV=0.5628 |grad|_fin=2.469e-04 (143.4s)
[07:08:45]   [8q seed  4] ep  299/300  MMD^2=1.37742e-02  |grad|=1.604e-05  (143.5s)
[07:08:45]   [8q seed  4] 완료 MMD^2=1.3774e-02 TV=0.5101 |grad|_fin=1.604e-05 (143.5s)
[07:08:45]   [8q seed  3] ep  299/300  MMD^2=2.70028e-02  |grad|=2.148e-05  (143.5s)
[07:08:45]   [8q seed  3] 완료 MMD^2=2.7003e-02 TV=0.7324 |grad|_fin=2.148e-05 (143.5s)
[07:08:45]   [8q seed 15] ep  299/300  MMD^2=1.78195e-02  |grad|=3.410e-05  (143.7s)
[07:08:45]   [8q seed 15] 완료 MMD^2=1.7819e-02 TV=0.5709 |grad|_fin=3.410e-05 (143.7s)
[07:08:45]   [8q seed  8] ep  299/300  MMD^2=1.56069e-02  |grad|=3.297e-05  (143.8s)
[07:08:45]   [8q seed  8] 완료 MMD^2=1.5607e-02 TV=0.5070 |grad|_fin=3.297e-05 (143.8s)
[07:08:45]   [8q seed  0] ep  299/300  MMD^2=1.42797e-02  |grad|=4.855e-05  (143.9s)
[07:08:45]   [8q seed  0] 완료 MMD^2=1.4280e-02 TV=0.5595 |grad|_fin=4.855e-05 (143.9s)
[07:08:45]   [8q seed  2] ep  299/300  MMD^2=1.35200e-02  |grad|=6.742e-04  (143.9s)
[07:08:45]   [8q seed  2] 완료 MMD^2=1.3520e-02 TV=0.5114 |grad|_fin=6.742e-04 (143.9s)
[07:08:45]   [8q seed  6] ep  299/300  MMD^2=1.15535e-02  |grad|=7.514e-05  (144.0s)
[07:08:45]   [8q seed  6] 완료 MMD^2=1.1554e-02 TV=0.5446 |grad|_fin=7.514e-05 (144.0s)
[07:08:46]   [8q seed 13] ep  299/300  MMD^2=1.65299e-02  |grad|=4.050e-05  (144.2s)
[07:08:46]   [8q seed 13] 완료 MMD^2=1.6530e-02 TV=0.5325 |grad|_fin=4.050e-05 (144.2s)
[07:08:46]   [8q seed 10] ep  299/300  MMD^2=1.34861e-02  |grad|=1.847e-05  (144.3s)
[07:08:46]   [8q seed 10] 완료 MMD^2=1.3486e-02 TV=0.5515 |grad|_fin=1.847e-05 (144.3s)
[07:08:56]   [8q seed 12] ep  299/300  MMD^2=1.09419e-02  |grad|=1.571e-05  (154.3s)
[07:08:56]   [8q seed 12] 완료 MMD^2=1.0942e-02 TV=0.4981 |grad|_fin=1.571e-05 (154.3s)
[07:08:56]   [8q seed  7] ep  299/300  MMD^2=1.57837e-02  |grad|=3.859e-05  (154.5s)
[07:08:56]   [8q seed  7] 완료 MMD^2=1.5784e-02 TV=0.5605 |grad|_fin=3.859e-05 (154.5s)
[07:08:56]   [8q seed  9] ep  299/300  MMD^2=1.43083e-02  |grad|=1.399e-03  (154.9s)
[07:08:56]   [8q seed  9] 완료 MMD^2=1.4308e-02 TV=0.5382 |grad|_fin=1.399e-03 (154.9s)
[07:08:57]   [8q seed  1] ep  299/300  MMD^2=1.40149e-02  |grad|=1.643e-05  (155.1s)
[07:08:57]   [8q seed  1] 완료 MMD^2=1.4015e-02 TV=0.5499 |grad|_fin=1.643e-05 (155.1s)
[07:08:57] [8q] 완료: best MMD^2=1.0942e-02 TV=0.4981 KL=0.9388 | 중앙값MMD^2=1.4294e-02 | 수렴~79 ep | wall=155.3s
[07:08:57] [8q] gradient-norm(중앙값): 초기=2.319e-02 -> 최종=3.954e-05 (바렌플래토 진단)
[07:08:58] [8q 이상탐지] AUC=0.4333 | mean p(x): benign=3.533e-02 vs attack=4.522e-02 (배율 0.78x)
[07:08:58] [8q 이상탐지] mean log p(x): benign=-3.895 vs attack=-3.582 (격차 -0.313) | Youden J=0.030
[07:08:59] ======================================================================
[07:08:59] [비교] 6 vs 8 큐비트 확장성
[07:08:59]   conf states  params  bestMMD2  bestTV    conv_ep wall(s)  grad0->f 
[07:08:59]   6q   64      54      5.52e-04  0.0928    212     90.9     3.9e-02->5.1e-05
[07:08:59]   8q   256     72      1.09e-02  0.4981    79      155.3    2.3e-02->4.0e-05
[07:08:59] ======================================================================
[07:08:59] [비교] 이상탐지 신호 (공격 vs 정상)
[07:08:59]   6q   AUC=0.4104 | mean logp benign=-2.370 vs attack=-2.082 (격차 -0.287)
[07:08:59]   8q   AUC=0.4333 | mean logp benign=-3.895 vs attack=-3.582 (격차 -0.313)
[07:08:59] ======================================================================
[07:08:59] 결론(1) 8큐비트 확장: 부분적 (수렴 약화/기울기 감소 관찰) | 8q TV=0.4981 (6q TV=0.0928), wall 155s(6q 91s)
[07:08:59] 결론(2) 이상탐지: 8q AUC=0.4333 -> 신호 거의 없음 (공격 평균 logp가 정상보다 -0.313 낮음)
[07:08:59] 주의: Infiltration은 은밀한 공격이라 약한 분리도 정상적 결과(정직 보고).
[07:08:59] 총 실행 시간: 251.3s (4.19분)
[07:08:59] 결과물: results2/ (train_*.png, dist_*.png, anomaly_*.png, summary2.json)
[07:08:59] ======================================================================
[07:08:59] DONE
