[11:13:45] ================================================================================
[11:13:45] psh 제거 11비트 QCBM(MMD) 본 학습 (2048상태), 대상=HOIC
[11:13:45] ================================================================================
[11:13:45] CSV 로드: data/cic_0221_ddos.csv
[11:13:48] benign=360833 (train=252583/test=108250)  attack=686012
[11:13:48] Fwd IAT edges=[5.739, 5.9067, 7.8581] | Flow IAT edges=[5.3351, 5.5026, 7.4548]
[11:13:48] 11bit(psh 제거) 점유=90/2048 (4.4%) | train=252583 test=108250 atk=686012
[11:13:48] 정합 검증: emp_joint=0.7773 marginal=0.5136 점유=90 (기대 0.7773/0.5136/90)
[11:13:48] 정합 OK.
[11:13:48] --------------------------------------------------------------------------------
[11:13:48] [smoke] R=1 EP=50 L=6
[11:13:48] ----------------------------------------------------------------------
[11:13:48] [qcbm_iat_no_psh] 학습 시작: 11큐비트, 2048상태, params=198, 재시작=1 (16코어 병렬)
[11:13:50]   [qcbm_iat_no_psh seed  0] ep    0/50  MMD^2=7.11844e-02  |grad|=1.125e-02  (1.7s)
[11:14:28]   [qcbm_iat_no_psh seed  0] ep   25/50  MMD^2=4.33865e-02  |grad|=5.405e-03  (39.4s)
[11:15:04]   [qcbm_iat_no_psh seed  0] ep   49/50  MMD^2=4.86093e-03  |grad|=7.647e-03  (75.5s)
[11:15:04]   [qcbm_iat_no_psh seed  0] 완료 MMD^2=4.8609e-03 TV=0.4408 |grad|_fin=7.647e-03 (75.5s)
[11:15:04] [qcbm_iat_no_psh] 완료: best MMD^2=4.8609e-03 TV=0.4408 KL=0.9409 | 중앙값MMD^2=4.8609e-03 | 수렴~49 ep | wall=75.6s
[11:15:04] [qcbm_iat_no_psh] gradient-norm(중앙값): 초기=1.125e-02 -> 최종=7.647e-03 (바렌플래토 진단)
[11:15:04] [smoke] wall=76.0s (1.52s/ep) best MMD^2=4.8609e-03 TV=0.4408
[11:15:04] [추정] est_300=456s(0.13h) -> 확정 R=16 EP=300 (est_final=456s=0.13h)
[11:15:04] ================================================================================
[11:15:04] [full] R=16 EP=300 L=6 본 학습
[11:15:05] ----------------------------------------------------------------------
[11:15:05] [qcbm_iat_no_psh] 학습 시작: 11큐비트, 2048상태, params=198, 재시작=16 (16코어 병렬)
[11:15:08]   [qcbm_iat_no_psh seed  2] ep    0/300  MMD^2=6.88746e-02  |grad|=9.650e-03  (3.1s)
[11:15:08]   [qcbm_iat_no_psh seed  5] ep    0/300  MMD^2=7.17277e-02  |grad|=1.000e-02  (3.1s)
[11:15:08]   [qcbm_iat_no_psh seed 13] ep    0/300  MMD^2=7.20713e-02  |grad|=1.035e-02  (3.1s)
[11:15:08]   [qcbm_iat_no_psh seed 15] ep    0/300  MMD^2=6.63527e-02  |grad|=1.075e-02  (3.1s)
[11:15:08]   [qcbm_iat_no_psh seed  7] ep    0/300  MMD^2=6.77504e-02  |grad|=1.075e-02  (3.2s)[11:15:08]   [qcbm_iat_no_psh seed  1] ep    0/300  MMD^2=6.94842e-02  |grad|=1.208e-02  (3.2s)

[11:15:08]   [qcbm_iat_no_psh seed 14] ep    0/300  MMD^2=7.20246e-02  |grad|=1.045e-02  (3.3s)
[11:15:08]   [qcbm_iat_no_psh seed  9] ep    0/300  MMD^2=7.13652e-02  |grad|=1.173e-02  (3.3s)
[11:15:08]   [qcbm_iat_no_psh seed  6] ep    0/300  MMD^2=6.84216e-02  |grad|=1.057e-02  (3.3s)
[11:15:08]   [qcbm_iat_no_psh seed  8] ep    0/300  MMD^2=6.79018e-02  |grad|=1.113e-02  (3.3s)
[11:15:08]   [qcbm_iat_no_psh seed  3] ep    0/300  MMD^2=7.03572e-02  |grad|=1.018e-02  (3.4s)
[11:15:08]   [qcbm_iat_no_psh seed 10] ep    0/300  MMD^2=7.18025e-02  |grad|=1.116e-02  (3.4s)
[11:15:08]   [qcbm_iat_no_psh seed  0] ep    0/300  MMD^2=7.11844e-02  |grad|=1.125e-02  (3.4s)
[11:15:08]   [qcbm_iat_no_psh seed 12] ep    0/300  MMD^2=6.84186e-02  |grad|=9.785e-03  (3.4s)
[11:15:08]   [qcbm_iat_no_psh seed 11] ep    0/300  MMD^2=6.73855e-02  |grad|=1.168e-02  (3.5s)
[11:15:08]   [qcbm_iat_no_psh seed  4] ep    0/300  MMD^2=6.89194e-02  |grad|=9.890e-03  (3.5s)
[11:16:22]   [qcbm_iat_no_psh seed 12] ep   25/300  MMD^2=4.54553e-02  |grad|=3.819e-03  (77.5s)
[11:16:23]   [qcbm_iat_no_psh seed  0] ep   25/300  MMD^2=4.33865e-02  |grad|=5.405e-03  (77.8s)
[11:16:23]   [qcbm_iat_no_psh seed  7] ep   25/300  MMD^2=4.48644e-02  |grad|=4.481e-03  (77.9s)
[11:16:23]   [qcbm_iat_no_psh seed 11] ep   25/300  MMD^2=4.57850e-02  |grad|=3.797e-03  (78.1s)
[11:16:23]   [qcbm_iat_no_psh seed  2] ep   25/300  MMD^2=4.25915e-02  |grad|=5.752e-03  (78.1s)
[11:16:23]   [qcbm_iat_no_psh seed 10] ep   25/300  MMD^2=3.80937e-02  |grad|=6.784e-03  (78.1s)
[11:16:23]   [qcbm_iat_no_psh seed  5] ep   25/300  MMD^2=4.61757e-02  |grad|=4.340e-03  (78.2s)
[11:16:23]   [qcbm_iat_no_psh seed  4] ep   25/300  MMD^2=3.77725e-02  |grad|=7.149e-03  (78.2s)
[11:16:23]   [qcbm_iat_no_psh seed  3] ep   25/300  MMD^2=4.46687e-02  |grad|=3.808e-03  (78.2s)
[11:16:23]   [qcbm_iat_no_psh seed 13] ep   25/300  MMD^2=3.80024e-02  |grad|=6.780e-03  (78.4s)
[11:16:23]   [qcbm_iat_no_psh seed  1] ep   25/300  MMD^2=4.10440e-02  |grad|=7.724e-03  (78.3s)
[11:16:23]   [qcbm_iat_no_psh seed  6] ep   25/300  MMD^2=4.45661e-02  |grad|=4.779e-03  (78.4s)
[11:16:23]   [qcbm_iat_no_psh seed 14] ep   25/300  MMD^2=4.05783e-02  |grad|=5.497e-03  (78.4s)
[11:16:23]   [qcbm_iat_no_psh seed 15] ep   25/300  MMD^2=4.47728e-02  |grad|=3.838e-03  (78.5s)
[11:16:23]   [qcbm_iat_no_psh seed  8] ep   25/300  MMD^2=4.40442e-02  |grad|=4.233e-03  (78.7s)
[11:16:23]   [qcbm_iat_no_psh seed  9] ep   25/300  MMD^2=4.67446e-02  |grad|=3.954e-03  (78.7s)
[11:17:36]   [qcbm_iat_no_psh seed 12] ep   50/300  MMD^2=7.94543e-03  |grad|=1.054e-02  (151.7s)
[11:17:37]   [qcbm_iat_no_psh seed  0] ep   50/300  MMD^2=4.39163e-03  |grad|=8.068e-03  (151.8s)
[11:17:37]   [qcbm_iat_no_psh seed  3] ep   50/300  MMD^2=2.03138e-02  |grad|=2.627e-02  (152.0s)
[11:17:37]   [qcbm_iat_no_psh seed  7] ep   50/300  MMD^2=4.12599e-02  |grad|=1.631e-03  (152.1s)
[11:17:37]   [qcbm_iat_no_psh seed 10] ep   50/300  MMD^2=8.91419e-03  |grad|=6.088e-03  (152.1s)
[11:17:37]   [qcbm_iat_no_psh seed 13] ep   50/300  MMD^2=2.90275e-03  |grad|=7.620e-03  (152.3s)
[11:17:37]   [qcbm_iat_no_psh seed  4] ep   50/300  MMD^2=1.58002e-03  |grad|=4.062e-03  (152.2s)
[11:17:37]   [qcbm_iat_no_psh seed  1] ep   50/300  MMD^2=7.49153e-03  |grad|=3.779e-03  (152.5s)
[11:17:37]   [qcbm_iat_no_psh seed  5] ep   50/300  MMD^2=4.27829e-02  |grad|=1.669e-03  (152.7s)
[11:17:38]   [qcbm_iat_no_psh seed 11] ep   50/300  MMD^2=4.11778e-02  |grad|=1.661e-03  (152.7s)
[11:17:38]   [qcbm_iat_no_psh seed  2] ep   50/300  MMD^2=4.55152e-03  |grad|=6.043e-03  (152.8s)
[11:17:38]   [qcbm_iat_no_psh seed  6] ep   50/300  MMD^2=5.45553e-03  |grad|=6.297e-03  (152.8s)
[11:17:38]   [qcbm_iat_no_psh seed  8] ep   50/300  MMD^2=1.13304e-02  |grad|=3.545e-03  (152.8s)
[11:17:38]   [qcbm_iat_no_psh seed 14] ep   50/300  MMD^2=4.68060e-03  |grad|=5.015e-03  (152.8s)
[11:17:38]   [qcbm_iat_no_psh seed  9] ep   50/300  MMD^2=4.31473e-02  |grad|=1.717e-03  (153.0s)
[11:17:38]   [qcbm_iat_no_psh seed 15] ep   50/300  MMD^2=2.79758e-02  |grad|=9.749e-03  (153.3s)
[11:18:51]   [qcbm_iat_no_psh seed 12] ep   75/300  MMD^2=7.73453e-04  |grad|=1.451e-03  (225.8s)
[11:18:51]   [qcbm_iat_no_psh seed  0] ep   75/300  MMD^2=5.05861e-04  |grad|=1.369e-03  (225.9s)
[11:18:51]   [qcbm_iat_no_psh seed  7] ep   75/300  MMD^2=3.99557e-02  |grad|=6.966e-04  (226.0s)
[11:18:51]   [qcbm_iat_no_psh seed 13] ep   75/300  MMD^2=6.81284e-04  |grad|=1.177e-03  (226.1s)
[11:18:51]   [qcbm_iat_no_psh seed  4] ep   75/300  MMD^2=5.59946e-04  |grad|=8.743e-04  (226.4s)
[11:18:51]   [qcbm_iat_no_psh seed  1] ep   75/300  MMD^2=4.26291e-03  |grad|=1.402e-03  (226.5s)
[11:18:51]   [qcbm_iat_no_psh seed  3] ep   75/300  MMD^2=6.31110e-03  |grad|=3.504e-03  (226.6s)
[11:18:52]   [qcbm_iat_no_psh seed 14] ep   75/300  MMD^2=6.75232e-04  |grad|=6.604e-04  (226.7s)
[11:18:52]   [qcbm_iat_no_psh seed  8] ep   75/300  MMD^2=1.41594e-03  |grad|=4.626e-03  (226.9s)
[11:18:52]   [qcbm_iat_no_psh seed 10] ep   75/300  MMD^2=1.05884e-03  |grad|=2.731e-03  (226.9s)
[11:18:52]   [qcbm_iat_no_psh seed  9] ep   75/300  MMD^2=2.95847e-02  |grad|=7.092e-03  (227.1s)
[11:18:52]   [qcbm_iat_no_psh seed 11] ep   75/300  MMD^2=3.85330e-02  |grad|=1.585e-03  (227.3s)
[11:18:52]   [qcbm_iat_no_psh seed  5] ep   75/300  MMD^2=4.18352e-02  |grad|=7.164e-04  (227.4s)
[11:18:52]   [qcbm_iat_no_psh seed  6] ep   75/300  MMD^2=7.28488e-04  |grad|=1.218e-03  (227.7s)
[11:18:53]   [qcbm_iat_no_psh seed  2] ep   75/300  MMD^2=6.82327e-04  |grad|=5.344e-04  (227.8s)
[11:18:53]   [qcbm_iat_no_psh seed 15] ep   75/300  MMD^2=1.47286e-03  |grad|=3.131e-03  (227.8s)
[11:20:05]   [qcbm_iat_no_psh seed 13] ep  100/300  MMD^2=4.67611e-04  |grad|=4.831e-04  (300.0s)
[11:20:05]   [qcbm_iat_no_psh seed  0] ep  100/300  MMD^2=3.54136e-04  |grad|=2.867e-04  (300.1s)
[11:20:05]   [qcbm_iat_no_psh seed 12] ep  100/300  MMD^2=4.49954e-04  |grad|=4.098e-04  (300.2s)
[11:20:05]   [qcbm_iat_no_psh seed  4] ep  100/300  MMD^2=3.72161e-04  |grad|=2.122e-04  (300.3s)
[11:20:05]   [qcbm_iat_no_psh seed  7] ep  100/300  MMD^2=3.03178e-02  |grad|=5.799e-03  (300.4s)
[11:20:05]   [qcbm_iat_no_psh seed  3] ep  100/300  MMD^2=7.69513e-04  |grad|=1.314e-03  (300.6s)
[11:20:06]   [qcbm_iat_no_psh seed  8] ep  100/300  MMD^2=4.82326e-04  |grad|=6.608e-04  (300.9s)
[11:20:06]   [qcbm_iat_no_psh seed  9] ep  100/300  MMD^2=3.88822e-03  |grad|=4.952e-03  (300.9s)
[11:20:06]   [qcbm_iat_no_psh seed 10] ep  100/300  MMD^2=2.99857e-04  |grad|=5.140e-04  (301.0s)
[11:20:06]   [qcbm_iat_no_psh seed  1] ep  100/300  MMD^2=4.00579e-03  |grad|=5.159e-04  (301.2s)
[11:20:06]   [qcbm_iat_no_psh seed 14] ep  100/300  MMD^2=4.56829e-04  |grad|=4.833e-04  (301.4s)
[11:20:06]   [qcbm_iat_no_psh seed 11] ep  100/300  MMD^2=7.25324e-03  |grad|=4.572e-03  (301.6s)
[11:20:06]   [qcbm_iat_no_psh seed  5] ep  100/300  MMD^2=4.11982e-02  |grad|=3.402e-04  (301.7s)
[11:20:07]   [qcbm_iat_no_psh seed  2] ep  100/300  MMD^2=4.29708e-04  |grad|=3.570e-04  (302.0s)
[11:20:07]   [qcbm_iat_no_psh seed  6] ep  100/300  MMD^2=4.12695e-04  |grad|=2.712e-04  (302.3s)
[11:20:07]   [qcbm_iat_no_psh seed 15] ep  100/300  MMD^2=5.70287e-04  |grad|=6.356e-04  (302.5s)
[11:21:19]   [qcbm_iat_no_psh seed 13] ep  125/300  MMD^2=3.85460e-04  |grad|=1.283e-04  (374.0s)
[11:21:19]   [qcbm_iat_no_psh seed  4] ep  125/300  MMD^2=3.51852e-04  |grad|=7.009e-05  (374.1s)
[11:21:19]   [qcbm_iat_no_psh seed  7] ep  125/300  MMD^2=2.21674e-03  |grad|=5.395e-03  (374.5s)
[11:21:19]   [qcbm_iat_no_psh seed  0] ep  125/300  MMD^2=3.38363e-04  |grad|=1.263e-04  (374.6s)
[11:21:20]   [qcbm_iat_no_psh seed  3] ep  125/300  MMD^2=5.83209e-04  |grad|=3.399e-04  (374.9s)
[11:21:20]   [qcbm_iat_no_psh seed 12] ep  125/300  MMD^2=3.86316e-04  |grad|=1.300e-04  (374.9s)
[11:21:20]   [qcbm_iat_no_psh seed  9] ep  125/300  MMD^2=5.92375e-04  |grad|=5.927e-04  (375.0s)
[11:21:20]   [qcbm_iat_no_psh seed 10] ep  125/300  MMD^2=2.46939e-04  |grad|=1.161e-04  (375.4s)
[11:21:20]   [qcbm_iat_no_psh seed  8] ep  125/300  MMD^2=3.36633e-04  |grad|=1.503e-04  (375.5s)
[11:21:21]   [qcbm_iat_no_psh seed  1] ep  125/300  MMD^2=3.96580e-03  |grad|=1.109e-04  (375.7s)
[11:21:21]   [qcbm_iat_no_psh seed  2] ep  125/300  MMD^2=4.10434e-04  |grad|=1.152e-04  (376.0s)
[11:21:21]   [qcbm_iat_no_psh seed 14] ep  125/300  MMD^2=4.20386e-04  |grad|=1.184e-04  (376.0s)
[11:21:21]   [qcbm_iat_no_psh seed 11] ep  125/300  MMD^2=6.87939e-04  |grad|=1.901e-03  (376.2s)
[11:21:21]   [qcbm_iat_no_psh seed  5] ep  125/300  MMD^2=4.07494e-02  |grad|=2.153e-04  (376.5s)
[11:21:22]   [qcbm_iat_no_psh seed  6] ep  125/300  MMD^2=3.90582e-04  |grad|=7.650e-05  (376.9s)
[11:21:22]   [qcbm_iat_no_psh seed 15] ep  125/300  MMD^2=3.94767e-04  |grad|=2.060e-04  (377.3s)
[11:22:32]   [qcbm_iat_no_psh seed 13] ep  150/300  MMD^2=3.73775e-04  |grad|=5.750e-05  (447.7s)
[11:22:33]   [qcbm_iat_no_psh seed  4] ep  150/300  MMD^2=3.39741e-04  |grad|=5.943e-05  (448.1s)
[11:22:34]   [qcbm_iat_no_psh seed  9] ep  150/300  MMD^2=4.73467e-04  |grad|=2.289e-04  (448.8s)
[11:22:34]   [qcbm_iat_no_psh seed  0] ep  150/300  MMD^2=3.33658e-04  |grad|=3.988e-05  (448.9s)
[11:22:34]   [qcbm_iat_no_psh seed  3] ep  150/300  MMD^2=5.44869e-04  |grad|=1.163e-04  (449.0s)
[11:22:34]   [qcbm_iat_no_psh seed  7] ep  150/300  MMD^2=4.57046e-04  |grad|=9.774e-04  (449.0s)
[11:22:34]   [qcbm_iat_no_psh seed 12] ep  150/300  MMD^2=3.65176e-04  |grad|=4.914e-05  (449.3s)
[11:22:34]   [qcbm_iat_no_psh seed 10] ep  150/300  MMD^2=2.42284e-04  |grad|=4.293e-05  (449.4s)
[11:22:34]   [qcbm_iat_no_psh seed  8] ep  150/300  MMD^2=3.11200e-04  |grad|=5.443e-05  (449.7s)
[11:22:35]   [qcbm_iat_no_psh seed  2] ep  150/300  MMD^2=4.01232e-04  |grad|=4.706e-05  (449.9s)
[11:22:35]   [qcbm_iat_no_psh seed  1] ep  150/300  MMD^2=3.95848e-03  |grad|=4.468e-05  (449.8s)
[11:22:35]   [qcbm_iat_no_psh seed 14] ep  150/300  MMD^2=3.97218e-04  |grad|=6.699e-05  (450.3s)
[11:22:35]   [qcbm_iat_no_psh seed 11] ep  150/300  MMD^2=2.91654e-04  |grad|=4.438e-04  (450.4s)
[11:22:36]   [qcbm_iat_no_psh seed  6] ep  150/300  MMD^2=3.86231e-04  |grad|=2.982e-05  (451.0s)
[11:22:36]   [qcbm_iat_no_psh seed  5] ep  150/300  MMD^2=4.03507e-02  |grad|=2.493e-04  (451.4s)
[11:22:36]   [qcbm_iat_no_psh seed 15] ep  150/300  MMD^2=2.23101e-04  |grad|=1.794e-04  (451.5s)
[11:23:46]   [qcbm_iat_no_psh seed 13] ep  175/300  MMD^2=3.70796e-04  |grad|=1.672e-05  (521.3s)
[11:23:47]   [qcbm_iat_no_psh seed  4] ep  175/300  MMD^2=2.63574e-04  |grad|=1.260e-04  (521.9s)
[11:23:47]   [qcbm_iat_no_psh seed  9] ep  175/300  MMD^2=3.90398e-04  |grad|=1.349e-04  (522.4s)
[11:23:48]   [qcbm_iat_no_psh seed  3] ep  175/300  MMD^2=5.12695e-04  |grad|=6.697e-05  (523.2s)
[11:23:48]   [qcbm_iat_no_psh seed  0] ep  175/300  MMD^2=3.30988e-04  |grad|=1.672e-05  (523.2s)
[11:23:48]   [qcbm_iat_no_psh seed  7] ep  175/300  MMD^2=2.89845e-04  |grad|=2.163e-04  (523.3s)
[11:23:48]   [qcbm_iat_no_psh seed  1] ep  175/300  MMD^2=3.95299e-03  |grad|=3.442e-05  (523.6s)
[11:23:49]   [qcbm_iat_no_psh seed 10] ep  175/300  MMD^2=2.41366e-04  |grad|=1.297e-05  (523.8s)
[11:23:49]   [qcbm_iat_no_psh seed 12] ep  175/300  MMD^2=3.62169e-04  |grad|=1.782e-05  (524.0s)
[11:23:49]   [qcbm_iat_no_psh seed  2] ep  175/300  MMD^2=3.87058e-04  |grad|=7.637e-05  (524.1s)
[11:23:49]   [qcbm_iat_no_psh seed  8] ep  175/300  MMD^2=3.06028e-04  |grad|=2.760e-05  (524.1s)
[11:23:49]   [qcbm_iat_no_psh seed 11] ep  175/300  MMD^2=2.54326e-04  |grad|=8.894e-05  (524.7s)
[11:23:50]   [qcbm_iat_no_psh seed 14] ep  175/300  MMD^2=3.76641e-04  |grad|=4.516e-05  (524.8s)
[11:23:50]   [qcbm_iat_no_psh seed  5] ep  175/300  MMD^2=4.01667e-02  |grad|=4.641e-03  (525.2s)
[11:23:50]   [qcbm_iat_no_psh seed  6] ep  175/300  MMD^2=3.84582e-04  |grad|=1.446e-05  (525.2s)
[11:23:51]   [qcbm_iat_no_psh seed 15] ep  175/300  MMD^2=1.12780e-04  |grad|=1.271e-04  (526.1s)
[11:25:00]   [qcbm_iat_no_psh seed 13] ep  200/300  MMD^2=3.69165e-04  |grad|=1.057e-05  (595.3s)
[11:25:01]   [qcbm_iat_no_psh seed  4] ep  200/300  MMD^2=2.14819e-04  |grad|=3.980e-05  (595.7s)
[11:25:01]   [qcbm_iat_no_psh seed  9] ep  200/300  MMD^2=3.76679e-04  |grad|=2.778e-05  (596.6s)
[11:25:02]   [qcbm_iat_no_psh seed  3] ep  200/300  MMD^2=4.87158e-04  |grad|=2.600e-05  (597.2s)
[11:25:02]   [qcbm_iat_no_psh seed  7] ep  200/300  MMD^2=2.72542e-04  |grad|=7.875e-05  (597.6s)
[11:25:02]   [qcbm_iat_no_psh seed  1] ep  200/300  MMD^2=3.93865e-03  |grad|=5.237e-05  (597.7s)
[11:25:03]   [qcbm_iat_no_psh seed  0] ep  200/300  MMD^2=3.29115e-04  |grad|=1.313e-05  (597.7s)
[11:25:03]   [qcbm_iat_no_psh seed 10] ep  200/300  MMD^2=2.40959e-04  |grad|=6.795e-06  (597.8s)
[11:25:03]   [qcbm_iat_no_psh seed  2] ep  200/300  MMD^2=3.34418e-04  |grad|=9.649e-05  (598.5s)
[11:25:03]   [qcbm_iat_no_psh seed  8] ep  200/300  MMD^2=3.00089e-04  |grad|=2.575e-05  (598.6s)
[11:25:03]   [qcbm_iat_no_psh seed 12] ep  200/300  MMD^2=3.60300e-04  |grad|=1.369e-05  (598.6s)
[11:25:04]   [qcbm_iat_no_psh seed 11] ep  200/300  MMD^2=2.51295e-04  |grad|=4.433e-05  (598.8s)
[11:25:04]   [qcbm_iat_no_psh seed 14] ep  200/300  MMD^2=3.62763e-04  |grad|=3.969e-05  (599.2s)
[11:25:04]   [qcbm_iat_no_psh seed  5] ep  200/300  MMD^2=3.99022e-02  |grad|=4.968e-04  (599.4s)
[11:25:04]   [qcbm_iat_no_psh seed  6] ep  200/300  MMD^2=3.83589e-04  |grad|=9.942e-06  (599.6s)
[11:25:06]   [qcbm_iat_no_psh seed 15] ep  200/300  MMD^2=7.95661e-05  |grad|=4.818e-05  (600.8s)
[11:26:14]   [qcbm_iat_no_psh seed 13] ep  225/300  MMD^2=3.68005e-04  |grad|=8.569e-06  (669.0s)
[11:26:14]   [qcbm_iat_no_psh seed  4] ep  225/300  MMD^2=2.08412e-04  |grad|=1.784e-05  (669.6s)
[11:26:15]   [qcbm_iat_no_psh seed  9] ep  225/300  MMD^2=3.75584e-04  |grad|=1.128e-05  (670.6s)
[11:26:16]   [qcbm_iat_no_psh seed  3] ep  225/300  MMD^2=4.83047e-04  |grad|=8.526e-06  (671.3s)
[11:26:16]   [qcbm_iat_no_psh seed  1] ep  225/300  MMD^2=3.91542e-03  |grad|=5.122e-05  (671.5s)
[11:26:17]   [qcbm_iat_no_psh seed 10] ep  225/300  MMD^2=2.40381e-04  |grad|=8.071e-06  (671.8s)
[11:26:17]   [qcbm_iat_no_psh seed  7] ep  225/300  MMD^2=2.65012e-04  |grad|=2.887e-05  (671.8s)
[11:26:17]   [qcbm_iat_no_psh seed  0] ep  225/300  MMD^2=3.27504e-04  |grad|=1.148e-05  (672.3s)
[11:26:18]   [qcbm_iat_no_psh seed  8] ep  225/300  MMD^2=2.96260e-04  |grad|=1.151e-05  (672.8s)
[11:26:18]   [qcbm_iat_no_psh seed  2] ep  225/300  MMD^2=3.02744e-04  |grad|=3.469e-05  (672.9s)
[11:26:18]   [qcbm_iat_no_psh seed 11] ep  225/300  MMD^2=2.50168e-04  |grad|=1.635e-05  (672.9s)
[11:26:18]   [qcbm_iat_no_psh seed 12] ep  225/300  MMD^2=3.58687e-04  |grad|=1.248e-05  (673.0s)
[11:26:18]   [qcbm_iat_no_psh seed 14] ep  225/300  MMD^2=3.50294e-04  |grad|=3.922e-05  (673.6s)
[11:26:18]   [qcbm_iat_no_psh seed  5] ep  225/300  MMD^2=3.96052e-02  |grad|=3.205e-04  (673.7s)
[11:26:19]   [qcbm_iat_no_psh seed  6] ep  225/300  MMD^2=3.82812e-04  |grad|=1.029e-05  (674.0s)
[11:26:20]   [qcbm_iat_no_psh seed 15] ep  225/300  MMD^2=7.23684e-05  |grad|=2.285e-05  (675.4s)
[11:27:28]   [qcbm_iat_no_psh seed 13] ep  250/300  MMD^2=3.66628e-04  |grad|=8.572e-06  (742.8s)
[11:27:28]   [qcbm_iat_no_psh seed  4] ep  250/300  MMD^2=2.05020e-04  |grad|=1.449e-05  (743.7s)
[11:27:30]   [qcbm_iat_no_psh seed  9] ep  250/300  MMD^2=3.75070e-04  |grad|=6.254e-06  (744.7s)
[11:27:30]   [qcbm_iat_no_psh seed  3] ep  250/300  MMD^2=4.82636e-04  |grad|=2.978e-06  (745.4s)
[11:27:30]   [qcbm_iat_no_psh seed  1] ep  250/300  MMD^2=3.87660e-03  |grad|=1.002e-04  (745.5s)
[11:27:31]   [qcbm_iat_no_psh seed 10] ep  250/300  MMD^2=2.38540e-04  |grad|=1.435e-05  (746.2s)
[11:27:31]   [qcbm_iat_no_psh seed  7] ep  250/300  MMD^2=2.62095e-04  |grad|=1.442e-05  (746.4s)
[11:27:31]   [qcbm_iat_no_psh seed  0] ep  250/300  MMD^2=3.41178e-04  |grad|=1.391e-03  (746.5s)
[11:27:32]   [qcbm_iat_no_psh seed  8] ep  250/300  MMD^2=2.94943e-04  |grad|=7.813e-06  (746.8s)
[11:27:32]   [qcbm_iat_no_psh seed 11] ep  250/300  MMD^2=2.48390e-04  |grad|=1.529e-05  (747.0s)
[11:27:32]   [qcbm_iat_no_psh seed  2] ep  250/300  MMD^2=2.95807e-04  |grad|=1.743e-05  (747.1s)
[11:27:32]   [qcbm_iat_no_psh seed 12] ep  250/300  MMD^2=3.57241e-04  |grad|=1.151e-05  (747.6s)
[11:27:33]   [qcbm_iat_no_psh seed  5] ep  250/300  MMD^2=3.91471e-02  |grad|=8.442e-04  (747.8s)
[11:27:33]   [qcbm_iat_no_psh seed 14] ep  250/300  MMD^2=3.37924e-04  |grad|=3.723e-05  (748.1s)
[11:27:33]   [qcbm_iat_no_psh seed  6] ep  250/300  MMD^2=3.81741e-04  |grad|=1.042e-05  (748.3s)
[11:27:35]   [qcbm_iat_no_psh seed 15] ep  250/300  MMD^2=6.93699e-05  |grad|=1.354e-05  (750.3s)
[11:28:42]   [qcbm_iat_no_psh seed 13] ep  275/300  MMD^2=3.64359e-04  |grad|=9.499e-06  (816.8s)
[11:28:42]   [qcbm_iat_no_psh seed  4] ep  275/300  MMD^2=2.01834e-04  |grad|=1.401e-05  (817.5s)
[11:28:43]   [qcbm_iat_no_psh seed  9] ep  275/300  MMD^2=3.74592e-04  |grad|=5.094e-06  (818.6s)
[11:28:45]   [qcbm_iat_no_psh seed  3] ep  275/300  MMD^2=4.82542e-04  |grad|=2.339e-06  (819.9s)
[11:28:45]   [qcbm_iat_no_psh seed  1] ep  275/300  MMD^2=9.68930e-04  |grad|=2.975e-03  (820.0s)
[11:28:46]   [qcbm_iat_no_psh seed 10] ep  275/300  MMD^2=2.34397e-04  |grad|=1.293e-05  (820.8s)
[11:28:46]   [qcbm_iat_no_psh seed  2] ep  275/300  MMD^2=2.93167e-04  |grad|=1.224e-05  (820.9s)
[11:28:46]   [qcbm_iat_no_psh seed  8] ep  275/300  MMD^2=2.93856e-04  |grad|=1.008e-05  (820.9s)
[11:28:46]   [qcbm_iat_no_psh seed  0] ep  275/300  MMD^2=3.26318e-04  |grad|=5.835e-05  (821.1s)
[11:28:46]   [qcbm_iat_no_psh seed  7] ep  275/300  MMD^2=2.60807e-04  |grad|=9.357e-06  (821.2s)
[11:28:46]   [qcbm_iat_no_psh seed 11] ep  275/300  MMD^2=2.45887e-04  |grad|=1.497e-05  (821.5s)
[11:28:47]   [qcbm_iat_no_psh seed  5] ep  275/300  MMD^2=2.61266e-02  |grad|=6.506e-03  (822.0s)
[11:28:47]   [qcbm_iat_no_psh seed 12] ep  275/300  MMD^2=3.55981e-04  |grad|=1.051e-05  (822.2s)
[11:28:47]   [qcbm_iat_no_psh seed 14] ep  275/300  MMD^2=3.27513e-04  |grad|=2.871e-05  (822.6s)
[11:28:47]   [qcbm_iat_no_psh seed  6] ep  275/300  MMD^2=3.80645e-04  |grad|=7.660e-06  (822.6s)
[11:28:50]   [qcbm_iat_no_psh seed 15] ep  275/300  MMD^2=6.76473e-05  |grad|=9.786e-06  (825.1s)
[11:29:52]   [qcbm_iat_no_psh seed 13] ep  299/300  MMD^2=3.62848e-04  |grad|=7.293e-06  (887.5s)
[11:29:52]   [qcbm_iat_no_psh seed 13] 완료 MMD^2=3.6285e-04 TV=0.1074 |grad|_fin=7.293e-06 (887.5s)
[11:29:53]   [qcbm_iat_no_psh seed  4] ep  299/300  MMD^2=1.96858e-04  |grad|=1.517e-05  (888.7s)
[11:29:54]   [qcbm_iat_no_psh seed  4] 완료 MMD^2=1.9686e-04 TV=0.1001 |grad|_fin=1.517e-05 (888.7s)
[11:29:54]   [qcbm_iat_no_psh seed  9] ep  299/300  MMD^2=3.74048e-04  |grad|=5.319e-06  (889.4s)
[11:29:54]   [qcbm_iat_no_psh seed  9] 완료 MMD^2=3.7405e-04 TV=0.1086 |grad|_fin=5.319e-06 (889.5s)
[11:29:55]   [qcbm_iat_no_psh seed  6] ep  299/300  MMD^2=3.79759e-04  |grad|=6.448e-06  (890.7s)
[11:29:55]   [qcbm_iat_no_psh seed  6] 완료 MMD^2=3.7976e-04 TV=0.1114 |grad|_fin=6.448e-06 (890.7s)
[11:29:56]   [qcbm_iat_no_psh seed  8] ep  299/300  MMD^2=2.91219e-04  |grad|=1.687e-05  (890.7s)
[11:29:56]   [qcbm_iat_no_psh seed  8] 완료 MMD^2=2.9122e-04 TV=0.1086 |grad|_fin=1.687e-05 (890.7s)
[11:29:56]   [qcbm_iat_no_psh seed  3] ep  299/300  MMD^2=4.82464e-04  |grad|=2.270e-06  (891.3s)
[11:29:56]   [qcbm_iat_no_psh seed  3] 완료 MMD^2=4.8246e-04 TV=0.1095 |grad|_fin=2.270e-06 (891.3s)
[11:29:56]   [qcbm_iat_no_psh seed  1] ep  299/300  MMD^2=3.03534e-04  |grad|=6.412e-04  (891.3s)
[11:29:56]   [qcbm_iat_no_psh seed  1] 완료 MMD^2=3.0353e-04 TV=0.1199 |grad|_fin=6.412e-04 (891.3s)
[11:29:56]   [qcbm_iat_no_psh seed  2] ep  299/300  MMD^2=2.91479e-04  |grad|=1.052e-05  (891.5s)
[11:29:56]   [qcbm_iat_no_psh seed  2] 완료 MMD^2=2.9148e-04 TV=0.1138 |grad|_fin=1.052e-05 (891.5s)
[11:29:56]   [qcbm_iat_no_psh seed 10] ep  299/300  MMD^2=2.32578e-04  |grad|=8.807e-06  (891.7s)
[11:29:56]   [qcbm_iat_no_psh seed 10] 완료 MMD^2=2.3258e-04 TV=0.1056 |grad|_fin=8.807e-06 (891.7s)
[11:29:57]   [qcbm_iat_no_psh seed 11] ep  299/300  MMD^2=2.43332e-04  |grad|=1.444e-05  (892.0s)
[11:29:57]   [qcbm_iat_no_psh seed 11] 완료 MMD^2=2.4333e-04 TV=0.1023 |grad|_fin=1.444e-05 (892.0s)
[11:29:57]   [qcbm_iat_no_psh seed  7] ep  299/300  MMD^2=2.60171e-04  |grad|=6.900e-06  (892.0s)
[11:29:57]   [qcbm_iat_no_psh seed  7] 완료 MMD^2=2.6017e-04 TV=0.1111 |grad|_fin=6.900e-06 (892.0s)
[11:29:57]   [qcbm_iat_no_psh seed  5] ep  299/300  MMD^2=2.04673e-03  |grad|=3.726e-03  (892.3s)
[11:29:57]   [qcbm_iat_no_psh seed  5] 완료 MMD^2=2.0467e-03 TV=0.2671 |grad|_fin=3.726e-03 (892.3s)
[11:29:57]   [qcbm_iat_no_psh seed  0] ep  299/300  MMD^2=3.24805e-04  |grad|=1.826e-04  (892.3s)
[11:29:57]   [qcbm_iat_no_psh seed  0] 완료 MMD^2=3.2480e-04 TV=0.1009 |grad|_fin=1.826e-04 (892.3s)
[11:29:57]   [qcbm_iat_no_psh seed 14] ep  299/300  MMD^2=3.20799e-04  |grad|=2.373e-05  (892.6s)
[11:29:57]   [qcbm_iat_no_psh seed 14] 완료 MMD^2=3.2080e-04 TV=0.1047 |grad|_fin=2.373e-05 (892.6s)
[11:29:58]   [qcbm_iat_no_psh seed 15] ep  299/300  MMD^2=6.65672e-05  |grad|=8.132e-06  (892.8s)
[11:29:58]   [qcbm_iat_no_psh seed 15] 완료 MMD^2=6.6567e-05 TV=0.0622 |grad|_fin=8.132e-06 (892.8s)
[11:29:58]   [qcbm_iat_no_psh seed 12] ep  299/300  MMD^2=3.54952e-04  |grad|=9.490e-06  (892.8s)
[11:29:58]   [qcbm_iat_no_psh seed 12] 완료 MMD^2=3.5495e-04 TV=0.1122 |grad|_fin=9.490e-06 (892.8s)
[11:29:58] [qcbm_iat_no_psh] 완료: best MMD^2=6.6567e-05 TV=0.0622 KL=0.0506 | 중앙값MMD^2=3.1217e-04 | 수렴~220 ep | wall=893.1s
[11:29:58] [qcbm_iat_no_psh] gradient-norm(중앙값): 초기=1.066e-02 -> 최종=1.001e-05 (바렌플래토 진단)
[11:29:58] [full] wall=893.7s(0.25h) best MMD^2=6.6567e-05 TV=0.0622 수렴~220ep grad 1.07e-02->1.00e-05
[11:29:58] [qcbm_iat_no_psh 이상탐지] AUC=0.8023 | mean p(x): benign=1.570e-02 vs attack=1.082e-02 (배율 1.45x)
[11:29:58] [qcbm_iat_no_psh 이상탐지] mean log p(x): benign=-4.198 vs attack=-5.221 (격차 1.022) | Youden J=0.672
[11:29:58] ================================================================================
[11:29:58] [핵심 비교] HOIC AUC (s=-log p, attack=positive, raw MWU)
[11:29:58]   marginal(psh제거 붕괴)     AUC=0.5136
[11:29:58]   emp_joint(상한)          AUC=0.7773
[11:29:58]   QCBM 11q L=6           AUC=0.8023 Youden J=0.6719 logp격차=1.022
[11:29:58]   => QCBM > marginal(0.5136)? 예 | emp_joint(0.7773) 근접도=103.2%
[11:30:03] 그림 저장: train_qcbm_iat_no_psh.png dist_qcbm_iat_no_psh.png anomaly_qcbm_iat_no_psh.png
[11:30:03] 저장: results2/qcbm_iat_no_psh.json
[11:30:03] DONE
