[08:50:50] ================================================================================
[08:50:50] 12큐빗 QCBM(MMD) 본 학습 — B2 인코딩 (12bit/4096상태), 대상=HOIC
[08:50:50] ================================================================================
[08:50:50] CSV 로드: data/cic_0221_ddos.csv
[08:50:53] benign=360833  ddos attack-hoic=686012
[08:50:53] Fwd IAT  log1p inner edges = [5.739, 5.9067, 7.8581]
[08:50:53] Flow IAT log1p inner edges = [5.3351, 5.5026, 7.4548]
[08:50:54] B2 점유 상태=94/4096 (2.3%) | benign train=252583 test=108250 attack=686012
[08:50:54] [emp_joint 이상탐지] AUC=0.9258 | mean p(x): benign=1.629e-02 vs attack=2.521e-03 (배율 6.46x)
[08:50:54] [emp_joint 이상탐지] mean log p(x): benign=-4.151 vs attack=-12.205 (격차 8.054) | Youden J=0.845
[08:50:54] [marginal 이상탐지] AUC=0.8741 | mean p(x): benign=3.896e-03 vs attack=9.517e-04 (배율 4.09x)
[08:50:54] [marginal 이상탐지] mean log p(x): benign=-5.607 vs attack=-9.481 (격차 3.874) | Youden J=0.756
[08:50:54] [기준선 재계산] emp_joint AUC=0.9258 | marginal AUC=0.8741 (joint이득=+0.0518)
[08:50:54] --------------------------------------------------------------------------------
[08:50:54] [단계1 smoke] RESTARTS=1 EPOCHS=50 L=6
[08:50:57] ----------------------------------------------------------------------
[08:50:57] [qcbm_iat_b2] 학습 시작: 12큐비트, 4096상태, params=216, 재시작=1 (16코어 병렬)
[08:51:00]   [qcbm_iat_b2 seed  0] ep    0/50  MMD^2=8.42655e-02  |grad|=7.203e-03  (2.6s)
[08:51:53]   [qcbm_iat_b2 seed  0] ep   25/50  MMD^2=3.18136e-02  |grad|=1.263e-02  (55.6s)
[08:52:43]   [qcbm_iat_b2 seed  0] ep   49/50  MMD^2=7.42244e-03  |grad|=4.912e-03  (106.4s)
[08:52:43]   [qcbm_iat_b2 seed  0] 완료 MMD^2=7.4224e-03 TV=0.5990 |grad|_fin=4.912e-03 (106.5s)
[08:52:43] [qcbm_iat_b2] 완료: best MMD^2=7.4224e-03 TV=0.5990 KL=1.0659 | 중앙값MMD^2=7.4224e-03 | 수렴~39 ep | wall=106.6s
[08:52:43] [qcbm_iat_b2] gradient-norm(중앙값): 초기=7.203e-03 -> 최종=4.912e-03 (바렌플래토 진단)
[08:52:43] [smoke] wall=109.0s (2.18s/epoch) | best MMD^2=7.4224e-03 TV=0.5990
[08:52:43] [추정] est_300=654s(0.18h) -> 확정 RESTARTS=16 EPOCHS=300 (est_final=654s=0.18h)
[08:52:43] ================================================================================
[08:52:43] [단계2 full] RESTARTS=16 EPOCHS=300 L=6 본 학습 시작
[08:52:46] ----------------------------------------------------------------------
[08:52:46] [qcbm_iat_b2] 학습 시작: 12큐비트, 4096상태, params=216, 재시작=16 (16코어 병렬)
[08:52:51]   [qcbm_iat_b2 seed 15] ep    0/300  MMD^2=8.45702e-02  |grad|=8.213e-03  (4.4s)
[08:52:51]   [qcbm_iat_b2 seed  0] ep    0/300  MMD^2=8.42655e-02  |grad|=7.203e-03  (4.4s)
[08:52:51]   [qcbm_iat_b2 seed  5] ep    0/300  MMD^2=8.70647e-02  |grad|=7.522e-03  (4.4s)
[08:52:51]   [qcbm_iat_b2 seed  6] ep    0/300  MMD^2=8.58262e-02  |grad|=8.260e-03  (4.4s)
[08:52:51]   [qcbm_iat_b2 seed  2] ep    0/300  MMD^2=8.34400e-02  |grad|=6.977e-03  (4.6s)
[08:52:51]   [qcbm_iat_b2 seed  7] ep    0/300  MMD^2=8.27955e-02  |grad|=8.328e-03  (4.6s)
[08:52:51]   [qcbm_iat_b2 seed  1] ep    0/300  MMD^2=8.44348e-02  |grad|=8.008e-03  (4.8s)
[08:52:51]   [qcbm_iat_b2 seed  3] ep    0/300  MMD^2=8.42790e-02  |grad|=7.887e-03  (4.8s)
[08:52:51]   [qcbm_iat_b2 seed 11] ep    0/300  MMD^2=9.17504e-02  |grad|=1.772e-02  (4.8s)
[08:52:51]   [qcbm_iat_b2 seed 10] ep    0/300  MMD^2=8.37977e-02  |grad|=8.601e-03  (4.8s)
[08:52:51]   [qcbm_iat_b2 seed 13] ep    0/300  MMD^2=8.51482e-02  |grad|=9.611e-03  (4.9s)
[08:52:51]   [qcbm_iat_b2 seed  4] ep    0/300  MMD^2=8.37998e-02  |grad|=8.280e-03  (4.9s)
[08:52:51]   [qcbm_iat_b2 seed  9] ep    0/300  MMD^2=8.51144e-02  |grad|=7.337e-03  (5.0s)
[08:52:52]   [qcbm_iat_b2 seed  8] ep    0/300  MMD^2=8.46829e-02  |grad|=9.454e-03  (5.0s)
[08:52:52]   [qcbm_iat_b2 seed 12] ep    0/300  MMD^2=8.28853e-02  |grad|=7.881e-03  (5.1s)
[08:52:52]   [qcbm_iat_b2 seed 14] ep    0/300  MMD^2=8.43200e-02  |grad|=7.569e-03  (5.1s)
[08:54:37]   [qcbm_iat_b2 seed  6] ep   25/300  MMD^2=4.42226e-02  |grad|=1.232e-02  (110.1s)
[08:54:37]   [qcbm_iat_b2 seed 15] ep   25/300  MMD^2=4.20086e-02  |grad|=1.197e-02  (110.5s)
[08:54:37]   [qcbm_iat_b2 seed  8] ep   25/300  MMD^2=3.91432e-02  |grad|=1.332e-02  (110.9s)
[08:54:38]   [qcbm_iat_b2 seed  7] ep   25/300  MMD^2=2.23696e-02  |grad|=1.452e-02  (111.0s)
[08:54:38]   [qcbm_iat_b2 seed  0] ep   25/300  MMD^2=3.18136e-02  |grad|=1.263e-02  (111.5s)
[08:54:38]   [qcbm_iat_b2 seed  5] ep   25/300  MMD^2=7.15584e-03  |grad|=7.328e-03  (111.5s)
[08:54:38]   [qcbm_iat_b2 seed  3] ep   25/300  MMD^2=2.21266e-02  |grad|=1.134e-02  (111.5s)[08:54:38]   [qcbm_iat_b2 seed  1] ep   25/300  MMD^2=1.11458e-02  |grad|=1.083e-02  (111.5s)

[08:54:38]   [qcbm_iat_b2 seed 10] ep   25/300  MMD^2=1.39787e-02  |grad|=1.845e-02  (111.8s)
[08:54:38]   [qcbm_iat_b2 seed 11] ep   25/300  MMD^2=6.49788e-02  |grad|=3.076e-03  (111.8s)
[08:54:38]   [qcbm_iat_b2 seed  9] ep   25/300  MMD^2=1.19082e-02  |grad|=9.558e-03  (111.9s)
[08:54:39]   [qcbm_iat_b2 seed  2] ep   25/300  MMD^2=1.12134e-02  |grad|=8.352e-03  (112.4s)
[08:54:42]   [qcbm_iat_b2 seed  4] ep   25/300  MMD^2=1.37193e-02  |grad|=1.828e-02  (115.0s)
[08:54:42]   [qcbm_iat_b2 seed 13] ep   25/300  MMD^2=6.31117e-02  |grad|=4.964e-03  (115.4s)
[08:54:42]   [qcbm_iat_b2 seed 14] ep   25/300  MMD^2=1.28321e-02  |grad|=1.017e-02  (116.0s)
[08:54:42]   [qcbm_iat_b2 seed 12] ep   25/300  MMD^2=4.26279e-02  |grad|=1.014e-02  (115.9s)
[08:56:21]   [qcbm_iat_b2 seed  6] ep   50/300  MMD^2=1.81557e-03  |grad|=4.380e-03  (214.7s)
[08:56:22]   [qcbm_iat_b2 seed  5] ep   50/300  MMD^2=8.37718e-04  |grad|=1.617e-03  (215.8s)
[08:56:22]   [qcbm_iat_b2 seed  1] ep   50/300  MMD^2=5.84140e-03  |grad|=2.973e-03  (215.9s)
[08:56:22]   [qcbm_iat_b2 seed  8] ep   50/300  MMD^2=1.17592e-03  |grad|=6.004e-03  (215.9s)
[08:56:23]   [qcbm_iat_b2 seed  0] ep   50/300  MMD^2=7.29869e-03  |grad|=4.628e-03  (216.1s)
[08:56:23]   [qcbm_iat_b2 seed  3] ep   50/300  MMD^2=4.20978e-03  |grad|=4.020e-03  (216.5s)
[08:56:23]   [qcbm_iat_b2 seed  9] ep   50/300  MMD^2=7.03213e-04  |grad|=1.911e-03  (216.5s)
[08:56:23]   [qcbm_iat_b2 seed 15] ep   50/300  MMD^2=5.00571e-03  |grad|=4.773e-03  (216.6s)
[08:56:23]   [qcbm_iat_b2 seed 11] ep   50/300  MMD^2=5.95511e-02  |grad|=3.910e-03  (216.6s)
[08:56:23]   [qcbm_iat_b2 seed 10] ep   50/300  MMD^2=8.62356e-04  |grad|=1.778e-03  (216.6s)
[08:56:23]   [qcbm_iat_b2 seed  7] ep   50/300  MMD^2=1.25094e-03  |grad|=2.791e-03  (216.7s)
[08:56:26]   [qcbm_iat_b2 seed  2] ep   50/300  MMD^2=9.93736e-04  |grad|=1.935e-03  (219.0s)
[08:56:32]   [qcbm_iat_b2 seed  4] ep   50/300  MMD^2=1.52209e-03  |grad|=3.864e-03  (225.1s)
[08:56:32]   [qcbm_iat_b2 seed 13] ep   50/300  MMD^2=2.25369e-03  |grad|=6.927e-03  (225.9s)
[08:56:33]   [qcbm_iat_b2 seed 14] ep   50/300  MMD^2=1.24217e-03  |grad|=2.476e-03  (226.6s)
[08:56:33]   [qcbm_iat_b2 seed 12] ep   50/300  MMD^2=2.48588e-02  |grad|=7.141e-03  (226.7s)
[08:58:02]   [qcbm_iat_b2 seed  3] ep   75/300  MMD^2=5.66182e-04  |grad|=1.206e-03  (315.6s)
[08:58:04]   [qcbm_iat_b2 seed  6] ep   75/300  MMD^2=4.02404e-04  |grad|=8.445e-04  (317.3s)
[08:58:04]   [qcbm_iat_b2 seed  5] ep   75/300  MMD^2=5.47266e-04  |grad|=2.213e-04  (317.9s)
[08:58:04]   [qcbm_iat_b2 seed  8] ep   75/300  MMD^2=5.88418e-04  |grad|=4.987e-04  (317.9s)
[08:58:05]   [qcbm_iat_b2 seed  0] ep   75/300  MMD^2=5.87155e-03  |grad|=1.087e-03  (318.3s)
[08:58:05]   [qcbm_iat_b2 seed  1] ep   75/300  MMD^2=3.84552e-03  |grad|=9.820e-04  (318.5s)
[08:58:06]   [qcbm_iat_b2 seed  9] ep   75/300  MMD^2=3.79114e-04  |grad|=2.568e-04  (319.3s)
[08:58:06]   [qcbm_iat_b2 seed 11] ep   75/300  MMD^2=4.08101e-03  |grad|=4.780e-03  (319.8s)
[08:58:06]   [qcbm_iat_b2 seed 10] ep   75/300  MMD^2=5.19930e-04  |grad|=5.041e-04  (319.8s)
[08:58:07]   [qcbm_iat_b2 seed 15] ep   75/300  MMD^2=5.67371e-04  |grad|=1.001e-03  (320.8s)
[08:58:10]   [qcbm_iat_b2 seed  2] ep   75/300  MMD^2=5.49685e-04  |grad|=4.859e-04  (323.7s)
[08:58:15]   [qcbm_iat_b2 seed  7] ep   75/300  MMD^2=6.24012e-04  |grad|=3.272e-04  (328.6s)
[08:58:19]   [qcbm_iat_b2 seed 14] ep   75/300  MMD^2=6.26575e-04  |grad|=3.896e-04  (332.8s)
[08:58:22]   [qcbm_iat_b2 seed  4] ep   75/300  MMD^2=5.16008e-04  |grad|=4.253e-04  (335.5s)
[08:58:23]   [qcbm_iat_b2 seed 13] ep   75/300  MMD^2=5.66461e-04  |grad|=7.726e-04  (336.6s)
[08:58:27]   [qcbm_iat_b2 seed 12] ep   75/300  MMD^2=1.89258e-02  |grad|=2.094e-03  (340.5s)
[08:59:43]   [qcbm_iat_b2 seed  3] ep  100/300  MMD^2=4.26519e-04  |grad|=1.457e-04  (416.7s)
[08:59:44]   [qcbm_iat_b2 seed  6] ep  100/300  MMD^2=2.73525e-04  |grad|=1.670e-04  (417.3s)
[08:59:46]   [qcbm_iat_b2 seed  5] ep  100/300  MMD^2=5.27093e-04  |grad|=7.863e-05  (419.6s)
[08:59:47]   [qcbm_iat_b2 seed  0] ep  100/300  MMD^2=5.65022e-03  |grad|=4.469e-04  (420.1s)
[08:59:47]   [qcbm_iat_b2 seed  1] ep  100/300  MMD^2=3.76363e-03  |grad|=3.565e-04  (420.1s)
[08:59:47]   [qcbm_iat_b2 seed  9] ep  100/300  MMD^2=3.57847e-04  |grad|=6.363e-05  (420.5s)
[08:59:47]   [qcbm_iat_b2 seed  8] ep  100/300  MMD^2=4.41064e-04  |grad|=2.131e-04  (420.9s)
[08:59:48]   [qcbm_iat_b2 seed 11] ep  100/300  MMD^2=7.96735e-04  |grad|=1.404e-03  (421.7s)
[08:59:48]   [qcbm_iat_b2 seed 10] ep  100/300  MMD^2=4.58669e-04  |grad|=1.312e-04  (421.8s)
[08:59:49]   [qcbm_iat_b2 seed 15] ep  100/300  MMD^2=4.07535e-04  |grad|=2.785e-04  (423.0s)
[08:59:53]   [qcbm_iat_b2 seed  2] ep  100/300  MMD^2=4.44669e-04  |grad|=1.541e-04  (426.4s)
[09:00:01]   [qcbm_iat_b2 seed 14] ep  100/300  MMD^2=5.57266e-04  |grad|=1.616e-04  (434.9s)
[09:00:05]   [qcbm_iat_b2 seed  7] ep  100/300  MMD^2=5.89369e-04  |grad|=8.334e-05  (438.6s)
[09:00:13]   [qcbm_iat_b2 seed  4] ep  100/300  MMD^2=4.74279e-04  |grad|=1.474e-04  (446.5s)
[09:00:14]   [qcbm_iat_b2 seed 13] ep  100/300  MMD^2=4.81914e-04  |grad|=1.411e-04  (447.9s)
[09:00:18]   [qcbm_iat_b2 seed 12] ep  100/300  MMD^2=1.85788e-02  |grad|=7.036e-04  (451.4s)
[09:01:25]   [qcbm_iat_b2 seed  6] ep  125/300  MMD^2=2.60948e-04  |grad|=4.867e-05  (518.8s)
[09:01:26]   [qcbm_iat_b2 seed  3] ep  125/300  MMD^2=4.09685e-04  |grad|=7.268e-05  (519.2s)
[09:01:28]   [qcbm_iat_b2 seed  9] ep  125/300  MMD^2=3.54762e-04  |grad|=2.382e-05  (521.7s)
[09:01:28]   [qcbm_iat_b2 seed  1] ep  125/300  MMD^2=3.71789e-03  |grad|=1.415e-04  (521.8s)
[09:01:29]   [qcbm_iat_b2 seed  5] ep  125/300  MMD^2=5.22255e-04  |grad|=2.118e-05  (522.9s)
[09:01:30]   [qcbm_iat_b2 seed 10] ep  125/300  MMD^2=4.49510e-04  |grad|=4.217e-05  (523.2s)
[09:01:30]   [qcbm_iat_b2 seed  8] ep  125/300  MMD^2=3.88512e-04  |grad|=9.357e-05  (523.5s)
[09:01:30]   [qcbm_iat_b2 seed 11] ep  125/300  MMD^2=5.20135e-04  |grad|=3.386e-04  (523.5s)
[09:01:31]   [qcbm_iat_b2 seed  0] ep  125/300  MMD^2=5.63397e-03  |grad|=1.248e-04  (524.7s)
[09:01:33]   [qcbm_iat_b2 seed 15] ep  125/300  MMD^2=3.57116e-04  |grad|=1.330e-04  (526.7s)
[09:01:37]   [qcbm_iat_b2 seed  2] ep  125/300  MMD^2=4.13542e-04  |grad|=1.200e-04  (530.4s)
[09:01:44]   [qcbm_iat_b2 seed 14] ep  125/300  MMD^2=5.33358e-04  |grad|=6.991e-05  (537.7s)
[09:01:54]   [qcbm_iat_b2 seed  7] ep  125/300  MMD^2=5.86373e-04  |grad|=2.331e-05  (547.6s)
[09:02:03]   [qcbm_iat_b2 seed  4] ep  125/300  MMD^2=4.64576e-04  |grad|=4.859e-05  (556.4s)
[09:02:06]   [qcbm_iat_b2 seed 13] ep  125/300  MMD^2=4.71036e-04  |grad|=4.162e-05  (559.7s)
[09:02:07]   [qcbm_iat_b2 seed 12] ep  125/300  MMD^2=1.85275e-02  |grad|=1.875e-04  (560.7s)
[09:03:06]   [qcbm_iat_b2 seed  6] ep  150/300  MMD^2=2.58654e-04  |grad|=2.017e-05  (619.5s)
[09:03:07]   [qcbm_iat_b2 seed  3] ep  150/300  MMD^2=3.76702e-04  |grad|=8.499e-05  (620.2s)
[09:03:09]   [qcbm_iat_b2 seed  9] ep  150/300  MMD^2=3.53398e-04  |grad|=1.375e-05  (622.4s)
[09:03:10]   [qcbm_iat_b2 seed  1] ep  150/300  MMD^2=3.71413e-03  |grad|=3.909e-05  (623.4s)
[09:03:11]   [qcbm_iat_b2 seed 10] ep  150/300  MMD^2=4.41880e-04  |grad|=2.805e-05  (624.7s)
[09:03:11]   [qcbm_iat_b2 seed  5] ep  150/300  MMD^2=5.17941e-04  |grad|=5.147e-05  (625.0s)
[09:03:12]   [qcbm_iat_b2 seed 11] ep  150/300  MMD^2=4.21805e-04  |grad|=1.444e-04  (625.2s)
[09:03:13]   [qcbm_iat_b2 seed  8] ep  150/300  MMD^2=3.64400e-04  |grad|=6.078e-05  (626.0s)
[09:03:14]   [qcbm_iat_b2 seed  0] ep  150/300  MMD^2=5.63234e-03  |grad|=3.689e-05  (627.6s)
[09:03:14]   [qcbm_iat_b2 seed 15] ep  150/300  MMD^2=3.26190e-04  |grad|=6.477e-05  (628.0s)
[09:03:19]   [qcbm_iat_b2 seed  2] ep  150/300  MMD^2=3.09135e-04  |grad|=6.631e-05  (632.3s)
[09:03:25]   [qcbm_iat_b2 seed 14] ep  150/300  MMD^2=5.03958e-04  |grad|=5.345e-05  (638.5s)
[09:03:43]   [qcbm_iat_b2 seed  7] ep  150/300  MMD^2=5.85160e-04  |grad|=1.193e-05  (656.3s)
[09:03:51]   [qcbm_iat_b2 seed  4] ep  150/300  MMD^2=4.59829e-04  |grad|=1.803e-05  (664.5s)
[09:03:57]   [qcbm_iat_b2 seed 13] ep  150/300  MMD^2=4.69414e-04  |grad|=1.503e-05  (670.1s)
[09:03:58]   [qcbm_iat_b2 seed 12] ep  150/300  MMD^2=1.85148e-02  |grad|=4.945e-05  (671.2s)
[09:04:43]   [qcbm_iat_b2 seed  5] ep  175/300  MMD^2=4.64441e-04  |grad|=7.661e-05  (717.0s)
[09:04:46]   [qcbm_iat_b2 seed  6] ep  175/300  MMD^2=2.57627e-04  |grad|=1.054e-05  (719.3s)
[09:04:47]   [qcbm_iat_b2 seed  3] ep  175/300  MMD^2=3.56320e-04  |grad|=3.729e-05  (720.6s)
[09:04:50]   [qcbm_iat_b2 seed  9] ep  175/300  MMD^2=3.52131e-04  |grad|=1.097e-05  (723.6s)
[09:04:52]   [qcbm_iat_b2 seed  1] ep  175/300  MMD^2=3.71299e-03  |grad|=1.340e-05  (725.4s)
[09:04:52]   [qcbm_iat_b2 seed 10] ep  175/300  MMD^2=4.33271e-04  |grad|=2.512e-05  (725.8s)
[09:04:53]   [qcbm_iat_b2 seed  0] ep  175/300  MMD^2=5.63201e-03  |grad|=1.258e-05  (726.1s)
[09:04:53]   [qcbm_iat_b2 seed 11] ep  175/300  MMD^2=4.02804e-04  |grad|=4.823e-05  (726.3s)
[09:04:54]   [qcbm_iat_b2 seed 15] ep  175/300  MMD^2=3.03790e-04  |grad|=5.167e-05  (727.5s)
[09:05:01]   [qcbm_iat_b2 seed  2] ep  175/300  MMD^2=2.97910e-04  |grad|=5.244e-05  (734.0s)
[09:05:02]   [qcbm_iat_b2 seed  8] ep  175/300  MMD^2=3.46908e-04  |grad|=4.951e-05  (735.0s)
[09:05:05]   [qcbm_iat_b2 seed 14] ep  175/300  MMD^2=4.84226e-04  |grad|=2.592e-05  (738.0s)
[09:05:33]   [qcbm_iat_b2 seed  7] ep  175/300  MMD^2=5.83306e-04  |grad|=9.438e-06  (766.5s)
[09:05:45]   [qcbm_iat_b2 seed  4] ep  175/300  MMD^2=4.59006e-04  |grad|=8.221e-06  (778.9s)
[09:05:48]   [qcbm_iat_b2 seed 13] ep  175/300  MMD^2=4.68905e-04  |grad|=9.373e-06  (781.4s)
[09:05:52]   [qcbm_iat_b2 seed 12] ep  175/300  MMD^2=1.85052e-02  |grad|=3.204e-05  (785.6s)
[09:06:26]   [qcbm_iat_b2 seed  6] ep  200/300  MMD^2=2.56033e-04  |grad|=1.493e-05  (819.1s)
[09:06:26]   [qcbm_iat_b2 seed  5] ep  200/300  MMD^2=4.51764e-04  |grad|=4.494e-05  (819.4s)
[09:06:29]   [qcbm_iat_b2 seed  3] ep  200/300  MMD^2=3.49866e-04  |grad|=2.448e-05  (822.4s)
[09:06:32]   [qcbm_iat_b2 seed  9] ep  200/300  MMD^2=3.50983e-04  |grad|=8.940e-06  (825.2s)
[09:06:33]   [qcbm_iat_b2 seed  0] ep  200/300  MMD^2=5.63172e-03  |grad|=7.717e-06  (826.6s)
[09:06:34]   [qcbm_iat_b2 seed 10] ep  200/300  MMD^2=4.24129e-04  |grad|=2.929e-05  (827.2s)
[09:06:34]   [qcbm_iat_b2 seed 15] ep  200/300  MMD^2=2.82241e-04  |grad|=5.198e-05  (827.4s)
[09:06:34]   [qcbm_iat_b2 seed  1] ep  200/300  MMD^2=3.71246e-03  |grad|=7.554e-06  (827.8s)
[09:06:34]   [qcbm_iat_b2 seed 11] ep  200/300  MMD^2=3.93617e-04  |grad|=2.249e-05  (827.9s)
[09:06:42]   [qcbm_iat_b2 seed  2] ep  200/300  MMD^2=2.96945e-04  |grad|=1.195e-04  (835.2s)
[09:06:45]   [qcbm_iat_b2 seed 14] ep  200/300  MMD^2=4.76766e-04  |grad|=2.522e-05  (838.7s)
[09:06:52]   [qcbm_iat_b2 seed  8] ep  200/300  MMD^2=3.31334e-04  |grad|=4.728e-05  (845.1s)
[09:07:14]   [qcbm_iat_b2 seed  7] ep  200/300  MMD^2=5.80934e-04  |grad|=6.627e-06  (867.9s)
[09:07:36]   [qcbm_iat_b2 seed  4] ep  200/300  MMD^2=4.58605e-04  |grad|=6.595e-06  (889.1s)
[09:07:39]   [qcbm_iat_b2 seed 13] ep  200/300  MMD^2=4.67793e-04  |grad|=1.934e-05  (892.5s)
[09:07:42]   [qcbm_iat_b2 seed 12] ep  200/300  MMD^2=1.84978e-02  |grad|=2.304e-05  (895.3s)
[09:08:06]   [qcbm_iat_b2 seed  6] ep  225/300  MMD^2=2.52530e-04  |grad|=1.651e-05  (919.7s)
[09:08:09]   [qcbm_iat_b2 seed  5] ep  225/300  MMD^2=4.37318e-04  |grad|=4.512e-05  (923.0s)
[09:08:10]   [qcbm_iat_b2 seed  3] ep  225/300  MMD^2=3.47043e-04  |grad|=1.818e-05  (923.4s)
[09:08:13]   [qcbm_iat_b2 seed  9] ep  225/300  MMD^2=3.50224e-04  |grad|=7.160e-06  (926.4s)
[09:08:14]   [qcbm_iat_b2 seed  0] ep  225/300  MMD^2=5.63126e-03  |grad|=9.618e-06  (927.9s)
[09:08:15]   [qcbm_iat_b2 seed 15] ep  225/300  MMD^2=2.65377e-04  |grad|=2.437e-05  (928.7s)
[09:08:15]   [qcbm_iat_b2 seed 10] ep  225/300  MMD^2=4.14899e-04  |grad|=1.753e-05  (928.7s)
[09:08:16]   [qcbm_iat_b2 seed 11] ep  225/300  MMD^2=3.89961e-04  |grad|=1.232e-05  (929.4s)
[09:08:16]   [qcbm_iat_b2 seed  1] ep  225/300  MMD^2=3.71216e-03  |grad|=5.792e-06  (929.9s)
[09:08:24]   [qcbm_iat_b2 seed  2] ep  225/300  MMD^2=2.95103e-04  |grad|=2.485e-05  (937.0s)
[09:08:28]   [qcbm_iat_b2 seed 14] ep  225/300  MMD^2=3.57091e-04  |grad|=3.429e-04  (941.4s)
[09:08:40]   [qcbm_iat_b2 seed  8] ep  225/300  MMD^2=3.16070e-04  |grad|=4.237e-05  (953.5s)
[09:08:54]   [qcbm_iat_b2 seed  7] ep  225/300  MMD^2=5.79444e-04  |grad|=3.754e-06  (967.9s)
[09:09:26]   [qcbm_iat_b2 seed  4] ep  225/300  MMD^2=4.58194e-04  |grad|=6.525e-06  (999.6s)
[09:09:29]   [qcbm_iat_b2 seed 13] ep  225/300  MMD^2=4.61863e-04  |grad|=2.687e-05  (1002.9s)
[09:09:32]   [qcbm_iat_b2 seed 12] ep  225/300  MMD^2=1.84929e-02  |grad|=1.849e-05  (1005.4s)
[09:09:47]   [qcbm_iat_b2 seed  6] ep  250/300  MMD^2=2.49211e-04  |grad|=1.446e-05  (1020.5s)
[09:09:50]   [qcbm_iat_b2 seed  3] ep  250/300  MMD^2=3.45277e-04  |grad|=1.537e-05  (1023.1s)
[09:09:52]   [qcbm_iat_b2 seed  9] ep  250/300  MMD^2=3.49735e-04  |grad|=5.822e-06  (1025.1s)
[09:09:52]   [qcbm_iat_b2 seed  5] ep  250/300  MMD^2=4.15013e-04  |grad|=4.157e-05  (1025.2s)
[09:09:56]   [qcbm_iat_b2 seed  0] ep  250/300  MMD^2=5.63035e-03  |grad|=1.424e-05  (1029.1s)
[09:09:56]   [qcbm_iat_b2 seed 10] ep  250/300  MMD^2=4.12668e-04  |grad|=1.048e-05  (1029.1s)
[09:09:56]   [qcbm_iat_b2 seed  1] ep  250/300  MMD^2=3.71196e-03  |grad|=4.879e-06  (1029.8s)
[09:09:56]   [qcbm_iat_b2 seed 11] ep  250/300  MMD^2=3.88607e-04  |grad|=8.153e-06  (1029.9s)
[09:09:57]   [qcbm_iat_b2 seed 15] ep  250/300  MMD^2=2.59828e-04  |grad|=2.094e-05  (1030.1s)
[09:10:05]   [qcbm_iat_b2 seed  2] ep  250/300  MMD^2=2.94089e-04  |grad|=1.937e-05  (1038.5s)
[09:10:10]   [qcbm_iat_b2 seed 14] ep  250/300  MMD^2=2.42303e-04  |grad|=1.027e-04  (1043.2s)
[09:10:30]   [qcbm_iat_b2 seed  8] ep  250/300  MMD^2=3.04532e-04  |grad|=3.312e-05  (1063.5s)
[09:10:33]   [qcbm_iat_b2 seed  7] ep  250/300  MMD^2=5.78948e-04  |grad|=1.980e-06  (1066.9s)
[09:11:16]   [qcbm_iat_b2 seed  4] ep  250/300  MMD^2=4.57664e-04  |grad|=7.340e-06  (1109.8s)
[09:11:21]   [qcbm_iat_b2 seed 13] ep  250/300  MMD^2=4.55993e-04  |grad|=1.873e-05  (1114.5s)
[09:11:22]   [qcbm_iat_b2 seed 12] ep  250/300  MMD^2=1.84893e-02  |grad|=1.651e-05  (1115.2s)
[09:11:28]   [qcbm_iat_b2 seed  6] ep  275/300  MMD^2=2.46034e-04  |grad|=1.644e-05  (1121.5s)
[09:11:29]   [qcbm_iat_b2 seed  3] ep  275/300  MMD^2=3.43944e-04  |grad|=1.384e-05  (1122.5s)
[09:11:32]   [qcbm_iat_b2 seed  9] ep  275/300  MMD^2=3.49382e-04  |grad|=4.838e-06  (1125.9s)
[09:11:34]   [qcbm_iat_b2 seed  5] ep  275/300  MMD^2=4.05217e-04  |grad|=1.102e-05  (1127.9s)
[09:11:37]   [qcbm_iat_b2 seed 10] ep  275/300  MMD^2=4.10726e-04  |grad|=1.140e-05  (1130.1s)
[09:11:37]   [qcbm_iat_b2 seed  0] ep  275/300  MMD^2=5.62780e-03  |grad|=2.706e-05  (1130.9s)
[09:11:38]   [qcbm_iat_b2 seed 11] ep  275/300  MMD^2=3.87966e-04  |grad|=6.149e-06  (1131.0s)
[09:11:38]   [qcbm_iat_b2 seed  1] ep  275/300  MMD^2=3.71182e-03  |grad|=4.295e-06  (1131.7s)
[09:11:38]   [qcbm_iat_b2 seed 15] ep  275/300  MMD^2=2.56378e-04  |grad|=2.206e-05  (1131.9s)
[09:11:47]   [qcbm_iat_b2 seed  2] ep  275/300  MMD^2=2.94191e-04  |grad|=9.755e-05  (1140.8s)
[09:11:52]   [qcbm_iat_b2 seed 14] ep  275/300  MMD^2=2.18856e-04  |grad|=6.591e-05  (1145.2s)
[09:12:13]   [qcbm_iat_b2 seed  7] ep  275/300  MMD^2=5.78827e-04  |grad|=1.354e-06  (1166.2s)
[09:12:20]   [qcbm_iat_b2 seed  8] ep  275/300  MMD^2=2.98043e-04  |grad|=2.354e-05  (1173.1s)
[09:13:05]   [qcbm_iat_b2 seed  3] ep  299/300  MMD^2=3.42868e-04  |grad|=1.286e-05  (1218.2s)
[09:13:05]   [qcbm_iat_b2 seed  3] 완료 MMD^2=3.4287e-04 TV=0.1180 |grad|_fin=1.286e-05 (1218.2s)
[09:13:05]   [qcbm_iat_b2 seed  6] ep  299/300  MMD^2=2.41835e-04  |grad|=1.948e-05  (1218.5s)
[09:13:05]   [qcbm_iat_b2 seed  6] 완료 MMD^2=2.4183e-04 TV=0.1046 |grad|_fin=1.948e-05 (1218.5s)
[09:13:06]   [qcbm_iat_b2 seed  4] ep  275/300  MMD^2=4.56864e-04  |grad|=9.049e-06  (1219.3s)
[09:13:09]   [qcbm_iat_b2 seed  9] ep  299/300  MMD^2=3.49124e-04  |grad|=4.133e-06  (1222.6s)
[09:13:09]   [qcbm_iat_b2 seed  9] 완료 MMD^2=3.4912e-04 TV=0.1009 |grad|_fin=4.133e-06 (1222.6s)
[09:13:11]   [qcbm_iat_b2 seed 15] ep  299/300  MMD^2=2.47569e-04  |grad|=5.063e-05  (1224.0s)
[09:13:11]   [qcbm_iat_b2 seed 15] 완료 MMD^2=2.4757e-04 TV=0.0823 |grad|_fin=5.063e-05 (1224.0s)
[09:13:11]   [qcbm_iat_b2 seed 12] ep  275/300  MMD^2=1.84862e-02  |grad|=1.626e-05  (1224.4s)
[09:13:11]   [qcbm_iat_b2 seed  5] ep  299/300  MMD^2=4.04429e-04  |grad|=4.142e-06  (1224.9s)
[09:13:11]   [qcbm_iat_b2 seed  5] 완료 MMD^2=4.0443e-04 TV=0.1098 |grad|_fin=4.142e-06 (1224.9s)
[09:13:12]   [qcbm_iat_b2 seed 13] ep  275/300  MMD^2=4.52552e-04  |grad|=1.635e-05  (1225.3s)
[09:13:13]   [qcbm_iat_b2 seed  1] ep  299/300  MMD^2=3.71171e-03  |grad|=3.891e-06  (1226.1s)
[09:13:13]   [qcbm_iat_b2 seed  1] 완료 MMD^2=3.7117e-03 TV=0.5028 |grad|_fin=3.891e-06 (1226.1s)
[09:13:13]   [qcbm_iat_b2 seed  0] ep  299/300  MMD^2=5.61228e-03  |grad|=8.951e-05  (1226.4s)
[09:13:13]   [qcbm_iat_b2 seed  0] 완료 MMD^2=5.6123e-03 TV=0.5016 |grad|_fin=8.951e-05 (1226.4s)
[09:13:13]   [qcbm_iat_b2 seed 10] ep  299/300  MMD^2=4.08297e-04  |grad|=1.217e-05  (1226.5s)
[09:13:13]   [qcbm_iat_b2 seed 10] 완료 MMD^2=4.0830e-04 TV=0.1004 |grad|_fin=1.217e-05 (1226.5s)
[09:13:13]   [qcbm_iat_b2 seed 11] ep  299/300  MMD^2=3.87597e-04  |grad|=5.005e-06  (1226.9s)
[09:13:13]   [qcbm_iat_b2 seed 11] 완료 MMD^2=3.8760e-04 TV=0.0963 |grad|_fin=5.005e-06 (1226.9s)
[09:13:18]   [qcbm_iat_b2 seed  2] ep  299/300  MMD^2=2.93741e-04  |grad|=2.483e-05  (1231.3s)
[09:13:18]   [qcbm_iat_b2 seed  2] 완료 MMD^2=2.9374e-04 TV=0.1064 |grad|_fin=2.483e-05 (1231.3s)
[09:13:19]   [qcbm_iat_b2 seed 14] ep  299/300  MMD^2=1.88650e-04  |grad|=5.401e-05  (1232.9s)
[09:13:19]   [qcbm_iat_b2 seed 14] 완료 MMD^2=1.8865e-04 TV=0.0930 |grad|_fin=5.401e-05 (1232.9s)
[09:13:27]   [qcbm_iat_b2 seed  7] ep  299/300  MMD^2=5.78787e-04  |grad|=1.166e-06  (1240.3s)
[09:13:27]   [qcbm_iat_b2 seed  7] 완료 MMD^2=5.7879e-04 TV=0.1136 |grad|_fin=1.166e-06 (1240.3s)
[09:14:03]   [qcbm_iat_b2 seed  8] ep  299/300  MMD^2=2.94371e-04  |grad|=1.897e-05  (1276.8s)
[09:14:03]   [qcbm_iat_b2 seed  8] 완료 MMD^2=2.9437e-04 TV=0.0984 |grad|_fin=1.897e-05 (1276.9s)
[09:14:31]   [qcbm_iat_b2 seed 13] ep  299/300  MMD^2=4.51464e-04  |grad|=8.133e-06  (1304.4s)
[09:14:31]   [qcbm_iat_b2 seed 13] 완료 MMD^2=4.5146e-04 TV=0.1029 |grad|_fin=8.133e-06 (1304.4s)
[09:14:41]   [qcbm_iat_b2 seed  4] ep  299/300  MMD^2=4.55539e-04  |grad|=1.203e-05  (1314.0s)
[09:14:41]   [qcbm_iat_b2 seed  4] 완료 MMD^2=4.5554e-04 TV=0.0926 |grad|_fin=1.203e-05 (1314.1s)
[09:14:43]   [qcbm_iat_b2 seed 12] ep  299/300  MMD^2=1.84832e-02  |grad|=1.670e-05  (1316.5s)
[09:14:43]   [qcbm_iat_b2 seed 12] 완료 MMD^2=1.8483e-02 TV=0.7502 |grad|_fin=1.670e-05 (1316.5s)
[09:14:43] [qcbm_iat_b2] 완료: best MMD^2=1.8865e-04 TV=0.0930 KL=0.1141 | 중앙값MMD^2=3.9601e-04 | 수렴~284 ep | wall=1316.9s
[09:14:43] [qcbm_iat_b2] gradient-norm(중앙값): 초기=8.110e-03 -> 최종=1.252e-05 (바렌플래토 진단)
[09:14:43] [full] 완료 wall=1319.8s (0.37h) | best MMD^2=1.8865e-04 TV=0.0930 수렴~284ep grad 8.11e-03->1.25e-05
[09:14:44] [qcbm_iat_b2 이상탐지] AUC=0.9185 | mean p(x): benign=1.528e-02 vs attack=2.384e-03 (배율 6.41x)
[09:14:44] [qcbm_iat_b2 이상탐지] mean log p(x): benign=-4.260 vs attack=-11.735 (격차 7.475) | Youden J=0.837
[09:14:44] ================================================================================
[09:14:44] [핵심 비교] HOIC AUC (s=-log p, attack=positive, raw MWU)
[09:14:44]   marginal(기준선)            AUC=0.8741 Youden J=0.7558 logp격차=3.874
[09:14:44]   emp_joint(상한)            AUC=0.9258 Youden J=0.8448 logp격차=8.054
[09:14:44]   QCBM 12q L=6             AUC=0.9185 Youden J=0.8374 logp격차=7.475
[09:14:44]   => QCBM > marginal(0.8741)? 예 | QCBM-marginal=+0.0445 | emp_joint(0.9258) 근접도=99.2%
Traceback (most recent call last):
  File "/home/elicer/IOTJ/qcbm/tools/train_qcbm_iat_b2.py", line 273, in <module>
    main()
  File "/home/elicer/IOTJ/qcbm/tools/train_qcbm_iat_b2.py", line 231, in main
    E.log("  [B1 대비] B1: QCBM-marg=+0.0085, 상한근접 99.5% | B2: QCBM-marg=%+.4f, 상한근접 %.1f%%"
ValueError: unsupported format character '|' (0x7c) at index 44
