[08:22:22] ================================================================================
[08:22:22] 10큐빗 QCBM(MMD) 본 학습 — B1 인코딩 (10bit/1024상태), 대상=HOIC
[08:22:22] ================================================================================
[08:22:22] CSV 로드: data/cic_0221_ddos.csv
[08:22:25] benign=360833  ddos attack-hoic=686012
[08:22:25] Fwd IAT Mean log1p inner edges = [5.739, 5.9067, 7.8581]
[08:22:26] B1 점유 상태=79/1024 (7.7%) | benign train=252583 test=108250 attack=686012
[08:22:26] [emp_joint 이상탐지] AUC=0.8856 | mean p(x): benign=1.629e-02 vs attack=3.871e-03 (배율 4.21x)
[08:22:26] [emp_joint 이상탐지] mean log p(x): benign=-4.149 vs attack=-9.034 (격차 4.885) | Youden J=0.761
[08:22:26] [marginal 이상탐지] AUC=0.8726 | mean p(x): benign=1.558e-02 vs attack=3.803e-03 (배율 4.10x)
[08:22:26] [marginal 이상탐지] mean log p(x): benign=-4.221 vs attack=-8.097 (격차 3.876) | Youden J=0.756
[08:22:26] [기준선 재계산] emp_joint AUC=0.8856 | marginal AUC=0.8726 (joint이득=+0.0130)
[08:22:26] --------------------------------------------------------------------------------
[08:22:26] [단계1 smoke] RESTARTS=1 EPOCHS=50 L=6 : wall 측정
[08:22:26] ----------------------------------------------------------------------
[08:22:26] [qcbm_iat_b1] 학습 시작: 10큐비트, 1024상태, params=180, 재시작=1 (16코어 병렬)
[08:22:29]   [qcbm_iat_b1 seed  0] ep    0/50  MMD^2=9.78757e-02  |grad|=2.187e-02  (2.0s)
[08:23:05]   [qcbm_iat_b1 seed  0] ep   25/50  MMD^2=1.40976e-02  |grad|=1.524e-02  (38.1s)
[08:23:39]   [qcbm_iat_b1 seed  0] ep   49/50  MMD^2=9.60418e-04  |grad|=2.538e-03  (72.9s)
[08:23:39]   [qcbm_iat_b1 seed  0] 완료 MMD^2=9.6042e-04 TV=0.1302 |grad|_fin=2.538e-03 (72.9s)
[08:23:39] [qcbm_iat_b1] 완료: best MMD^2=9.6042e-04 TV=0.1302 KL=0.1104 | 중앙값MMD^2=9.6042e-04 | 수렴~47 ep | wall=73.0s
[08:23:39] [qcbm_iat_b1] gradient-norm(중앙값): 초기=2.187e-02 -> 최종=2.538e-03 (바렌플래토 진단)
[08:23:39] [smoke] wall=73.1s (1.46s/epoch, 1 restart) | smoke best MMD^2=9.6042e-04 TV=0.1302
[08:23:39] [추정] 16재시작 병렬 가정(EP epochs): est_300=439s(0.12h) -> 확정 RESTARTS=16 EPOCHS=300 (est_final=439s=0.12h)
[08:23:39] ================================================================================
[08:23:39] [단계2 full] RESTARTS=16 EPOCHS=300 L=6 본 학습 시작
[08:23:40] ----------------------------------------------------------------------
[08:23:40] [qcbm_iat_b1] 학습 시작: 10큐비트, 1024상태, params=180, 재시작=16 (16코어 병렬)
[08:23:43]   [qcbm_iat_b1 seed  4] ep    0/300  MMD^2=9.96184e-02  |grad|=1.701e-02  (2.9s)
[08:23:43]   [qcbm_iat_b1 seed 12] ep    0/300  MMD^2=9.91371e-02  |grad|=1.724e-02  (3.0s)
[08:23:43]   [qcbm_iat_b1 seed 15] ep    0/300  MMD^2=9.92251e-02  |grad|=1.883e-02  (3.1s)
[08:23:43]   [qcbm_iat_b1 seed  0] ep    0/300  MMD^2=9.78757e-02  |grad|=2.187e-02  (3.2s)
[08:23:43]   [qcbm_iat_b1 seed  3] ep    0/300  MMD^2=9.50671e-02  |grad|=1.589e-02  (3.2s)
[08:23:43]   [qcbm_iat_b1 seed  5] ep    0/300  MMD^2=1.01588e-01  |grad|=1.961e-02  (3.3s)
[08:23:43]   [qcbm_iat_b1 seed 10] ep    0/300  MMD^2=1.00708e-01  |grad|=1.982e-02  (3.3s)
[08:23:43]   [qcbm_iat_b1 seed 14] ep    0/300  MMD^2=9.80923e-02  |grad|=1.925e-02  (3.3s)
[08:23:43]   [qcbm_iat_b1 seed 11] ep    0/300  MMD^2=9.59271e-02  |grad|=2.123e-02  (3.3s)
[08:23:43]   [qcbm_iat_b1 seed  8] ep    0/300  MMD^2=9.94707e-02  |grad|=1.807e-02  (3.3s)
[08:23:43]   [qcbm_iat_b1 seed  6] ep    0/300  MMD^2=1.01012e-01  |grad|=2.019e-02  (3.3s)
[08:23:43]   [qcbm_iat_b1 seed  9] ep    0/300  MMD^2=9.45245e-02  |grad|=2.238e-02  (3.3s)
[08:23:43]   [qcbm_iat_b1 seed  1] ep    0/300  MMD^2=1.02345e-01  |grad|=2.067e-02  (3.5s)
[08:23:43]   [qcbm_iat_b1 seed 13] ep    0/300  MMD^2=9.33964e-02  |grad|=1.971e-02  (3.5s)
[08:23:43]   [qcbm_iat_b1 seed  2] ep    0/300  MMD^2=9.72794e-02  |grad|=1.734e-02  (3.5s)[08:23:43]   [qcbm_iat_b1 seed  7] ep    0/300  MMD^2=1.03570e-01  |grad|=1.898e-02  (3.5s)

[08:24:47]   [qcbm_iat_b1 seed  2] ep   25/300  MMD^2=4.84437e-02  |grad|=8.985e-03  (67.1s)
[08:24:53]   [qcbm_iat_b1 seed  5] ep   25/300  MMD^2=5.17815e-02  |grad|=8.004e-03  (73.1s)
[08:24:53]   [qcbm_iat_b1 seed  8] ep   25/300  MMD^2=3.32864e-02  |grad|=1.210e-02  (73.3s)
[08:24:53]   [qcbm_iat_b1 seed 15] ep   25/300  MMD^2=4.40099e-02  |grad|=1.069e-02  (73.3s)
[08:24:53]   [qcbm_iat_b1 seed 10] ep   25/300  MMD^2=4.03691e-02  |grad|=1.234e-02  (73.5s)
[08:24:53]   [qcbm_iat_b1 seed  3] ep   25/300  MMD^2=5.23293e-02  |grad|=7.739e-03  (73.6s)
[08:24:53]   [qcbm_iat_b1 seed  0] ep   25/300  MMD^2=1.40976e-02  |grad|=1.524e-02  (73.7s)
[08:24:54]   [qcbm_iat_b1 seed  9] ep   25/300  MMD^2=5.17269e-02  |grad|=9.605e-03  (74.2s)
[08:24:54]   [qcbm_iat_b1 seed 11] ep   25/300  MMD^2=5.46935e-02  |grad|=6.734e-03  (74.2s)
[08:24:54]   [qcbm_iat_b1 seed  6] ep   25/300  MMD^2=7.38720e-03  |grad|=1.666e-02  (74.2s)
[08:24:55]   [qcbm_iat_b1 seed 14] ep   25/300  MMD^2=1.41674e-02  |grad|=1.593e-02  (74.8s)
[08:24:56]   [qcbm_iat_b1 seed 12] ep   25/300  MMD^2=5.13964e-02  |grad|=7.909e-03  (76.4s)
[08:24:56]   [qcbm_iat_b1 seed  4] ep   25/300  MMD^2=5.03204e-02  |grad|=1.008e-02  (76.4s)
[08:25:01]   [qcbm_iat_b1 seed  7] ep   25/300  MMD^2=1.51519e-02  |grad|=1.863e-02  (81.5s)
[08:25:02]   [qcbm_iat_b1 seed 13] ep   25/300  MMD^2=5.19544e-03  |grad|=1.472e-02  (81.9s)
[08:25:02]   [qcbm_iat_b1 seed  1] ep   25/300  MMD^2=4.62085e-02  |grad|=9.265e-03  (82.4s)
[08:25:34]   [qcbm_iat_b1 seed  2] ep   50/300  MMD^2=1.65240e-03  |grad|=5.204e-03  (113.7s)
[08:26:02]   [qcbm_iat_b1 seed  5] ep   50/300  MMD^2=4.59045e-02  |grad|=2.914e-03  (141.8s)
[08:26:02]   [qcbm_iat_b1 seed  0] ep   50/300  MMD^2=9.05099e-04  |grad|=2.339e-03  (142.4s)
[08:26:02]   [qcbm_iat_b1 seed  8] ep   50/300  MMD^2=1.24208e-03  |grad|=3.482e-03  (142.7s)
[08:26:02]   [qcbm_iat_b1 seed 15] ep   50/300  MMD^2=1.63744e-03  |grad|=4.705e-03  (142.6s)
[08:26:03]   [qcbm_iat_b1 seed  3] ep   50/300  MMD^2=4.17333e-02  |grad|=6.367e-03  (143.1s)
[08:26:03]   [qcbm_iat_b1 seed 10] ep   50/300  MMD^2=1.76267e-03  |grad|=6.004e-03  (143.3s)
[08:26:04]   [qcbm_iat_b1 seed  9] ep   50/300  MMD^2=2.88601e-02  |grad|=7.388e-03  (144.2s)
[08:26:04]   [qcbm_iat_b1 seed 11] ep   50/300  MMD^2=4.98522e-02  |grad|=2.502e-03  (144.2s)
[08:26:04]   [qcbm_iat_b1 seed  6] ep   50/300  MMD^2=8.76791e-04  |grad|=2.327e-03  (144.2s)
[08:26:06]   [qcbm_iat_b1 seed 14] ep   50/300  MMD^2=7.59946e-04  |grad|=1.916e-03  (146.0s)
[08:26:09]   [qcbm_iat_b1 seed 12] ep   50/300  MMD^2=4.63741e-02  |grad|=2.938e-03  (149.2s)[08:26:09]   [qcbm_iat_b1 seed  4] ep   50/300  MMD^2=2.05975e-03  |grad|=5.782e-03  (149.2s)

[08:26:23]   [qcbm_iat_b1 seed  7] ep   50/300  MMD^2=1.07040e-03  |grad|=2.377e-03  (162.9s)
[08:26:24]   [qcbm_iat_b1 seed 13] ep   50/300  MMD^2=8.38808e-04  |grad|=1.455e-03  (164.3s)
[08:26:25]   [qcbm_iat_b1 seed  1] ep   50/300  MMD^2=1.84173e-03  |grad|=5.580e-03  (165.1s)
[08:26:36]   [qcbm_iat_b1 seed  2] ep   75/300  MMD^2=6.78566e-04  |grad|=7.078e-04  (176.0s)
[08:27:11]   [qcbm_iat_b1 seed  0] ep   75/300  MMD^2=4.35018e-04  |grad|=4.626e-04  (211.0s)
[08:27:11]   [qcbm_iat_b1 seed  5] ep   75/300  MMD^2=4.44912e-02  |grad|=1.079e-03  (211.4s)
[08:27:12]   [qcbm_iat_b1 seed 15] ep   75/300  MMD^2=5.71364e-04  |grad|=1.031e-03  (211.8s)
[08:27:12]   [qcbm_iat_b1 seed  8] ep   75/300  MMD^2=3.18373e-04  |grad|=4.863e-04  (212.0s)
[08:27:12]   [qcbm_iat_b1 seed  3] ep   75/300  MMD^2=1.88172e-03  |grad|=5.786e-03  (212.4s)
[08:27:13]   [qcbm_iat_b1 seed 11] ep   75/300  MMD^2=4.10004e-02  |grad|=6.995e-03  (212.9s)
[08:27:13]   [qcbm_iat_b1 seed 10] ep   75/300  MMD^2=4.37176e-04  |grad|=6.401e-04  (213.0s)
[08:27:13]   [qcbm_iat_b1 seed  6] ep   75/300  MMD^2=5.72748e-04  |grad|=4.065e-04  (213.1s)
[08:27:13]   [qcbm_iat_b1 seed  9] ep   75/300  MMD^2=1.08796e-03  |grad|=4.387e-03  (213.5s)
[08:27:16]   [qcbm_iat_b1 seed 14] ep   75/300  MMD^2=4.05610e-04  |grad|=4.399e-04  (216.5s)
[08:27:22]   [qcbm_iat_b1 seed  4] ep   75/300  MMD^2=5.99593e-04  |grad|=9.608e-04  (221.9s)
[08:27:22]   [qcbm_iat_b1 seed 12] ep   75/300  MMD^2=4.41344e-02  |grad|=1.130e-03  (221.8s)
[08:27:32]   [qcbm_iat_b1 seed  7] ep   75/300  MMD^2=6.37738e-04  |grad|=4.845e-04  (231.9s)
[08:27:37]   [qcbm_iat_b1 seed 13] ep   75/300  MMD^2=6.93746e-04  |grad|=5.393e-04  (237.0s)
[08:27:37]   [qcbm_iat_b1 seed  1] ep   75/300  MMD^2=2.38855e-04  |grad|=1.156e-03  (237.4s)
[08:27:45]   [qcbm_iat_b1 seed  2] ep  100/300  MMD^2=5.99750e-04  |grad|=1.768e-04  (245.4s)
[08:28:19]   [qcbm_iat_b1 seed  0] ep  100/300  MMD^2=3.31011e-04  |grad|=1.952e-04  (279.3s)
[08:28:20]   [qcbm_iat_b1 seed 15] ep  100/300  MMD^2=4.58676e-04  |grad|=2.113e-04  (280.3s)
[08:28:21]   [qcbm_iat_b1 seed  5] ep  100/300  MMD^2=4.38168e-02  |grad|=4.798e-04  (280.7s)
[08:28:21]   [qcbm_iat_b1 seed 11] ep  100/300  MMD^2=1.46761e-03  |grad|=4.289e-03  (280.8s)
[08:28:21]   [qcbm_iat_b1 seed  8] ep  100/300  MMD^2=2.64995e-04  |grad|=2.439e-04  (280.9s)
[08:28:21]   [qcbm_iat_b1 seed  3] ep  100/300  MMD^2=6.11182e-04  |grad|=6.504e-04  (281.0s)
[08:28:21]   [qcbm_iat_b1 seed  6] ep  100/300  MMD^2=4.71798e-04  |grad|=2.412e-04  (281.0s)
[08:28:21]   [qcbm_iat_b1 seed 10] ep  100/300  MMD^2=3.41775e-04  |grad|=2.163e-04  (281.5s)
[08:28:22]   [qcbm_iat_b1 seed  9] ep  100/300  MMD^2=1.92722e-04  |grad|=7.479e-04  (282.2s)
[08:28:25]   [qcbm_iat_b1 seed 14] ep  100/300  MMD^2=3.67389e-04  |grad|=1.230e-04  (285.5s)
[08:28:34]   [qcbm_iat_b1 seed 12] ep  100/300  MMD^2=4.35935e-02  |grad|=4.682e-04  (294.6s)
[08:28:35]   [qcbm_iat_b1 seed  4] ep  100/300  MMD^2=5.06622e-04  |grad|=2.064e-04  (294.8s)
[08:28:40]   [qcbm_iat_b1 seed  7] ep  100/300  MMD^2=4.98325e-04  |grad|=2.488e-04  (300.6s)
[08:28:49]   [qcbm_iat_b1 seed  1] ep  100/300  MMD^2=1.08021e-04  |grad|=1.840e-03  (309.5s)
[08:28:49]   [qcbm_iat_b1 seed 13] ep  100/300  MMD^2=6.36210e-04  |grad|=1.660e-04  (309.5s)
[08:28:54]   [qcbm_iat_b1 seed  2] ep  125/300  MMD^2=5.68439e-04  |grad|=9.257e-05  (313.9s)
[08:29:28]   [qcbm_iat_b1 seed  0] ep  125/300  MMD^2=3.06994e-04  |grad|=5.280e-05  (347.8s)
[08:29:28]   [qcbm_iat_b1 seed 11] ep  125/300  MMD^2=5.87708e-04  |grad|=6.271e-04  (348.6s)
[08:29:29]   [qcbm_iat_b1 seed 15] ep  125/300  MMD^2=4.04967e-04  |grad|=8.076e-05  (349.4s)
[08:29:30]   [qcbm_iat_b1 seed  8] ep  125/300  MMD^2=2.49969e-04  |grad|=7.541e-05  (350.2s)
[08:29:30]   [qcbm_iat_b1 seed  3] ep  125/300  MMD^2=5.26430e-04  |grad|=2.065e-04  (350.2s)
[08:29:30]   [qcbm_iat_b1 seed 10] ep  125/300  MMD^2=3.26481e-04  |grad|=6.025e-05  (350.4s)
[08:29:31]   [qcbm_iat_b1 seed  5] ep  125/300  MMD^2=4.35985e-02  |grad|=2.343e-04  (351.1s)
[08:29:31]   [qcbm_iat_b1 seed  9] ep  125/300  MMD^2=1.38035e-04  |grad|=1.810e-04  (351.5s)
[08:29:34]   [qcbm_iat_b1 seed 14] ep  125/300  MMD^2=3.49013e-04  |grad|=7.488e-05  (354.5s)
[08:29:40]   [qcbm_iat_b1 seed  6] ep  125/300  MMD^2=2.46629e-04  |grad|=1.860e-04  (359.9s)
[08:29:43]   [qcbm_iat_b1 seed  2] ep  150/300  MMD^2=5.59186e-04  |grad|=4.558e-05  (363.0s)
[08:29:47]   [qcbm_iat_b1 seed 12] ep  125/300  MMD^2=4.30739e-02  |grad|=6.070e-04  (366.9s)
[08:29:47]   [qcbm_iat_b1 seed  4] ep  125/300  MMD^2=4.87684e-04  |grad|=6.017e-05  (367.5s)
[08:29:50]   [qcbm_iat_b1 seed  7] ep  125/300  MMD^2=4.46100e-04  |grad|=9.808e-05  (369.8s)
[08:30:13]   [qcbm_iat_b1 seed 13] ep  125/300  MMD^2=6.21026e-04  |grad|=7.096e-05  (393.7s)
[08:30:15]   [qcbm_iat_b1 seed  1] ep  125/300  MMD^2=6.98085e-05  |grad|=9.215e-05  (395.1s)
[08:30:36]   [qcbm_iat_b1 seed  0] ep  150/300  MMD^2=3.04047e-04  |grad|=2.166e-05  (416.2s)
[08:30:38]   [qcbm_iat_b1 seed 11] ep  150/300  MMD^2=4.52715e-04  |grad|=2.375e-04  (418.4s)
[08:30:39]   [qcbm_iat_b1 seed 15] ep  150/300  MMD^2=3.98655e-04  |grad|=2.542e-05  (419.1s)
[08:30:39]   [qcbm_iat_b1 seed 10] ep  150/300  MMD^2=3.21168e-04  |grad|=2.787e-05  (419.6s)
[08:30:40]   [qcbm_iat_b1 seed  3] ep  150/300  MMD^2=4.92175e-04  |grad|=9.295e-05  (420.0s)
[08:30:40]   [qcbm_iat_b1 seed  8] ep  150/300  MMD^2=2.43928e-04  |grad|=3.096e-05  (420.3s)
[08:30:41]   [qcbm_iat_b1 seed 14] ep  150/300  MMD^2=2.80662e-04  |grad|=1.909e-04  (421.1s)
[08:30:41]   [qcbm_iat_b1 seed  5] ep  150/300  MMD^2=4.33945e-02  |grad|=3.246e-04  (421.4s)
[08:30:41]   [qcbm_iat_b1 seed  9] ep  150/300  MMD^2=1.14065e-04  |grad|=6.976e-05  (421.5s)
[08:30:45]   [qcbm_iat_b1 seed  2] ep  175/300  MMD^2=5.54636e-04  |grad|=3.317e-05  (425.3s)
[08:30:53]   [qcbm_iat_b1 seed  6] ep  150/300  MMD^2=2.15655e-04  |grad|=6.357e-05  (433.6s)
[08:30:58]   [qcbm_iat_b1 seed  7] ep  150/300  MMD^2=4.21929e-04  |grad|=9.549e-05  (438.6s)
[08:30:59]   [qcbm_iat_b1 seed 12] ep  150/300  MMD^2=3.45661e-02  |grad|=4.940e-03  (439.6s)
[08:31:00]   [qcbm_iat_b1 seed  4] ep  150/300  MMD^2=4.83225e-04  |grad|=2.915e-05  (440.3s)
[08:31:27]   [qcbm_iat_b1 seed 13] ep  150/300  MMD^2=6.05136e-04  |grad|=6.310e-05  (466.8s)
[08:31:28]   [qcbm_iat_b1 seed  1] ep  150/300  MMD^2=5.69235e-05  |grad|=1.537e-04  (468.1s)
[08:31:45]   [qcbm_iat_b1 seed  0] ep  175/300  MMD^2=3.02843e-04  |grad|=1.162e-05  (484.7s)
[08:31:47]   [qcbm_iat_b1 seed 11] ep  175/300  MMD^2=4.12077e-04  |grad|=8.697e-05  (486.9s)
[08:31:47]   [qcbm_iat_b1 seed 15] ep  175/300  MMD^2=3.96930e-04  |grad|=1.918e-05  (487.5s)
[08:31:48]   [qcbm_iat_b1 seed 10] ep  175/300  MMD^2=3.18162e-04  |grad|=1.978e-05  (488.3s)
[08:31:48]   [qcbm_iat_b1 seed  3] ep  175/300  MMD^2=4.69636e-04  |grad|=5.207e-05  (488.7s)
[08:31:49]   [qcbm_iat_b1 seed  8] ep  175/300  MMD^2=2.36667e-04  |grad|=2.667e-05  (489.3s)
[08:31:49]   [qcbm_iat_b1 seed 14] ep  175/300  MMD^2=2.07228e-04  |grad|=8.067e-05  (489.5s)
[08:31:50]   [qcbm_iat_b1 seed  5] ep  175/300  MMD^2=4.27281e-02  |grad|=5.297e-04  (490.3s)
[08:31:50]   [qcbm_iat_b1 seed  9] ep  175/300  MMD^2=1.06813e-04  |grad|=3.350e-05  (490.4s)
[08:31:53]   [qcbm_iat_b1 seed  2] ep  200/300  MMD^2=5.49495e-04  |grad|=3.946e-05  (493.3s)
[08:32:01]   [qcbm_iat_b1 seed  6] ep  175/300  MMD^2=2.00303e-04  |grad|=7.945e-05  (501.3s)
[08:32:05]   [qcbm_iat_b1 seed  7] ep  175/300  MMD^2=3.79592e-04  |grad|=1.463e-04  (505.3s)
[08:32:13]   [qcbm_iat_b1 seed 12] ep  175/300  MMD^2=3.01013e-03  |grad|=1.013e-02  (512.8s)
[08:32:13]   [qcbm_iat_b1 seed  4] ep  175/300  MMD^2=4.79947e-04  |grad|=2.245e-05  (513.5s)
[08:32:40]   [qcbm_iat_b1 seed 13] ep  175/300  MMD^2=5.90438e-04  |grad|=5.518e-05  (540.1s)
[08:32:41]   [qcbm_iat_b1 seed  1] ep  175/300  MMD^2=4.66576e-05  |grad|=2.975e-04  (541.1s)
[08:32:52]   [qcbm_iat_b1 seed  0] ep  200/300  MMD^2=3.02278e-04  |grad|=8.187e-06  (552.1s)
[08:32:55]   [qcbm_iat_b1 seed 15] ep  200/300  MMD^2=3.94769e-04  |grad|=2.236e-05  (555.3s)
[08:32:55]   [qcbm_iat_b1 seed 11] ep  200/300  MMD^2=3.97752e-04  |grad|=3.519e-05  (555.4s)
[08:32:56]   [qcbm_iat_b1 seed  8] ep  200/300  MMD^2=2.28565e-04  |grad|=2.069e-05  (556.1s)
[08:32:56]   [qcbm_iat_b1 seed 10] ep  200/300  MMD^2=3.16188e-04  |grad|=1.626e-05  (556.2s)
[08:32:56]   [qcbm_iat_b1 seed  3] ep  200/300  MMD^2=4.58709e-04  |grad|=3.868e-05  (556.5s)
[08:32:57]   [qcbm_iat_b1 seed  5] ep  200/300  MMD^2=4.21463e-02  |grad|=3.599e-04  (557.6s)
[08:32:57]   [qcbm_iat_b1 seed 14] ep  200/300  MMD^2=1.97211e-04  |grad|=2.749e-05  (557.7s)
[08:32:59]   [qcbm_iat_b1 seed  9] ep  200/300  MMD^2=1.03597e-04  |grad|=2.354e-05  (559.1s)
[08:33:00]   [qcbm_iat_b1 seed  2] ep  225/300  MMD^2=5.39121e-04  |grad|=6.127e-05  (560.0s)
[08:33:08]   [qcbm_iat_b1 seed  6] ep  200/300  MMD^2=1.59784e-04  |grad|=1.343e-04  (568.4s)
[08:33:12]   [qcbm_iat_b1 seed  7] ep  200/300  MMD^2=2.81891e-04  |grad|=1.778e-04  (572.4s)
[08:33:25]   [qcbm_iat_b1 seed 12] ep  200/300  MMD^2=4.20571e-04  |grad|=1.143e-03  (585.7s)
[08:33:26]   [qcbm_iat_b1 seed  4] ep  200/300  MMD^2=4.77154e-04  |grad|=2.089e-05  (586.5s)
[08:33:53]   [qcbm_iat_b1 seed 13] ep  200/300  MMD^2=5.78061e-04  |grad|=5.172e-05  (612.9s)
[08:33:53]   [qcbm_iat_b1 seed  1] ep  200/300  MMD^2=6.81773e-05  |grad|=2.646e-03  (613.7s)
[08:33:59]   [qcbm_iat_b1 seed  0] ep  225/300  MMD^2=3.01922e-04  |grad|=6.283e-06  (619.3s)
[08:34:03]   [qcbm_iat_b1 seed 11] ep  225/300  MMD^2=3.93387e-04  |grad|=2.274e-05  (623.2s)
[08:34:03]   [qcbm_iat_b1 seed  8] ep  225/300  MMD^2=2.25002e-04  |grad|=1.547e-05  (623.3s)
[08:34:03]   [qcbm_iat_b1 seed 15] ep  225/300  MMD^2=3.87514e-04  |grad|=5.357e-05  (623.3s)
[08:34:04]   [qcbm_iat_b1 seed  3] ep  225/300  MMD^2=4.52597e-04  |grad|=2.601e-05  (623.9s)
[08:34:04]   [qcbm_iat_b1 seed 10] ep  225/300  MMD^2=3.14668e-04  |grad|=1.579e-05  (624.0s)
[08:34:05]   [qcbm_iat_b1 seed  5] ep  225/300  MMD^2=4.20076e-02  |grad|=1.670e-04  (625.1s)
[08:34:05]   [qcbm_iat_b1 seed 14] ep  225/300  MMD^2=1.95148e-04  |grad|=1.362e-05  (625.6s)
[08:34:07]   [qcbm_iat_b1 seed  2] ep  250/300  MMD^2=5.07783e-04  |grad|=1.019e-04  (627.0s)
[08:34:07]   [qcbm_iat_b1 seed  9] ep  225/300  MMD^2=1.01077e-04  |grad|=2.006e-05  (627.7s)
[08:34:15]   [qcbm_iat_b1 seed  6] ep  225/300  MMD^2=1.06483e-04  |grad|=6.887e-05  (635.6s)
[08:34:18]   [qcbm_iat_b1 seed  7] ep  225/300  MMD^2=2.20079e-04  |grad|=6.861e-05  (638.7s)
[08:34:38]   [qcbm_iat_b1 seed 12] ep  225/300  MMD^2=2.29456e-04  |grad|=2.395e-04  (658.4s)
[08:34:39]   [qcbm_iat_b1 seed  4] ep  225/300  MMD^2=4.74398e-04  |grad|=2.265e-05  (659.4s)
[08:35:06]   [qcbm_iat_b1 seed  0] ep  250/300  MMD^2=3.01664e-04  |grad|=5.245e-06  (686.0s)
[08:35:06]   [qcbm_iat_b1 seed 13] ep  225/300  MMD^2=5.64942e-04  |grad|=5.381e-05  (686.3s)
[08:35:07]   [qcbm_iat_b1 seed  1] ep  225/300  MMD^2=4.74081e-05  |grad|=6.217e-04  (687.1s)
[08:35:10]   [qcbm_iat_b1 seed  8] ep  250/300  MMD^2=2.23026e-04  |grad|=1.145e-05  (690.6s)
[08:35:11]   [qcbm_iat_b1 seed 10] ep  250/300  MMD^2=3.12771e-04  |grad|=2.436e-05  (691.1s)
[08:35:11]   [qcbm_iat_b1 seed 15] ep  250/300  MMD^2=3.07745e-04  |grad|=1.709e-04  (691.3s)
[08:35:11]   [qcbm_iat_b1 seed 11] ep  250/300  MMD^2=3.90878e-04  |grad|=1.783e-05  (691.5s)
[08:35:11]   [qcbm_iat_b1 seed  3] ep  250/300  MMD^2=4.49058e-04  |grad|=2.495e-05  (691.6s)
[08:35:13]   [qcbm_iat_b1 seed 14] ep  250/300  MMD^2=1.94301e-04  |grad|=9.699e-06  (692.8s)
[08:35:14]   [qcbm_iat_b1 seed  2] ep  275/300  MMD^2=4.55707e-04  |grad|=8.079e-05  (693.8s)
[08:35:15]   [qcbm_iat_b1 seed  9] ep  250/300  MMD^2=9.87588e-05  |grad|=1.825e-05  (695.0s)
[08:35:16]   [qcbm_iat_b1 seed  5] ep  250/300  MMD^2=4.19646e-02  |grad|=8.897e-05  (695.9s)
[08:35:18]   [qcbm_iat_b1 seed  6] ep  250/300  MMD^2=9.45803e-05  |grad|=3.663e-05  (698.6s)
[08:35:26]   [qcbm_iat_b1 seed  7] ep  250/300  MMD^2=2.05065e-04  |grad|=4.589e-05  (705.9s)
[08:35:51]   [qcbm_iat_b1 seed 12] ep  250/300  MMD^2=2.12116e-04  |grad|=7.029e-05  (731.4s)
[08:35:52]   [qcbm_iat_b1 seed  4] ep  250/300  MMD^2=4.71021e-04  |grad|=2.464e-05  (732.4s)
[08:36:13]   [qcbm_iat_b1 seed  0] ep  275/300  MMD^2=3.01454e-04  |grad|=4.599e-06  (752.8s)
[08:36:18]   [qcbm_iat_b1 seed  8] ep  275/300  MMD^2=2.21982e-04  |grad|=9.011e-06  (758.3s)
[08:36:18]   [qcbm_iat_b1 seed  2] ep  299/300  MMD^2=4.17948e-04  |grad|=9.241e-05  (758.4s)
[08:36:18]   [qcbm_iat_b1 seed 10] ep  275/300  MMD^2=3.03698e-04  |grad|=7.567e-05  (758.4s)
[08:36:18]   [qcbm_iat_b1 seed  2] 완료 MMD^2=4.1795e-04 TV=0.0850 |grad|_fin=9.241e-05 (758.4s)
[08:36:19]   [qcbm_iat_b1 seed  3] ep  275/300  MMD^2=4.44940e-04  |grad|=3.292e-05  (759.0s)
[08:36:19]   [qcbm_iat_b1 seed 15] ep  275/300  MMD^2=1.45790e-04  |grad|=8.506e-05  (759.1s)
[08:36:19]   [qcbm_iat_b1 seed 11] ep  275/300  MMD^2=3.89169e-04  |grad|=1.495e-05  (759.4s)
[08:36:20]   [qcbm_iat_b1 seed 13] ep  250/300  MMD^2=5.49808e-04  |grad|=4.604e-05  (759.7s)
[08:36:21]   [qcbm_iat_b1 seed  9] ep  275/300  MMD^2=9.62761e-05  |grad|=1.861e-05  (760.8s)
[08:36:21]   [qcbm_iat_b1 seed 14] ep  275/300  MMD^2=1.93719e-04  |grad|=8.868e-06  (760.8s)
[08:36:21]   [qcbm_iat_b1 seed  6] ep  275/300  MMD^2=8.95851e-05  |grad|=2.830e-05  (761.6s)
[08:36:24]   [qcbm_iat_b1 seed  1] ep  250/300  MMD^2=4.30569e-05  |grad|=3.028e-04  (764.1s)
[08:36:30]   [qcbm_iat_b1 seed  5] ep  275/300  MMD^2=4.19454e-02  |grad|=4.461e-05  (770.5s)
[08:36:32]   [qcbm_iat_b1 seed  7] ep  275/300  MMD^2=1.91500e-04  |grad|=4.677e-05  (772.5s)
[08:36:59]   [qcbm_iat_b1 seed  9] ep  299/300  MMD^2=9.35520e-05  |grad|=1.989e-05  (799.0s)
[08:36:59]   [qcbm_iat_b1 seed  9] 완료 MMD^2=9.3552e-05 TV=0.0598 |grad|_fin=1.989e-05 (799.1s)
[08:37:04]   [qcbm_iat_b1 seed 12] ep  275/300  MMD^2=2.06057e-04  |grad|=3.249e-05  (804.0s)
[08:37:05]   [qcbm_iat_b1 seed  4] ep  275/300  MMD^2=4.66510e-04  |grad|=3.031e-05  (804.9s)
[08:37:06]   [qcbm_iat_b1 seed  3] ep  299/300  MMD^2=4.38785e-04  |grad|=3.968e-05  (806.7s)
[08:37:06]   [qcbm_iat_b1 seed  3] 완료 MMD^2=4.3879e-04 TV=0.0890 |grad|_fin=3.968e-05 (806.7s)
[08:37:13]   [qcbm_iat_b1 seed 14] ep  299/300  MMD^2=1.93201e-04  |grad|=8.838e-06  (813.2s)
[08:37:13]   [qcbm_iat_b1 seed 14] 완료 MMD^2=1.9320e-04 TV=0.0841 |grad|_fin=8.838e-06 (813.2s)
[08:37:15]   [qcbm_iat_b1 seed  8] ep  299/300  MMD^2=2.21383e-04  |grad|=7.477e-06  (815.6s)
[08:37:15]   [qcbm_iat_b1 seed  8] 완료 MMD^2=2.2138e-04 TV=0.0799 |grad|_fin=7.477e-06 (815.6s)
[08:37:16]   [qcbm_iat_b1 seed 15] ep  299/300  MMD^2=1.38250e-04  |grad|=3.773e-05  (816.2s)
[08:37:16]   [qcbm_iat_b1 seed 15] 완료 MMD^2=1.3825e-04 TV=0.0653 |grad|_fin=3.773e-05 (816.2s)
[08:37:16]   [qcbm_iat_b1 seed  0] ep  299/300  MMD^2=3.01278e-04  |grad|=4.199e-06  (816.5s)
[08:37:16]   [qcbm_iat_b1 seed  0] 완료 MMD^2=3.0128e-04 TV=0.0633 |grad|_fin=4.199e-06 (816.6s)
[08:37:19]   [qcbm_iat_b1 seed 10] ep  299/300  MMD^2=2.76093e-04  |grad|=5.123e-05  (819.7s)
[08:37:19]   [qcbm_iat_b1 seed 10] 완료 MMD^2=2.7609e-04 TV=0.0718 |grad|_fin=5.123e-05 (819.7s)
[08:37:20]   [qcbm_iat_b1 seed  6] ep  299/300  MMD^2=8.64155e-05  |grad|=2.325e-05  (820.1s)
[08:37:20]   [qcbm_iat_b1 seed  6] 완료 MMD^2=8.6416e-05 TV=0.0492 |grad|_fin=2.325e-05 (820.1s)
[08:37:20]   [qcbm_iat_b1 seed 11] ep  299/300  MMD^2=3.87955e-04  |grad|=1.281e-05  (820.3s)
[08:37:20]   [qcbm_iat_b1 seed 11] 완료 MMD^2=3.8796e-04 TV=0.0842 |grad|_fin=1.281e-05 (820.3s)
[08:37:20]   [qcbm_iat_b1 seed 13] ep  275/300  MMD^2=5.38117e-04  |grad|=4.161e-05  (820.5s)
[08:37:26]   [qcbm_iat_b1 seed  7] ep  299/300  MMD^2=1.79205e-04  |grad|=3.797e-05  (826.7s)
[08:37:27]   [qcbm_iat_b1 seed  7] 완료 MMD^2=1.7920e-04 TV=0.0596 |grad|_fin=3.797e-05 (826.7s)
[08:37:36]   [qcbm_iat_b1 seed  1] ep  275/300  MMD^2=3.95332e-05  |grad|=9.170e-05  (836.1s)
[08:37:38]   [qcbm_iat_b1 seed  5] ep  299/300  MMD^2=4.19319e-02  |grad|=4.853e-05  (838.6s)
[08:37:38]   [qcbm_iat_b1 seed  5] 완료 MMD^2=4.1932e-02 TV=0.6817 |grad|_fin=4.853e-05 (838.6s)
[08:37:53]   [qcbm_iat_b1 seed 13] ep  299/300  MMD^2=5.15480e-04  |grad|=1.067e-04  (852.9s)
[08:37:53]   [qcbm_iat_b1 seed 13] 완료 MMD^2=5.1548e-04 TV=0.0896 |grad|_fin=1.067e-04 (852.9s)
[08:37:56]   [qcbm_iat_b1 seed 12] ep  299/300  MMD^2=2.01355e-04  |grad|=2.828e-05  (856.5s)
[08:37:56]   [qcbm_iat_b1 seed 12] 완료 MMD^2=2.0136e-04 TV=0.0786 |grad|_fin=2.828e-05 (856.5s)
[08:38:03]   [qcbm_iat_b1 seed  4] ep  299/300  MMD^2=4.58452e-04  |grad|=4.819e-05  (862.9s)
[08:38:03]   [qcbm_iat_b1 seed  4] 완료 MMD^2=4.5845e-04 TV=0.0803 |grad|_fin=4.819e-05 (863.0s)
[08:38:18]   [qcbm_iat_b1 seed  1] ep  299/300  MMD^2=3.67627e-05  |grad|=6.559e-05  (878.5s)
[08:38:18]   [qcbm_iat_b1 seed  1] 완료 MMD^2=3.6763e-05 TV=0.0369 |grad|_fin=6.559e-05 (878.5s)
[08:38:18] [qcbm_iat_b1] 완료: best MMD^2=3.6763e-05 TV=0.0369 KL=0.0383 | 중앙값MMD^2=2.4874e-04 | 수렴~268 ep | wall=878.8s
[08:38:18] [qcbm_iat_b1] gradient-norm(중앙값): 초기=1.943e-02 -> 최종=3.785e-05 (바렌플래토 진단)
[08:38:18] [full] 완료 wall=878.9s (0.24h) | best MMD^2=3.6763e-05 TV=0.0369 수렴~268ep grad 1.94e-02->3.78e-05
[08:38:19] [qcbm_iat_b1 이상탐지] AUC=0.8811 | mean p(x): benign=1.603e-02 vs attack=3.831e-03 (배율 4.18x)
[08:38:19] [qcbm_iat_b1 이상탐지] mean log p(x): benign=-4.185 vs attack=-10.159 (격차 5.974) | Youden J=0.759
[08:38:19] ================================================================================
[08:38:19] [핵심 비교] HOIC 이상탐지 AUC (s=-log p, attack=positive, raw MWU)
[08:38:19]   marginal(CMC 방식, 기준선)            AUC=0.8726 Youden J=0.7558 logp격차=3.876
[08:38:19]   emp_joint(상한)                    AUC=0.8856 Youden J=0.7605 logp격차=4.885
[08:38:19]   QCBM 10q L=6 (우리 모델)             AUC=0.8811 Youden J=0.7593 logp격차=5.974
[08:38:19]   => QCBM > marginal(0.8726)? 예 | emp_joint(0.8856) 근접도=99.5%
[08:38:22] 그림 저장: train_qcbm_iat_b1.png, dist_qcbm_iat_b1.png, anomaly_qcbm_iat_b1.png
[08:38:22] 저장: results2/qcbm_iat_b1.json
[08:38:22] DONE
