[15:03:00] ##############################################################################
[15:03:00] Bot QCBM(MMD) 본 학습 — restart 체크포인트 복원 (NWORKERS=4, RESTARTS=16, ckpt=results2/bot_ckpt)
[15:03:00] ##############################################################################
[15:03:00] CSV 로드: data/cic_bot_0203.csv
[15:03:03] dropna 제거=0 | benign=762384  bot=286191
[15:03:04] Bot 인코딩: 점유 361/4096 (8.81%) | benign train=533668 test=228716 attack=286191
[15:03:04] [emp_joint 이상탐지] AUC=0.8749 | mean p(x): benign=3.354e-02 vs attack=4.861e-03 (배율 6.90x)
[15:03:04] [emp_joint 이상탐지] mean log p(x): benign=-3.956 vs attack=-6.778 (격차 2.822) | Youden J=0.750
[15:03:04] [marginal 이상탐지] AUC=0.2870 | mean p(x): benign=1.689e-03 vs attack=2.658e-03 (배율 0.64x)
[15:03:04] [marginal 이상탐지] mean log p(x): benign=-6.869 vs attack=-6.199 (격차 -0.670) | Youden J=0.029
[15:03:04] [정합검증] emp_joint AUC=0.8749 (기준 0.8749) | marginal AUC=0.2870 (기준 0.2870)
[15:03:04] [정합검증] OK — Bot 인코딩이 복잡도 진단과 일치.
[15:03:04] [재개 스캔] 완료=0 [] | 남은 restart=16 [0, 1, 2, 3, 4, 5, 6, 7, 8, 9, 10, 11, 12, 13, 14, 15]
[15:03:04] [decision] 기존 결정 사용: EPOCHS=300 (results2/bot_ckpt/decision.json)
[15:03:06] MMD 커널 build_kernel(12) 준비 완료.
[15:03:06] ==============================================================================
[15:03:06] [full] 남은 16 restart 학습 시작 (EPOCHS=300, L=6, NWORKERS=4, 완료마다 ckpt저장)
[15:03:08]   [qcbm_bot seed  0] ep    0/300  MMD^2=6.24375e-02  |grad|=5.727e-03  (2.0s)
[15:03:09]   [qcbm_bot seed  1] ep    0/300  MMD^2=6.46181e-02  |grad|=5.491e-03  (2.3s)
[15:03:09]   [qcbm_bot seed  2] ep    0/300  MMD^2=6.30526e-02  |grad|=5.864e-03  (2.3s)
[15:03:09]   [qcbm_bot seed  3] ep    0/300  MMD^2=6.30475e-02  |grad|=6.825e-03  (2.4s)
[15:04:44]   [qcbm_bot seed  0] ep   50/300  MMD^2=1.99177e-02  |grad|=3.341e-03  (97.5s)
[15:04:46]   [qcbm_bot seed  1] ep   50/300  MMD^2=1.59240e-02  |grad|=3.871e-03  (99.2s)
[15:04:46]   [qcbm_bot seed  2] ep   50/300  MMD^2=1.99423e-02  |grad|=3.001e-03  (99.2s)
[15:04:46]   [qcbm_bot seed  3] ep   50/300  MMD^2=1.36045e-02  |grad|=2.360e-03  (99.2s)
[15:06:20]   [qcbm_bot seed  0] ep  100/300  MMD^2=1.01011e-02  |grad|=1.715e-03  (193.3s)
[15:06:22]   [qcbm_bot seed  2] ep  100/300  MMD^2=1.51617e-02  |grad|=8.151e-04  (195.1s)
[15:06:22]   [qcbm_bot seed  3] ep  100/300  MMD^2=1.20127e-02  |grad|=3.223e-04  (195.8s)
[15:06:23]   [qcbm_bot seed  1] ep  100/300  MMD^2=1.28799e-02  |grad|=4.803e-04  (196.5s)
[15:07:55]   [qcbm_bot seed  0] ep  150/300  MMD^2=8.32123e-03  |grad|=2.722e-04  (288.5s)
[15:07:58]   [qcbm_bot seed  3] ep  150/300  MMD^2=1.18900e-02  |grad|=4.955e-05  (291.8s)
[15:08:00]   [qcbm_bot seed  2] ep  150/300  MMD^2=1.44454e-02  |grad|=1.853e-04  (293.6s)
[15:08:02]   [qcbm_bot seed  1] ep  150/300  MMD^2=1.20170e-02  |grad|=3.416e-04  (295.5s)
[15:09:30]   [qcbm_bot seed  0] ep  200/300  MMD^2=7.92297e-03  |grad|=2.704e-04  (383.9s)
[15:09:35]   [qcbm_bot seed  3] ep  200/300  MMD^2=1.18529e-02  |grad|=1.521e-05  (388.4s)
[15:09:38]   [qcbm_bot seed  2] ep  200/300  MMD^2=1.39257e-02  |grad|=1.772e-04  (391.8s)
[15:09:40]   [qcbm_bot seed  1] ep  200/300  MMD^2=1.14462e-02  |grad|=7.809e-05  (393.2s)
[15:11:06]   [qcbm_bot seed  0] ep  250/300  MMD^2=7.67691e-03  |grad|=4.417e-05  (479.1s)
[15:11:11]   [qcbm_bot seed  3] ep  250/300  MMD^2=1.18483e-02  |grad|=1.057e-05  (484.5s)
[15:11:16]   [qcbm_bot seed  2] ep  250/300  MMD^2=1.31212e-02  |grad|=3.417e-04  (489.5s)
[15:11:17]   [qcbm_bot seed  1] ep  250/300  MMD^2=1.15487e-02  |grad|=3.513e-03  (490.5s)
[15:12:39]   [qcbm_bot seed  0] ep  299/300  MMD^2=7.64081e-03  |grad|=1.989e-05  (572.2s)
[15:12:39]   [qcbm_bot seed  0] 완료 MMD^2=7.6408e-03 TV=0.5788 |grad|_fin=1.989e-05 (572.3s)
[15:12:39] [qcbm_bot_s0 이상탐지] AUC=0.6125 | mean p(x): benign=1.624e-02 vs attack=9.759e-03 (배율 1.66x)
[15:12:39] [qcbm_bot_s0 이상탐지] mean log p(x): benign=-5.664 vs attack=-6.542 (격차 0.878) | Youden J=0.380
[15:12:39] [ckpt] seed=0 저장 ✓ AUC=0.6125 MMD²=7.6408e-03 TV=0.5788 | 진행 1/16 (573s)
[15:12:41]   [qcbm_bot seed  4] ep    0/300  MMD^2=6.42531e-02  |grad|=6.331e-03  (1.8s)
[15:12:45]   [qcbm_bot seed  3] ep  299/300  MMD^2=1.18437e-02  |grad|=1.303e-05  (578.5s)
[15:12:45]   [qcbm_bot seed  3] 완료 MMD^2=1.1844e-02 TV=0.6966 |grad|_fin=1.303e-05 (578.5s)
[15:12:45] [qcbm_bot_s3 이상탐지] AUC=0.6138 | mean p(x): benign=1.125e-02 vs attack=2.728e-03 (배율 4.12x)
[15:12:45] [qcbm_bot_s3 이상탐지] mean log p(x): benign=-6.100 vs attack=-6.780 (격차 0.680) | Youden J=0.385
[15:12:45] [ckpt] seed=3 저장 ✓ AUC=0.6138 MMD²=1.1844e-02 TV=0.6966 | 진행 2/16 (579s)
[15:12:47]   [qcbm_bot seed  5] ep    0/300  MMD^2=6.50281e-02  |grad|=5.652e-03  (1.8s)
[15:12:51]   [qcbm_bot seed  2] ep  299/300  MMD^2=1.17676e-02  |grad|=2.089e-04  (585.0s)
[15:12:51]   [qcbm_bot seed  2] 완료 MMD^2=1.1768e-02 TV=0.6975 |grad|_fin=2.089e-04 (585.0s)
[15:12:52] [qcbm_bot_s2 이상탐지] AUC=0.6198 | mean p(x): benign=1.268e-02 vs attack=3.168e-03 (배율 4.00x)
[15:12:52] [qcbm_bot_s2 이상탐지] mean log p(x): benign=-5.953 vs attack=-6.552 (격차 0.599) | Youden J=0.449
[15:12:52] [ckpt] seed=2 저장 ✓ AUC=0.6198 MMD²=1.1768e-02 TV=0.6975 | 진행 3/16 (585s)
[15:12:52]   [qcbm_bot seed  1] ep  299/300  MMD^2=1.14151e-02  |grad|=1.810e-04  (585.4s)
[15:12:52]   [qcbm_bot seed  1] 완료 MMD^2=1.1415e-02 TV=0.6825 |grad|_fin=1.810e-04 (585.4s)
[15:12:52] [qcbm_bot_s1 이상탐지] AUC=0.6349 | mean p(x): benign=1.173e-02 vs attack=4.635e-03 (배율 2.53x)
[15:12:52] [qcbm_bot_s1 이상탐지] mean log p(x): benign=-5.843 vs attack=-7.095 (격차 1.252) | Youden J=0.392
[15:12:52] [ckpt] seed=1 저장 ✓ AUC=0.6349 MMD²=1.1415e-02 TV=0.6825 | 진행 4/16 (586s)
[15:12:53]   [qcbm_bot seed  6] ep    0/300  MMD^2=6.35820e-02  |grad|=6.246e-03  (1.9s)
[15:12:54]   [qcbm_bot seed  7] ep    0/300  MMD^2=6.27090e-02  |grad|=6.018e-03  (1.9s)
[15:14:16]   [qcbm_bot seed  4] ep   50/300  MMD^2=1.89187e-02  |grad|=3.354e-03  (97.1s)
[15:14:23]   [qcbm_bot seed  5] ep   50/300  MMD^2=1.87962e-02  |grad|=3.556e-03  (97.7s)
[15:14:31]   [qcbm_bot seed  7] ep   50/300  MMD^2=1.99356e-02  |grad|=2.604e-03  (98.7s)
[15:14:31]   [qcbm_bot seed  6] ep   50/300  MMD^2=1.85277e-02  |grad|=3.684e-03  (99.4s)
[15:15:51]   [qcbm_bot seed  4] ep  100/300  MMD^2=1.07949e-02  |grad|=1.147e-03  (192.4s)
[15:15:59]   [qcbm_bot seed  5] ep  100/300  MMD^2=1.36039e-02  |grad|=4.931e-04  (194.0s)
[15:16:07]   [qcbm_bot seed  7] ep  100/300  MMD^2=1.54167e-02  |grad|=1.014e-03  (195.1s)
[15:16:08]   [qcbm_bot seed  6] ep  100/300  MMD^2=1.12084e-02  |grad|=1.616e-03  (196.4s)
[15:17:26]   [qcbm_bot seed  4] ep  150/300  MMD^2=9.29086e-03  |grad|=1.161e-03  (287.3s)
[15:17:35]   [qcbm_bot seed  5] ep  150/300  MMD^2=1.28558e-02  |grad|=1.761e-04  (289.8s)
[15:17:43]   [qcbm_bot seed  7] ep  150/300  MMD^2=1.33103e-02  |grad|=2.656e-04  (291.4s)
[15:17:45]   [qcbm_bot seed  6] ep  150/300  MMD^2=7.20623e-03  |grad|=7.218e-04  (293.3s)
[15:19:01]   [qcbm_bot seed  4] ep  200/300  MMD^2=8.58621e-03  |grad|=4.463e-04  (382.3s)
[15:19:11]   [qcbm_bot seed  5] ep  200/300  MMD^2=1.12438e-02  |grad|=5.856e-04  (385.7s)
[15:19:20]   [qcbm_bot seed  7] ep  200/300  MMD^2=1.22194e-02  |grad|=6.457e-04  (387.8s)
[15:19:22]   [qcbm_bot seed  6] ep  200/300  MMD^2=6.45553e-03  |grad|=1.534e-04  (390.1s)
[15:20:36]   [qcbm_bot seed  4] ep  250/300  MMD^2=6.09871e-03  |grad|=1.134e-03  (477.2s)
[15:20:46]   [qcbm_bot seed  5] ep  250/300  MMD^2=1.10333e-02  |grad|=7.966e-05  (481.5s)
[15:20:56]   [qcbm_bot seed  7] ep  250/300  MMD^2=8.09262e-03  |grad|=2.777e-03  (484.1s)
[15:20:59]   [qcbm_bot seed  6] ep  250/300  MMD^2=6.31248e-03  |grad|=5.035e-05  (487.1s)
[15:22:09]   [qcbm_bot seed  4] ep  299/300  MMD^2=6.03306e-03  |grad|=8.097e-05  (570.4s)
[15:22:09]   [qcbm_bot seed  4] 완료 MMD^2=6.0331e-03 TV=0.5362 |grad|_fin=8.097e-05 (570.4s)
[15:22:09] [qcbm_bot_s4 이상탐지] AUC=0.5235 | mean p(x): benign=1.965e-02 vs attack=1.406e-02 (배율 1.40x)
[15:22:09] [qcbm_bot_s4 이상탐지] mean log p(x): benign=-5.773 vs attack=-5.600 (격차 -0.173) | Youden J=0.293
[15:22:09] [ckpt] seed=4 저장 ✓ AUC=0.5235 MMD²=6.0331e-03 TV=0.5362 | 진행 5/16 (1143s)
[15:22:11]   [qcbm_bot seed  8] ep    0/300  MMD^2=6.30062e-02  |grad|=6.907e-03  (1.9s)
[15:22:20]   [qcbm_bot seed  5] ep  299/300  MMD^2=1.01556e-02  |grad|=5.443e-04  (575.4s)
[15:22:20]   [qcbm_bot seed  5] 완료 MMD^2=1.0156e-02 TV=0.6571 |grad|_fin=5.443e-04 (575.5s)
[15:22:21] [qcbm_bot_s5 이상탐지] AUC=0.7359 | mean p(x): benign=1.339e-02 vs attack=3.165e-03 (배율 4.23x)
[15:22:21] [qcbm_bot_s5 이상탐지] mean log p(x): benign=-6.587 vs attack=-10.069 (격차 3.482) | Youden J=0.545
[15:22:21] [ckpt] seed=5 저장 ✓ AUC=0.7359 MMD²=1.0156e-02 TV=0.6571 | 진행 6/16 (1154s)
[15:22:22]   [qcbm_bot seed  9] ep    0/300  MMD^2=6.35268e-02  |grad|=5.413e-03  (2.0s)
[15:22:30]   [qcbm_bot seed  7] ep  299/300  MMD^2=5.57695e-03  |grad|=3.431e-04  (577.9s)
[15:22:30]   [qcbm_bot seed  7] 완료 MMD^2=5.5769e-03 TV=0.4933 |grad|_fin=3.431e-04 (577.9s)
[15:22:30] [qcbm_bot_s7 이상탐지] AUC=0.7458 | mean p(x): benign=2.413e-02 vs attack=3.259e-03 (배율 7.40x)
[15:22:30] [qcbm_bot_s7 이상탐지] mean log p(x): benign=-6.101 vs attack=-9.469 (격차 3.368) | Youden J=0.576
[15:22:30] [ckpt] seed=7 저장 ✓ AUC=0.7458 MMD²=5.5769e-03 TV=0.4933 | 진행 7/16 (1164s)
[15:22:32]   [qcbm_bot seed 10] ep    0/300  MMD^2=6.38013e-02  |grad|=6.589e-03  (1.9s)
[15:22:33]   [qcbm_bot seed  6] ep  299/300  MMD^2=6.23116e-03  |grad|=2.981e-05  (581.7s)
[15:22:33]   [qcbm_bot seed  6] 완료 MMD^2=6.2312e-03 TV=0.5513 |grad|_fin=2.981e-05 (581.7s)
[15:22:33] [qcbm_bot_s6 이상탐지] AUC=0.7059 | mean p(x): benign=2.205e-02 vs attack=4.983e-03 (배율 4.43x)
[15:22:33] [qcbm_bot_s6 이상탐지] mean log p(x): benign=-6.324 vs attack=-8.762 (격차 2.438) | Youden J=0.514
[15:22:33] [ckpt] seed=6 저장 ✓ AUC=0.7059 MMD²=6.2312e-03 TV=0.5513 | 진행 8/16 (1167s)
[15:22:35]   [qcbm_bot seed 11] ep    0/300  MMD^2=6.79262e-02  |grad|=1.058e-02  (2.0s)
[15:23:47]   [qcbm_bot seed  8] ep   50/300  MMD^2=1.55807e-02  |grad|=2.108e-03  (97.6s)
[15:23:59]   [qcbm_bot seed  9] ep   50/300  MMD^2=1.79020e-02  |grad|=2.336e-03  (98.7s)
[15:24:08]   [qcbm_bot seed 10] ep   50/300  MMD^2=1.27268e-02  |grad|=2.527e-03  (98.4s)
[15:24:12]   [qcbm_bot seed 11] ep   50/300  MMD^2=4.62010e-02  |grad|=1.142e-03  (99.0s)
[15:25:22]   [qcbm_bot seed  8] ep  100/300  MMD^2=1.06967e-02  |grad|=8.021e-04  (192.4s)
[15:25:35]   [qcbm_bot seed  9] ep  100/300  MMD^2=1.21830e-02  |grad|=1.082e-03  (194.6s)
[15:25:44]   [qcbm_bot seed 10] ep  100/300  MMD^2=9.19506e-03  |grad|=3.970e-04  (194.3s)
[15:25:49]   [qcbm_bot seed 11] ep  100/300  MMD^2=2.06417e-02  |grad|=3.741e-03  (195.6s)
[15:26:56]   [qcbm_bot seed  8] ep  150/300  MMD^2=1.02525e-02  |grad|=1.108e-04  (287.0s)
[15:27:11]   [qcbm_bot seed  9] ep  150/300  MMD^2=9.19283e-03  |grad|=8.782e-04  (290.3s)
[15:27:20]   [qcbm_bot seed 10] ep  150/300  MMD^2=9.11569e-03  |grad|=4.994e-05  (290.2s)
[15:27:25]   [qcbm_bot seed 11] ep  150/300  MMD^2=1.28121e-02  |grad|=7.322e-04  (292.2s)
[15:28:31]   [qcbm_bot seed  8] ep  200/300  MMD^2=1.01377e-02  |grad|=3.521e-05  (381.6s)
[15:28:46]   [qcbm_bot seed  9] ep  200/300  MMD^2=8.63664e-03  |grad|=1.163e-04  (385.9s)
[15:28:56]   [qcbm_bot seed 10] ep  200/300  MMD^2=9.09011e-03  |grad|=3.269e-05  (386.6s)
[15:29:02]   [qcbm_bot seed 11] ep  200/300  MMD^2=1.10805e-02  |grad|=2.615e-03  (389.3s)
[15:30:05]   [qcbm_bot seed  8] ep  250/300  MMD^2=1.00090e-02  |grad|=9.026e-05  (476.0s)
[15:30:22]   [qcbm_bot seed  9] ep  250/300  MMD^2=8.48041e-03  |grad|=7.149e-05  (481.6s)
[15:30:33]   [qcbm_bot seed 10] ep  250/300  MMD^2=9.07004e-03  |grad|=2.299e-05  (482.8s)
[15:30:39]   [qcbm_bot seed 11] ep  250/300  MMD^2=1.08961e-02  |grad|=1.072e-04  (486.1s)
[15:31:38]   [qcbm_bot seed  8] ep  299/300  MMD^2=9.87609e-03  |grad|=1.764e-03  (568.7s)
[15:31:38]   [qcbm_bot seed  8] 완료 MMD^2=9.8761e-03 TV=0.6237 |grad|_fin=1.764e-03 (568.7s)
[15:31:38] [qcbm_bot_s8 이상탐지] AUC=0.8167 | mean p(x): benign=1.876e-02 vs attack=4.428e-04 (배율 42.37x)
[15:31:38] [qcbm_bot_s8 이상탐지] mean log p(x): benign=-6.310 vs attack=-10.463 (격차 4.152) | Youden J=0.668
[15:31:38] [ckpt] seed=8 저장 ✓ AUC=0.8167 MMD²=9.8761e-03 TV=0.6237 | 진행 9/16 (1712s)
[15:31:40]   [qcbm_bot seed 12] ep    0/300  MMD^2=6.23296e-02  |grad|=6.188e-03  (1.8s)
[15:31:56]   [qcbm_bot seed  9] ep  299/300  MMD^2=8.42759e-03  |grad|=2.452e-05  (575.3s)
[15:31:56]   [qcbm_bot seed  9] 완료 MMD^2=8.4276e-03 TV=0.6224 |grad|_fin=2.452e-05 (575.3s)
[15:31:56] [qcbm_bot_s9 이상탐지] AUC=0.5937 | mean p(x): benign=1.709e-02 vs attack=7.432e-03 (배율 2.30x)
[15:31:56] [qcbm_bot_s9 이상탐지] mean log p(x): benign=-5.887 vs attack=-5.854 (격차 -0.032) | Youden J=0.412
[15:31:56] [ckpt] seed=9 저장 ✓ AUC=0.5937 MMD²=8.4276e-03 TV=0.6224 | 진행 10/16 (1730s)
[15:31:58]   [qcbm_bot seed 13] ep    0/300  MMD^2=6.38274e-02  |grad|=6.526e-03  (1.9s)
[15:32:07]   [qcbm_bot seed 10] ep  299/300  MMD^2=9.06337e-03  |grad|=6.280e-04  (577.1s)
[15:32:07]   [qcbm_bot seed 10] 완료 MMD^2=9.0634e-03 TV=0.6283 |grad|_fin=6.280e-04 (577.1s)
[15:32:07] [qcbm_bot_s10 이상탐지] AUC=0.6557 | mean p(x): benign=1.792e-02 vs attack=9.969e-03 (배율 1.80x)
[15:32:07] [qcbm_bot_s10 이상탐지] mean log p(x): benign=-5.637 vs attack=-7.534 (격차 1.897) | Youden J=0.448
[15:32:07] [ckpt] seed=10 저장 ✓ AUC=0.6557 MMD²=9.0634e-03 TV=0.6283 | 진행 11/16 (1741s)
[15:32:09]   [qcbm_bot seed 14] ep    0/300  MMD^2=6.40843e-02  |grad|=5.795e-03  (1.9s)
[15:32:14]   [qcbm_bot seed 11] ep  299/300  MMD^2=1.07857e-02  |grad|=9.419e-05  (581.3s)
[15:32:14]   [qcbm_bot seed 11] 완료 MMD^2=1.0786e-02 TV=0.6632 |grad|_fin=9.419e-05 (581.3s)
[15:32:15] [qcbm_bot_s11 이상탐지] AUC=0.7259 | mean p(x): benign=1.430e-02 vs attack=2.702e-03 (배율 5.29x)
[15:32:15] [qcbm_bot_s11 이상탐지] mean log p(x): benign=-6.541 vs attack=-9.490 (격차 2.949) | Youden J=0.525
[15:32:15] [ckpt] seed=11 저장 ✓ AUC=0.7259 MMD²=1.0786e-02 TV=0.6632 | 진행 12/16 (1748s)
[15:32:16]   [qcbm_bot seed 15] ep    0/300  MMD^2=6.38902e-02  |grad|=6.017e-03  (1.9s)
[15:33:14]   [qcbm_bot seed 12] ep   50/300  MMD^2=1.48144e-02  |grad|=4.128e-03  (96.2s)
[15:33:33]   [qcbm_bot seed 13] ep   50/300  MMD^2=3.03155e-02  |grad|=4.387e-03  (97.5s)
[15:33:45]   [qcbm_bot seed 14] ep   50/300  MMD^2=2.10570e-02  |grad|=4.316e-03  (98.2s)
[15:33:53]   [qcbm_bot seed 15] ep   50/300  MMD^2=1.62866e-02  |grad|=2.784e-03  (98.9s)
[15:34:48]   [qcbm_bot seed 12] ep  100/300  MMD^2=9.79629e-03  |grad|=5.039e-04  (190.7s)
[15:35:09]   [qcbm_bot seed 13] ep  100/300  MMD^2=1.45649e-02  |grad|=1.217e-03  (193.1s)
[15:35:21]   [qcbm_bot seed 14] ep  100/300  MMD^2=1.32238e-02  |grad|=1.163e-03  (194.0s)
[15:35:30]   [qcbm_bot seed 15] ep  100/300  MMD^2=1.29865e-02  |grad|=5.205e-04  (195.1s)
[15:36:23]   [qcbm_bot seed 12] ep  150/300  MMD^2=8.22823e-03  |grad|=2.646e-04  (285.5s)
[15:36:45]   [qcbm_bot seed 13] ep  150/300  MMD^2=1.26938e-02  |grad|=4.513e-04  (289.0s)
[15:36:57]   [qcbm_bot seed 14] ep  150/300  MMD^2=1.07844e-02  |grad|=3.951e-04  (289.9s)
[15:37:06]   [qcbm_bot seed 15] ep  150/300  MMD^2=1.00101e-02  |grad|=6.641e-04  (291.6s)
[15:37:58]   [qcbm_bot seed 12] ep  200/300  MMD^2=6.66357e-03  |grad|=9.296e-04  (380.1s)
[15:38:21]   [qcbm_bot seed 13] ep  200/300  MMD^2=1.24296e-02  |grad|=4.638e-05  (385.5s)
[15:38:33]   [qcbm_bot seed 14] ep  200/300  MMD^2=1.06703e-02  |grad|=6.196e-05  (386.0s)
[15:38:43]   [qcbm_bot seed 15] ep  200/300  MMD^2=9.63107e-03  |grad|=6.546e-05  (388.2s)
[15:39:35]   [qcbm_bot seed 12] ep  250/300  MMD^2=6.09727e-03  |grad|=1.164e-04  (477.4s)
[15:39:58]   [qcbm_bot seed 13] ep  250/300  MMD^2=1.24218e-02  |grad|=1.095e-05  (481.8s)
[15:40:09]   [qcbm_bot seed 14] ep  250/300  MMD^2=1.05362e-02  |grad|=8.205e-05  (481.8s)
[15:40:19]   [qcbm_bot seed 15] ep  250/300  MMD^2=9.59625e-03  |grad|=2.480e-05  (484.6s)
[15:41:08]   [qcbm_bot seed 12] ep  299/300  MMD^2=6.02125e-03  |grad|=1.654e-05  (570.5s)
[15:41:08]   [qcbm_bot seed 12] 완료 MMD^2=6.0213e-03 TV=0.5400 |grad|_fin=1.654e-05 (570.5s)
[15:41:09] [qcbm_bot_s12 이상탐지] AUC=0.6744 | mean p(x): benign=2.231e-02 vs attack=1.482e-03 (배율 15.05x)
[15:41:09] [qcbm_bot_s12 이상탐지] mean log p(x): benign=-6.079 vs attack=-7.466 (격차 1.387) | Youden J=0.564
[15:41:09] [ckpt] seed=12 저장 ✓ AUC=0.6744 MMD²=6.0213e-03 TV=0.5400 | 진행 13/16 (2282s)
[15:41:31]   [qcbm_bot seed 13] ep  299/300  MMD^2=1.24182e-02  |grad|=8.396e-06  (575.3s)
[15:41:31]   [qcbm_bot seed 13] 완료 MMD^2=1.2418e-02 TV=0.7026 |grad|_fin=8.396e-06 (575.3s)
[15:41:31] [qcbm_bot_s13 이상탐지] AUC=0.7207 | mean p(x): benign=1.311e-02 vs attack=2.080e-03 (배율 6.30x)
[15:41:31] [qcbm_bot_s13 이상탐지] mean log p(x): benign=-6.190 vs attack=-9.641 (격차 3.451) | Youden J=0.491
[15:41:31] [ckpt] seed=13 저장 ✓ AUC=0.7207 MMD²=1.2418e-02 TV=0.7026 | 진행 14/16 (2305s)
[15:41:43]   [qcbm_bot seed 14] ep  299/300  MMD^2=1.05024e-02  |grad|=1.904e-05  (575.7s)
[15:41:43]   [qcbm_bot seed 14] 완료 MMD^2=1.0502e-02 TV=0.6563 |grad|_fin=1.904e-05 (575.7s)
[15:41:43] [qcbm_bot_s14 이상탐지] AUC=0.6043 | mean p(x): benign=1.399e-02 vs attack=3.374e-03 (배율 4.15x)
[15:41:43] [qcbm_bot_s14 이상탐지] mean log p(x): benign=-5.788 vs attack=-6.471 (격차 0.684) | Youden J=0.407
[15:41:43] [ckpt] seed=14 저장 ✓ AUC=0.6043 MMD²=1.0502e-02 TV=0.6563 | 진행 15/16 (2317s)
[15:41:54]   [qcbm_bot seed 15] ep  299/300  MMD^2=9.58643e-03  |grad|=5.041e-06  (579.0s)
[15:41:54]   [qcbm_bot seed 15] 완료 MMD^2=9.5864e-03 TV=0.6357 |grad|_fin=5.041e-06 (579.1s)
[15:41:54] [qcbm_bot_s15 이상탐지] AUC=0.6773 | mean p(x): benign=1.675e-02 vs attack=1.002e-03 (배율 16.71x)
[15:41:54] [qcbm_bot_s15 이상탐지] mean log p(x): benign=-5.862 vs attack=-6.993 (격차 1.131) | Youden J=0.633
[15:41:54] [ckpt] seed=15 저장 ✓ AUC=0.6773 MMD²=9.5864e-03 TV=0.6357 | 진행 16/16 (2328s)
[15:41:54] [full] 학습 루프 종료 wall=2327.6s (0.65h)
[15:41:54] ==============================================================================
[15:41:54] [집계] 완료 restart=16/16 | best(최소MMD²) seed=7 MMD²=5.5769e-03 TV=0.4933 AUC=0.7458
[15:41:54] [AUC 분포] min=0.5235 median=0.6650 max=0.8167 std=0.0709
[15:41:54] [비교] marginal=0.2870 | emp_joint=0.8749 | QCBM best=0.7458 (상한근접 85.2%)
[15:41:54] [비교] marginal 초과 restart=16/16 | emp_joint 초과 restart=0/16
[15:41:54] 저장: results2/qcbm_bot.json , results2/qcbm_bot_restarts.npz
[15:42:03] [qcbm_bot 이상탐지] AUC=0.7458 | mean p(x): benign=2.413e-02 vs attack=3.259e-03 (배율 7.40x)
[15:42:03] [qcbm_bot 이상탐지] mean log p(x): benign=-6.101 vs attack=-9.469 (격차 3.368) | Youden J=0.576
[15:42:03] 그림 저장: results2/{train,dist,anomaly}_qcbm_bot.png
[15:42:03] DONE
