n=10 L=6 P=180 pert=0.5 loss=KL(EPS=1e-10) | 직전 pert0.5 best=0.087

=== 축1 restart↑ (2 seed @ 100ep) ===
  seed  0: KL=0.2399 (142s)
  seed  1: KL=1.1248 (142s)
  → best=0.2399 median=0.6823 max=1.1248 (직전 0.087 대비 정체/미개선)

=== 축2 epoch↑ 곡선 (1 seed @ 200ep, ckpt) ===
  seed 0 curve: {200: 0.1248}

=== 축3 지배모드 seed 일관성 (상위5) ===
  평균 Jaccard(상위5 겹침율)=0.429 | 반복 상태(빈도): [(517, 2), (812, 2), (1018, 2), (1, 1), (549, 1)]

[저장] results2/local_minima/local_minima_smoke.json | self-check pert0.5(2seed)=0.2399 (직전 0.087)
/home/elicer/IOTJ/qcbm/tools/exp_local_minima.py:155: UserWarning: Glyph 52629 (\N{HANGUL SYLLABLE CUG}) missing from font(s) DejaVu Sans.
  plt.tight_layout()
/home/elicer/IOTJ/qcbm/tools/exp_local_minima.py:155: UserWarning: Glyph 48516 (\N{HANGUL SYLLABLE BUN}) missing from font(s) DejaVu Sans.
  plt.tight_layout()
/home/elicer/IOTJ/qcbm/tools/exp_local_minima.py:155: UserWarning: Glyph 54252 (\N{HANGUL SYLLABLE PO}) missing from font(s) DejaVu Sans.
  plt.tight_layout()
/home/elicer/IOTJ/qcbm/tools/exp_local_minima.py:155: UserWarning: Glyph 51649 (\N{HANGUL SYLLABLE JIG}) missing from font(s) DejaVu Sans.
  plt.tight_layout()
/home/elicer/IOTJ/qcbm/tools/exp_local_minima.py:155: UserWarning: Glyph 51204 (\N{HANGUL SYLLABLE JEON}) missing from font(s) DejaVu Sans.
  plt.tight_layout()
/home/elicer/IOTJ/qcbm/tools/exp_local_minima.py:155: UserWarning: Glyph 49688 (\N{HANGUL SYLLABLE SU}) missing from font(s) DejaVu Sans.
  plt.tight_layout()
/home/elicer/IOTJ/qcbm/tools/exp_local_minima.py:155: UserWarning: Glyph 47156 (\N{HANGUL SYLLABLE RYEOM}) missing from font(s) DejaVu Sans.
  plt.tight_layout()
/home/elicer/IOTJ/qcbm/tools/exp_local_minima.py:155: UserWarning: Glyph 44257 (\N{HANGUL SYLLABLE GOG}) missing from font(s) DejaVu Sans.
  plt.tight_layout()
/home/elicer/IOTJ/qcbm/tools/exp_local_minima.py:155: UserWarning: Glyph 49440 (\N{HANGUL SYLLABLE SEON}) missing from font(s) DejaVu Sans.
  plt.tight_layout()
/home/elicer/IOTJ/qcbm/tools/exp_local_minima.py:155: UserWarning: Glyph 46321 (\N{HANGUL SYLLABLE DEUNG}) missing from font(s) DejaVu Sans.
  plt.tight_layout()
/home/elicer/IOTJ/qcbm/tools/exp_local_minima.py:155: UserWarning: Glyph 51109 (\N{HANGUL SYLLABLE JANG}) missing from font(s) DejaVu Sans.
  plt.tight_layout()
/home/elicer/IOTJ/qcbm/tools/exp_local_minima.py:155: UserWarning: Glyph 48712 (\N{HANGUL SYLLABLE BIN}) missing from font(s) DejaVu Sans.
  plt.tight_layout()
/home/elicer/IOTJ/qcbm/tools/exp_local_minima.py:155: UserWarning: Glyph 46020 (\N{HANGUL SYLLABLE DO}) missing from font(s) DejaVu Sans.
  plt.tight_layout()
/home/elicer/IOTJ/qcbm/tools/exp_local_minima.py:155: UserWarning: Glyph 48152 (\N{HANGUL SYLLABLE BAN}) missing from font(s) DejaVu Sans.
  plt.tight_layout()
/home/elicer/IOTJ/qcbm/tools/exp_local_minima.py:155: UserWarning: Glyph 48373 (\N{HANGUL SYLLABLE BOG}) missing from font(s) DejaVu Sans.
  plt.tight_layout()
/home/elicer/IOTJ/qcbm/tools/exp_local_minima.py:155: UserWarning: Glyph 51648 (\N{HANGUL SYLLABLE JI}) missing from font(s) DejaVu Sans.
  plt.tight_layout()
/home/elicer/IOTJ/qcbm/tools/exp_local_minima.py:155: UserWarning: Glyph 48176 (\N{HANGUL SYLLABLE BAE}) missing from font(s) DejaVu Sans.
  plt.tight_layout()
/home/elicer/IOTJ/qcbm/tools/exp_local_minima.py:155: UserWarning: Glyph 47784 (\N{HANGUL SYLLABLE MO}) missing from font(s) DejaVu Sans.
  plt.tight_layout()
/home/elicer/IOTJ/qcbm/tools/exp_local_minima.py:155: UserWarning: Glyph 46300 (\N{HANGUL SYLLABLE DEU}) missing from font(s) DejaVu Sans.
  plt.tight_layout()
/home/elicer/IOTJ/qcbm/tools/exp_local_minima.py:156: UserWarning: Glyph 52629 (\N{HANGUL SYLLABLE CUG}) missing from font(s) DejaVu Sans.
  plt.savefig(os.path.join(OUTDIR, "local_minima%s.png" % ("" if tag == "run" else "_" + tag)), dpi=120); plt.close()
/home/elicer/IOTJ/qcbm/tools/exp_local_minima.py:156: UserWarning: Glyph 48516 (\N{HANGUL SYLLABLE BUN}) missing from font(s) DejaVu Sans.
  plt.savefig(os.path.join(OUTDIR, "local_minima%s.png" % ("" if tag == "run" else "_" + tag)), dpi=120); plt.close()
/home/elicer/IOTJ/qcbm/tools/exp_local_minima.py:156: UserWarning: Glyph 54252 (\N{HANGUL SYLLABLE PO}) missing from font(s) DejaVu Sans.
  plt.savefig(os.path.join(OUTDIR, "local_minima%s.png" % ("" if tag == "run" else "_" + tag)), dpi=120); plt.close()
/home/elicer/IOTJ/qcbm/tools/exp_local_minima.py:156: UserWarning: Glyph 51649 (\N{HANGUL SYLLABLE JIG}) missing from font(s) DejaVu Sans.
  plt.savefig(os.path.join(OUTDIR, "local_minima%s.png" % ("" if tag == "run" else "_" + tag)), dpi=120); plt.close()
/home/elicer/IOTJ/qcbm/tools/exp_local_minima.py:156: UserWarning: Glyph 51204 (\N{HANGUL SYLLABLE JEON}) missing from font(s) DejaVu Sans.
  plt.savefig(os.path.join(OUTDIR, "local_minima%s.png" % ("" if tag == "run" else "_" + tag)), dpi=120); plt.close()
/home/elicer/IOTJ/qcbm/tools/exp_local_minima.py:156: UserWarning: Glyph 49688 (\N{HANGUL SYLLABLE SU}) missing from font(s) DejaVu Sans.
  plt.savefig(os.path.join(OUTDIR, "local_minima%s.png" % ("" if tag == "run" else "_" + tag)), dpi=120); plt.close()
/home/elicer/IOTJ/qcbm/tools/exp_local_minima.py:156: UserWarning: Glyph 47156 (\N{HANGUL SYLLABLE RYEOM}) missing from font(s) DejaVu Sans.
  plt.savefig(os.path.join(OUTDIR, "local_minima%s.png" % ("" if tag == "run" else "_" + tag)), dpi=120); plt.close()
/home/elicer/IOTJ/qcbm/tools/exp_local_minima.py:156: UserWarning: Glyph 44257 (\N{HANGUL SYLLABLE GOG}) missing from font(s) DejaVu Sans.
  plt.savefig(os.path.join(OUTDIR, "local_minima%s.png" % ("" if tag == "run" else "_" + tag)), dpi=120); plt.close()
/home/elicer/IOTJ/qcbm/tools/exp_local_minima.py:156: UserWarning: Glyph 49440 (\N{HANGUL SYLLABLE SEON}) missing from font(s) DejaVu Sans.
  plt.savefig(os.path.join(OUTDIR, "local_minima%s.png" % ("" if tag == "run" else "_" + tag)), dpi=120); plt.close()
/home/elicer/IOTJ/qcbm/tools/exp_local_minima.py:156: UserWarning: Glyph 46321 (\N{HANGUL SYLLABLE DEUNG}) missing from font(s) DejaVu Sans.
  plt.savefig(os.path.join(OUTDIR, "local_minima%s.png" % ("" if tag == "run" else "_" + tag)), dpi=120); plt.close()
/home/elicer/IOTJ/qcbm/tools/exp_local_minima.py:156: UserWarning: Glyph 51109 (\N{HANGUL SYLLABLE JANG}) missing from font(s) DejaVu Sans.
  plt.savefig(os.path.join(OUTDIR, "local_minima%s.png" % ("" if tag == "run" else "_" + tag)), dpi=120); plt.close()
/home/elicer/IOTJ/qcbm/tools/exp_local_minima.py:156: UserWarning: Glyph 48712 (\N{HANGUL SYLLABLE BIN}) missing from font(s) DejaVu Sans.
  plt.savefig(os.path.join(OUTDIR, "local_minima%s.png" % ("" if tag == "run" else "_" + tag)), dpi=120); plt.close()
/home/elicer/IOTJ/qcbm/tools/exp_local_minima.py:156: UserWarning: Glyph 46020 (\N{HANGUL SYLLABLE DO}) missing from font(s) DejaVu Sans.
  plt.savefig(os.path.join(OUTDIR, "local_minima%s.png" % ("" if tag == "run" else "_" + tag)), dpi=120); plt.close()
/home/elicer/IOTJ/qcbm/tools/exp_local_minima.py:156: UserWarning: Glyph 48152 (\N{HANGUL SYLLABLE BAN}) missing from font(s) DejaVu Sans.
  plt.savefig(os.path.join(OUTDIR, "local_minima%s.png" % ("" if tag == "run" else "_" + tag)), dpi=120); plt.close()
/home/elicer/IOTJ/qcbm/tools/exp_local_minima.py:156: UserWarning: Glyph 48373 (\N{HANGUL SYLLABLE BOG}) missing from font(s) DejaVu Sans.
  plt.savefig(os.path.join(OUTDIR, "local_minima%s.png" % ("" if tag == "run" else "_" + tag)), dpi=120); plt.close()
/home/elicer/IOTJ/qcbm/tools/exp_local_minima.py:156: UserWarning: Glyph 51648 (\N{HANGUL SYLLABLE JI}) missing from font(s) DejaVu Sans.
  plt.savefig(os.path.join(OUTDIR, "local_minima%s.png" % ("" if tag == "run" else "_" + tag)), dpi=120); plt.close()
/home/elicer/IOTJ/qcbm/tools/exp_local_minima.py:156: UserWarning: Glyph 48176 (\N{HANGUL SYLLABLE BAE}) missing from font(s) DejaVu Sans.
  plt.savefig(os.path.join(OUTDIR, "local_minima%s.png" % ("" if tag == "run" else "_" + tag)), dpi=120); plt.close()
/home/elicer/IOTJ/qcbm/tools/exp_local_minima.py:156: UserWarning: Glyph 47784 (\N{HANGUL SYLLABLE MO}) missing from font(s) DejaVu Sans.
  plt.savefig(os.path.join(OUTDIR, "local_minima%s.png" % ("" if tag == "run" else "_" + tag)), dpi=120); plt.close()
/home/elicer/IOTJ/qcbm/tools/exp_local_minima.py:156: UserWarning: Glyph 46300 (\N{HANGUL SYLLABLE DEU}) missing from font(s) DejaVu Sans.
  plt.savefig(os.path.join(OUTDIR, "local_minima%s.png" % ("" if tag == "run" else "_" + tag)), dpi=120); plt.close()
[저장] local_minima png
